03-19 15:34:24.466 17114 17136 D UE4     : [2019.03.19-15.34.24:466][  0]LogRHI:   GL_OES_vertex_half_float
03-19 15:34:24.466 17114 17136 D UE4     : [2019.03.19-15.34.24:466][  0]LogRHI:   GL_OES_framebuffer_object
03-19 15:34:24.466 17114 17136 D UE4     : [2019.03.19-15.34.24:466][  0]LogRHI:   GL_OES_rgb8_rgba8
03-19 15:34:24.466 17114 17136 D UE4     : [2019.03.19-15.34.24:466][  0]LogRHI:   GL_OES_compressed_ETC1_RGB8_texture
03-19 15:34:24.466 17114 17136 D UE4     : [2019.03.19-15.34.24:466][  0]LogRHI:   GL_AMD_compressed_ATC_texture
03-19 15:34:24.466 17114 17136 D UE4     : [2019.03.19-15.34.24:466][  0]LogRHI:   GL_KHR_texture_compression_astc_ldr
03-19 15:34:24.466 17114 17136 D UE4     : [2019.03.19-15.34.24:466][  0]LogRHI:   GL_KHR_texture_compression_astc_hdr
03-19 15:34:24.466 17114 17136 D UE4     : [2019.03.19-15.34.24:466][  0]LogRHI:   GL_OES_texture_compression_astc
03-19 15:34:24.466 17114 17136 D UE4     : [2019.03.19-15.34.24:466][  0]LogRHI:   GL_OES_texture_npot
03-19 15:34:24.466 17114 17136 D UE4     : [2019.03.19-15.34.24:466][  0]LogRHI:   GL_EXT_texture_filter_anisotropic
03-19 15:34:24.467 17114 17136 D UE4     : [2019.03.19-15.34.24:467][  0]LogRHI:   GL_EXT_texture_format_BGRA8888
03-19 15:34:24.467 17114 17136 D UE4     : [2019.03.19-15.34.24:467][  0]LogRHI:   GL_OES_texture_3D
03-19 15:34:24.467 17114 17136 D UE4     : [2019.03.19-15.34.24:467][  0]LogRHI:   GL_EXT_color_buffer_float
03-19 15:34:24.467 17114 17136 D UE4     : [2019.03.19-15.34.24:467][  0]LogRHI:   GL_EXT_color_buffer_half_float
03-19 15:34:24.467 17114 17136 D UE4     : [2019.03.19-15.34.24:467][  0]LogRHI:   GL_QCOM_alpha_test
03-19 15:34:24.467 17114 17136 D UE4     : [2019.03.19-15.34.24:467][  0]LogRHI:   GL_OES_depth24
03-19 15:34:24.467 17114 17136 D UE4     : [2019.03.19-15.34.24:467][  0]LogRHI:   GL_OES_packed_depth_stencil
03-19 15:34:24.467 17114 17136 D UE4     : [2019.03.19-15.34.24:467][  0]LogRHI:   GL_OES_depth_texture
03-19 15:34:24.467 17114 17136 D UE4     : [2019.03.19-15.34.24:467][  0]LogRHI:   GL_OES_depth_texture_cube_map
03-19 15:34:24.467 17114 17136 D UE4     : [2019.03.19-15.34.24:467][  0]LogRHI:   GL_EXT_sRGB
03-19 15:34:24.467 17114 17136 D UE4     : [2019.03.19-15.34.24:467][  0]LogRHI:   GL_OES_texture_float
03-19 15:34:24.467 17114 17136 D UE4     : [2019.03.19-15.34.24:467][  0]LogRHI:   GL_OES_texture_float_linear
03-19 15:34:24.467 17114 17136 D UE4     : [2019.03.19-15.34.24:467][  0]LogRHI:   GL_OES_texture_half_float
03-19 15:34:24.467 17114 17136 D UE4     : [2019.03.19-15.34.24:467][  0]LogRHI:   GL_OES_texture_half_float_linear
03-19 15:34:24.467 17114 17136 D UE4     : [2019.03.19-15.34.24:467][  0]LogRHI:   GL_EXT_texture_type_2_10_10_10_REV
03-19 15:34:24.467 17114 17136 D UE4     : [2019.03.19-15.34.24:467][  0]LogRHI:   GL_EXT_texture_sRGB_decode
03-19 15:34:24.467 17114 17136 D UE4     : [2019.03.19-15.34.24:467][  0]LogRHI:   GL_EXT_texture_format_sRGB_override
03-19 15:34:24.467 17114 17136 D UE4     : [2019.03.19-15.34.24:467][  0]LogRHI:   GL_OES_element_index_uint
03-19 15:34:24.467 17114 17136 D UE4     : [2019.03.19-15.34.24:467][  0]LogRHI:   GL_EXT_copy_image
03-19 15:34:24.467 17114 17136 D UE4     : [2019.03.19-15.34.24:467][  0]LogRHI:   GL_EXT_geometry_shader
03-19 15:34:24.467 17114 17136 D UE4     : [2019.03.19-15.34.24:467][  0]LogRHI:   GL_EXT_tessellation_shader
03-19 15:34:24.467 17114 17136 D UE4     : [2019.03.19-15.34.24:467][  0]LogRHI:   GL_OES_texture_stencil8
03-19 15:34:24.467 17114 17136 D UE4     : [2019.03.19-15.34.24:467][  0]LogRHI:   GL_EXT_shader_io_blocks
03-19 15:34:24.467 17114 17136 D UE4     : [2019.03.19-15.34.24:467][  0]LogRHI:   GL_OES_shader_image_atomic
03-19 15:34:24.467 17114 17136 D UE4     : [2019.03.19-15.34.24:467][  0]LogRHI:   GL_OES_sample_variables
03-19 15:34:24.467 17114 17136 D UE4     : [2019.03.19-15.34.24:467][  0]LogRHI:   GL_EXT_texture_border_clamp
03-19 15:34:24.468 17114 17136 D UE4     : [2019.03.19-15.34.24:468][  0]LogRHI:   GL_EXT_multisampled_render_to_texture
03-19 15:34:24.468 17114 17136 D UE4     : [2019.03.19-15.34.24:468][  0]LogRHI:   GL_EXT_multisampled_render_to_texture2
03-19 15:34:24.468 17114 17136 D UE4     : [2019.03.19-15.34.24:468][  0]LogRHI:   GL_OES_shader_multisample_interpolation
03-19 15:34:24.468 17114 17136 D UE4     : [2019.03.19-15.34.24:468][  0]LogRHI:   GL_EXT_texture_cube_map_array
03-19 15:34:24.468 17114 17136 D UE4     : [2019.03.19-15.34.24:468][  0]LogRHI:   GL_EXT_draw_buffers_indexed
03-19 15:34:24.468 17114 17136 D UE4     : [2019.03.19-15.34.24:468][  0]LogRHI:   GL_EXT_gpu_shader5
03-19 15:34:24.468 17114 17136 D UE4     : [2019.03.19-15.34.24:468][  0]LogRHI:   GL_EXT_robustness
03-19 15:34:24.468 17114 17136 D UE4     : [2019.03.19-15.34.24:468][  0]LogRHI:   GL_EXT_texture_buffer
03-19 15:34:24.468 17114 17136 D UE4     : [2019.03.19-15.34.24:468][  0]LogRHI:   GL_EXT_shader_framebuffer_fetch
03-19 15:34:24.468 17114 17136 D UE4     : [2019.03.19-15.34.24:468][  0]LogRHI:   GL_ARM_shader_framebuffer_fetch_depth_stencil
03-19 15:34:24.468 17114 17136 D UE4     : [2019.03.19-15.34.24:468][  0]LogRHI:   GL_OES_texture_storage_multisample_2d_array
03-19 15:34:24.468 17114 17136 D UE4     : [2019.03.19-15.34.24:468][  0]LogRHI:   GL_OES_sample_shading
03-19 15:34:24.468 17114 17136 D UE4     : [2019.03.19-15.34.24:468][  0]LogRHI:   GL_OES_get_program_binary
03-19 15:34:24.468 17114 17136 D UE4     : [2019.03.19-15.34.24:468][  0]LogRHI:   GL_EXT_debug_label
03-19 15:34:24.468 17114 17136 D UE4     : [2019.03.19-15.34.24:468][  0]LogRHI:   GL_KHR_blend_equation_advanced
03-19 15:34:24.468 17114 17136 D UE4     : [2019.03.19-15.34.24:468][  0]LogRHI:   GL_KHR_blend_equation_advanced_coherent
03-19 15:34:24.468 17114 17136 D UE4     : [2019.03.19-15.34.24:468][  0]LogRHI:   GL_QCOM_tiled_rendering
03-19 15:34:24.468 17114 17136 D UE4     : [2019.03.19-15.34.24:468][  0]LogRHI:   GL_ANDROID_extension_pack_es31a
03-19 15:34:24.468 17114 17136 D UE4     : [2019.03.19-15.34.24:468][  0]LogRHI:   GL_EXT_primitive_bounding_box
03-19 15:34:24.468 17114 17136 D UE4     : [2019.03.19-15.34.24:468][  0]LogRHI:   GL_OES_standard_derivatives
03-19 15:34:24.468 17114 17136 D UE4     : [2019.03.19-15.34.24:468][  0]LogRHI:   GL_OES_vertex_array_object
03-19 15:34:24.468 17114 17136 D UE4     : [2019.03.19-15.34.24:468][  0]LogRHI:   GL_EXT_disjoint_timer_query
03-19 15:34:24.468 17114 17136 D UE4     : [2019.03.19-15.34.24:468][  0]LogRHI:   GL_KHR_debug
03-19 15:34:24.468 17114 17136 D UE4     : [2019.03.19-15.34.24:468][  0]LogRHI:   GL_EXT_YUV_target
03-19 15:34:24.468 17114 17136 D UE4     : [2019.03.19-15.34.24:468][  0]LogRHI:   GL_EXT_sRGB_write_control
03-19 15:34:24.468 17114 17136 D UE4     : [2019.03.19-15.34.24:468][  0]LogRHI:   GL_EXT_texture_norm16
03-19 15:34:24.469 17114 17136 D UE4     : [2019.03.19-15.34.24:468][  0]LogRHI:   GL_EXT_discard_framebuffer
03-19 15:34:24.469 17114 17136 D UE4     : [2019.03.19-15.34.24:469][  0]LogRHI:   GL_OES_surfaceless_context
03-19 15:34:24.469 17114 17136 D UE4     : [2019.03.19-15.34.24:469][  0]LogRHI:   GL_OVR_multiview
03-19 15:34:24.469 17114 17136 D UE4     : [2019.03.19-15.34.24:469][  0]LogRHI:   GL_OVR_multiview2
03-19 15:34:24.469 17114 17136 D UE4     : [2019.03.19-15.34.24:469][  0]LogRHI:   GL_EXT_texture_sRGB_R8
03-19 15:34:24.469 17114 17136 D UE4     : [2019.03.19-15.34.24:469][  0]LogRHI:   GL_KHR_no_error
03-19 15:34:24.469 17114 17136 D UE4     : [2019.03.19-15.34.24:469][  0]LogRHI:   GL_EXT_debug_marker
03-19 15:34:24.469 17114 17136 D UE4     : [2019.03.19-15.34.24:469][  0]LogRHI:   GL_OES_EGL_image_external_essl3
03-19 15:34:24.469 17114 17136 D UE4     : [2019.03.19-15.34.24:469][  0]LogRHI:   GL_OVR_multiview_multisampled_render_to_texture
03-19 15:34:24.469 17114 17136 D UE4     : [2019.03.19-15.34.24:469][  0]LogRHI:   GL_EXT_buffer_storage
03-19 15:34:24.469 17114 17136 D UE4     : [2019.03.19-15.34.24:469][  0]LogRHI:   GL_EXT_external_buffer
03-19 15:34:24.469 17114 17136 D UE4     : [2019.03.19-15.34.24:469][  0]LogRHI:   GL_EXT_blit_framebuffer_params
03-19 15:34:24.469 17114 17136 D UE4     : [2019.03.19-15.34.24:469][  0]LogRHI:   GL_EXT_clip_cull_distance
03-19 15:34:24.469 17114 17136 D UE4     : [2019.03.19-15.34.24:469][  0]LogRHI:   GL_EXT_protected_textures
03-19 15:34:24.469 17114 17136 D UE4     : [2019.03.19-15.34.24:469][  0]LogRHI:   GL_EXT_shader_non_constant_global_initializers
03-19 15:34:24.469 17114 17136 D UE4     : [2019.03.19-15.34.24:469][  0]LogRHI:   GL_QCOM_texture_foveated
03-19 15:34:24.469 17114 17136 D UE4     : [2019.03.19-15.34.24:469][  0]LogRHI:   GL_QCOM_shader_framebuffer_fetch_noncoherent
03-19 15:34:24.469 17114 17136 D UE4     : [2019.03.19-15.34.24:469][  0]LogRHI:   GL_EXT_memory_object
03-19 15:34:24.469 17114 17136 D UE4     : [2019.03.19-15.34.24:469][  0]LogRHI:   GL_EXT_memory_object_fd
03-19 15:34:24.469 17114 17136 D UE4     : [2019.03.19-15.34.24:469][  0]LogRHI:   GL_EXT_EGL_image_array
03-19 15:34:24.469 17114 17136 D UE4     : [2019.03.19-15.34.24:469][  0]LogRHI:   GL_NV_shader_noperspective_interpolation
03-19 15:34:24.469 17114 17136 D UE4     : [2019.03.19-15.34.24:469][  0]LogRHI:   GL_KHR_robust_buffer_access_behavior
03-19 15:34:24.469 17114 17136 D UE4     : [2019.03.19-15.34.24:469][  0]LogRHI:   GL_EXT_EGL_image_storage
03-19 15:34:24.469 17114 17136 D UE4     : [2019.03.19-15.34.24:469][  0]LogRHI:   GL_EXT_blend_func_extended
03-19 15:34:24.469 17114 17136 D UE4     : [2019.03.19-15.34.24:469][  0]LogRHI:   GL_EXT_clip_control
03-19 15:34:24.469 17114 17136 D UE4     : [2019.03.19-15.34.24:469][  0]LogRHI:   GL_MAX_VERTEX_ATTRIBS: 32
03-19 15:34:24.469 17114 17136 D UE4     : [2019.03.19-15.34.24:469][  0]LogRHI:   GL_MAX_VARYING_VECTORS: 31
03-19 15:34:24.470 17114 17136 D UE4     : [2019.03.19-15.34.24:470][  0]LogRHI:   GL_MAX_VERTEX_UNIFORM_VECTORS: 256
03-19 15:34:24.470 17114 17136 D UE4     : [2019.03.19-15.34.24:470][  0]LogRHI:   GL_MAX_FRAGMENT_UNIFORM_VECTORS: 256
03-19 15:34:24.470 17114 17136 D UE4     : [2019.03.19-15.34.24:470][  0]LogRHI: Fragment shader lowp precision: 10
03-19 15:34:24.470 17114 17136 D UE4     : [2019.03.19-15.34.24:470][  0]LogRHI: Fragment shader mediump precision: 10
03-19 15:34:24.470 17114 17136 D UE4     : [2019.03.19-15.34.24:470][  0]LogRHI: Fragment shader highp precision: 23
03-19 15:34:24.470 17114 17136 D UE4     : [2019.03.19-15.34.24:470][  0]LogRHI: Support for 4x MSAA detected
03-19 15:34:24.470 17114 17136 D UE4     : [2019.03.19-15.34.24:470][  0]LogRHI: Image external enabled: ImageExternalESSL300
03-19 15:34:24.470 17114 17136 D UE4     : [2019.03.19-15.34.24:470][  0]LogRHI: Device supports mobile multi-view.
03-19 15:34:24.470 17114 17136 D UE4     : [2019.03.19-15.34.24:470][  0]LogRHI:   GL_MAX_TEXTURE_SIZE: 16384
03-19 15:34:24.470 17114 17136 D UE4     : [2019.03.19-15.34.24:470][  0]LogRHI:   GL_MAX_CUBE_MAP_TEXTURE_SIZE: 16384
03-19 15:34:24.470 17114 17136 D UE4     : [2019.03.19-15.34.24:470][  0]LogRHI:   GL_MAX_ARRAY_TEXTURE_LAYERS: 2048
03-19 15:34:24.470 17114 17136 D UE4     : [2019.03.19-15.34.24:470][  0]LogRHI:   GL_MAX_RENDERBUFFER_SIZE: 16384
03-19 15:34:24.470 17114 17136 D UE4     : [2019.03.19-15.34.24:470][  0]LogRHI:   GL_MAX_TEXTURE_IMAGE_UNITS: 16
03-19 15:34:24.470 17114 17136 D UE4     : [2019.03.19-15.34.24:470][  0]LogRHI:   GL_MAX_DRAW_BUFFERS: 8
03-19 15:34:24.470 17114 17136 D UE4     : [2019.03.19-15.34.24:470][  0]LogRHI:   GL_MAX_COLOR_ATTACHMENTS: 1
03-19 15:34:24.470 17114 17136 D UE4     : [2019.03.19-15.34.24:470][  0]LogRHI:   GL_MAX_SAMPLES: 1
03-19 15:34:24.470 17114 17136 D UE4     : [2019.03.19-15.34.24:470][  0]LogRHI:   GL_MAX_COLOR_TEXTURE_SAMPLES: 1
03-19 15:34:24.470 17114 17136 D UE4     : [2019.03.19-15.34.24:470][  0]LogRHI:   GL_MAX_DEPTH_TEXTURE_SAMPLES: 1
03-19 15:34:24.470 17114 17136 D UE4     : [2019.03.19-15.34.24:470][  0]LogRHI:   GL_MAX_INTEGER_SAMPLES: 1
03-19 15:34:24.470 17114 17136 D UE4     : [2019.03.19-15.34.24:470][  0]LogRHI:   GL_MAX_COMBINED_TEXTURE_IMAGE_UNITS: 96
03-19 15:34:24.470 17114 17136 D UE4     : [2019.03.19-15.34.24:470][  0]LogRHI:   GL_MAX_VERTEX_ATTRIBS: 32
03-19 15:34:24.470 17114 17136 D UE4     : [2019.03.19-15.34.24:470][  0]LogRHI:   GL_MAX_TEXTURE_MAX_ANISOTROPY_EXT: 16
03-19 15:34:24.470 17114 17136 D UE4     : [2019.03.19-15.34.24:470][  0]LogRHI: OpenGL MajorVersion = 2, MinorVersion = 0, ShaderPlatform = GLSL_ES2, FeatureLevel = ES2
03-19 15:34:24.470 17114 17136 D UE4     : [2019.03.19-15.34.24:470][  0]LogRHI: PLATFORM_ANDROID
03-19 15:34:24.471 17114 17136 D UE4     : [2019.03.19-15.34.24:470][  0]LogRHI: Display: Testing for shader compiler compatibility
03-19 15:34:24.471 17114 17136 D UE4     : [2019.03.19-15.34.24:471][  0]LogRHI: Display: Shaders compile fine no need to enable hacks
03-19 15:34:24.471 17114 17136 D UE4     : [2019.03.19-15.34.24:471][  0]LogRHI: Display: Testing for round() function availability
03-19 15:34:24.471 17114 17136 D UE4     : [2019.03.19-15.34.24:471][  0]LogRHI: Warning: Disabling the need for the round() function hack
03-19 15:34:24.471 17114 17136 D UE4     : [2019.03.19-15.34.24:471][  0]LogMaterial: Verifying Global Shaders for GLSL_ES2
03-19 15:34:24.471 17114 17136 D UE4     : [2019.03.19-15.34.24:471][  0]LogSlate: Using Freetype 2.4.12
03-19 15:34:24.471 17114 17136 D UE4     : [2019.03.19-15.34.24:471][  0]LogSlate: SlateFontCache - WITH_FREETYPE: 1, WITH_HARFBUZZ: 1
03-19 15:34:24.471 17114 17136 D UE4     : [2019.03.19-15.34.24:471][  0]LogSlate: SlateFontCache - WITH_FREETYPE: 1, WITH_HARFBUZZ: 1
03-19 15:34:24.471 17114 17136 D UE4     : [2019.03.19-15.34.24:471][  0]LogAssetRegistry: FAssetRegistry took 0.0325 seconds to start up
03-19 15:34:24.471 17114 17136 D UE4     : [2019.03.19-15.34.24:471][  0]LogPackageLocalizationCache: Processed 9 localized package path(s) for 1 prioritized culture(s) in 0.011260 seconds
03-19 15:34:24.471 17114 17136 D UE4     : [2019.03.19-15.34.24:471][  0]LogNetVersion: RiseOfXeru , NetCL: 3944462, EngineNetVer: 2, GameNetVer: 0 (Checksum: 3116531201)
03-19 15:34:24.471 17114 17136 D UE4     : [2019.03.19-15.34.24:471][  0]LogMoviePlayer: Initializing movie player
03-19 15:34:24.499 17114 17136 D UE4     : LogAndroid: Display: Passed PreInit()
03-19 15:34:24.499 17114 17136 D UE4     : 
03-19 15:34:24.499 17114 17136 D UE4     : [2019.03.19-15.34.24:499][  0]LogUdpMessaging: Initializing bridge on interface 0.0.0.0:0 to multicast group 230.0.0.1:6666.
03-19 15:34:24.499 17114 17136 D UE4     : [2019.03.19-15.34.24:499][  0]LogTcpMessaging: Initializing TcpMessaging bridge, listening on 127.0.0.1:6666
03-19 15:34:24.499 17114 17136 D UE4     : [2019.03.19-15.34.24:499][  0]LogAndroidPermission: UAndroidPermissionCallbackProxy::GetInstance
03-19 15:34:24.499 17114 17136 D UE4     : [2019.03.19-15.34.24:499][  0]LogOcInput: OculusInput pre-init called
03-19 15:34:24.499 17114 17136 D UE4     : [2019.03.19-15.34.24:499][  0]LogUObjectArray: 31822 objects as part of root set at end of initial load.
03-19 15:34:24.500 17114 17136 D UE4     : [2019.03.19-15.34.24:500][  0]LogUObjectAllocator: 4264712 out of 0 bytes used by permanent object pool.
03-19 15:34:24.500 17114 17136 D UE4     : [2019.03.19-15.34.24:500][  0]LogUObjectArray: CloseDisregardForGC: 0/0 objects in disregard for GC pool
03-19 15:34:24.500 17114 17136 D UE4     : [2019.03.19-15.34.24:500][  0]LogAndroid: Display: Passed PreInit()
03-19 15:34:24.500 17114 17136 D UE4     : [2019.03.19-15.34.24:500][  0]LogEngine: Initializing Engine...
03-19 15:34:24.503 17114 17136 D UE4     : [2019.03.19-15.34.24:503][  0]LogStats: UGameplayTagsManager::ConstructGameplayTagTree: Construct from data asset -  0.000 s
03-19 15:34:24.503 17114 17136 D UE4     : [2019.03.19-15.34.24:503][  0]LogStats: UGameplayTagsManager::ConstructGameplayTagTree: GameplayTagTreeChangedEvent.Broadcast -  0.000 s
03-19 15:34:24.526 17114 17136 D UE4     : LogAndroidAudio: Warning: SL Entered Init HW
03-19 15:34:24.526 17114 17136 D UE4     : 
03-19 15:34:24.526 17114 17136 D UE4     : [2019.03.19-15.34.24:526][  0]LogAndroidAudio: Warning: SL Entered Init HW
03-19 15:34:24.526 17114 17136 D UE4     : LogAndroidAudio: Warning: OpenSLES Initializing HW
03-19 15:34:24.526 17114 17136 D UE4     : 
03-19 15:34:24.526 17114 17136 D UE4     : [2019.03.19-15.34.24:526][  0]LogAndroidAudio: Warning: OpenSLES Initializing HW
03-19 15:34:24.527 17114 17136 D UE4     : LogAndroidAudio: Warning: OpenSLES Initialized
03-19 15:34:24.527 17114 17136 D UE4     : 
03-19 15:34:24.527 17114 17136 D UE4     : [2019.03.19-15.34.24:527][  0]LogAndroidAudio: Warning: OpenSLES Initialized
03-19 15:34:24.527 17114 17136 D UE4     : LogAndroidAudio: Warning: OpenSLAudioDevice: Allocated 12 sources
03-19 15:34:24.527 17114 17136 D UE4     : 
03-19 15:34:24.527 17114 17136 D UE4     : [2019.03.19-15.34.24:527][  0]LogAndroidAudio: Warning: OpenSLAudioDevice: Allocated 12 sources
03-19 15:34:24.527 17114 17136 D UE4     : [2019.03.19-15.34.24:527][  0]LogInit: FAudioDevice initialized.
03-19 15:34:24.527 17114 17136 D UE4     : LogAudio: Warning: Can't increase channels past starting number!
03-19 15:34:24.527 17114 17136 D UE4     : 
03-19 15:34:24.527 17114 17136 D UE4     : [2019.03.19-15.34.24:527][  0]LogAudio: Warning: Can't increase channels past starting number!
03-19 15:34:24.528 17114 17136 D UE4     : [2019.03.19-15.34.24:528][  0]LogInit: Texture streaming: Enabled
03-19 15:34:24.528 17114 17136 D UE4     : LogOnline: Warning: FOnlineSubsystemGooglePlayModule was disabled
03-19 15:34:24.528 17114 17136 D UE4     : 
03-19 15:34:24.528 17114 17136 D UE4     : [2019.03.19-15.34.24:528][  0]LogOnline: Warning: FOnlineSubsystemGooglePlayModule was disabled
03-19 15:34:24.605 17114 17136 D UE4     : LogAudio: Warning: Can't increase channels past starting number!
03-19 15:34:24.605 17114 17136 D UE4     : 
03-19 15:34:24.605 17114 17136 D UE4     : [2019.03.19-15.34.24:605][  0]LogAudio: Warning: Can't increase channels past starting number!
03-19 15:34:24.609 17114 17136 D UE4     : LogInit: Display: Game Engine Initialized.
03-19 15:34:24.609 17114 17136 D UE4     : 
03-19 15:34:24.609 17114 17136 D UE4     : [2019.03.19-15.34.24:609][  0]LogInit: Display: Game Engine Initialized.
03-19 15:34:24.609 17114 17136 D UE4     : LogGameplayTags: Display: UGameplayTagsManager::DoneAddingNativeTags. DelegateIsBound: 0
03-19 15:34:24.609 17114 17136 D UE4     : 
03-19 15:34:24.609 17114 17136 D UE4     : [2019.03.19-15.34.24:609][  0]LogGameplayTags: Display: UGameplayTagsManager::DoneAddingNativeTags. DelegateIsBound: 0
03-19 15:34:24.609 17114 17136 D UE4     : [2019.03.19-15.34.24:609][  0]LogStats: UGameplayTagsManager::ConstructGameplayTagTree: Construct from data asset -  0.000 s
03-19 15:34:24.609 17114 17136 D UE4     : [2019.03.19-15.34.24:609][  0]LogStats: UGameplayTagsManager::ConstructGameplayTagTree: GameplayTagTreeChangedEvent.Broadcast -  0.000 s
03-19 15:34:24.637 17114 17136 D UE4     : LogInit: Display: Starting Game.
03-19 15:34:24.637 17114 17136 D UE4     : 
03-19 15:34:24.637 17114 17136 D UE4     : [2019.03.19-15.34.24:637][  0]LogInit: Display: Starting Game.
03-19 15:34:24.637 17114 17136 D UE4     : [2019.03.19-15.34.24:637][  0]LogNet: Browse: /Game/Game/Maps/MainMenu?Name=Player
03-19 15:34:24.637 17114 17136 D UE4     : [2019.03.19-15.34.24:637][  0]LogLoad: LoadMap: /Game/Game/Maps/MainMenu?Name=Player
03-19 15:34:24.709 17114 17136 D UE4     : [2019.03.19-15.34.24:709][  0]LogAIModule: Creating AISystem for world MainMenu
03-19 15:34:24.712 17114 17136 D UE4     : [2019.03.19-15.34.24:712][  0]LogLoad: Game class is 'ROXGameMode_C'
03-19 15:34:24.714 17114 17136 D UE4     : [2019.03.19-15.34.24:714][  0]LogWorld: Bringing World /Game/Game/Maps/MainMenu.MainMenu up for play (max tick rate 0) at 2019.03.19-15.34.24
03-19 15:34:24.715 17114 17136 D UE4     : [2019.03.19-15.34.24:715][  0]LogWorld: Bringing up level for play took: 0.002029
03-19 15:34:24.715 17114 17136 D UE4     : LogOnline: Warning: FOnlineSubsystemGooglePlayModule was disabled
03-19 15:34:24.715 17114 17136 D UE4     : 
03-19 15:34:24.715 17114 17136 D UE4     : [2019.03.19-15.34.24:715][  0]LogOnline: Warning: FOnlineSubsystemGooglePlayModule was disabled
03-19 15:34:24.716 17114 17136 D UE4     : [2019.03.19-15.34.24:716][  0]LogGameMode: FindPlayerStart: PATHS NOT DEFINED or NO PLAYERSTART with positive rating
03-19 15:34:24.720 17114 17136 D UE4     : LogGameMode: Display: Match State Changed from EnteringMap to WaitingToStart
03-19 15:34:24.720 17114 17136 D UE4     : 
03-19 15:34:24.720 17114 17136 D UE4     : [2019.03.19-15.34.24:720][  0]LogGameMode: Display: Match State Changed from EnteringMap to WaitingToStart
03-19 15:34:24.720 17114 17136 D UE4     : [2019.03.19-15.34.24:720][  0]LogGameState: Match State Changed from EnteringMap to WaitingToStart
03-19 15:34:24.720 17114 17136 D UE4     : LogGameMode: Display: Match State Changed from WaitingToStart to InProgress
03-19 15:34:24.720 17114 17136 D UE4     : 
03-19 15:34:24.720 17114 17136 D UE4     : [2019.03.19-15.34.24:720][  0]LogGameMode: Display: Match State Changed from WaitingToStart to InProgress
03-19 15:34:24.721 17114 17136 D UE4     : LogUMG: Display: Widget Class MainMenu_BP_C - Loaded Fast Template.
03-19 15:34:24.721 17114 17136 D UE4     : 
03-19 15:34:24.721 17114 17136 D UE4     : [2019.03.19-15.34.24:721][  0]LogUMG: Display: Widget Class MainMenu_BP_C - Loaded Fast Template.
03-19 15:34:24.725 17114 17136 D UE4     : [2019.03.19-15.34.24:725][  0]LogGameState: Match State Changed from WaitingToStart to InProgress
03-19 15:34:24.725 17114 17136 D UE4     : [2019.03.19-15.34.24:725][  0]LogLoad: Took 0.087743 seconds to LoadMap(/Game/Game/Maps/MainMenu)
03-19 15:34:24.726 17114 17136 D UE4     : [2019.03.19-15.34.24:726][  0]LogSlate: Took 0.000155 seconds to synchronously load lazily loaded font '../../../RiseOfXeru/Content/Game/Fonts/TitleTextFont.ufont' (27K)
03-19 15:34:24.727 17114 17136 D UE4     : [2019.03.19-15.34.24:727][  0]LogSlate: Took 0.000305 seconds to synchronously load lazily loaded font '../../../Engine/Content/EngineFonts/Faces/RobotoBold.ufont' (160K)
03-19 15:34:24.730 17114 17136 D UE4     : [2019.03.19-15.34.24:730][  0]LogSlate: Took 0.000148 seconds to synchronously load lazily loaded font '../../../RiseOfXeru/Content/Game/Fonts/MainTextFont.ufont' (68K)
03-19 15:34:24.733 17114 17187 D UE4     : *** JavaEnvDestructor: 17187
03-19 15:34:24.734 17114 17185 D UE4     : AndroidEGL::ResetDisplay()
03-19 15:34:24.734 17114 17185 D UE4     : *** JavaEnvDestructor: 17185
03-19 15:34:24.737 17114 17136 D UE4     : [2019.03.19-15.34.24:737][  0]LogAndroid: Passed GEngineLoop.Init()
03-19 15:34:24.737 17114 17136 D UE4     : LogModuleManager: Warning: ModuleManager: Module 'FunctionalTesting' not found - its StaticallyLinkedModuleInitializers function is null.
03-19 15:34:24.737 17114 17136 D UE4     : 
03-19 15:34:24.737 17114 17136 D UE4     : [2019.03.19-15.34.24:737][  0]LogModuleManager: Warning: ModuleManager: Module 'FunctionalTesting' not found - its StaticallyLinkedModuleInitializers function is null.
03-19 15:34:24.738 17114 17136 D UE4     : LogAndroidEvents: Display: DequeueAppEvent : 9, 0
03-19 15:34:24.738 17114 17136 D UE4     : 
03-19 15:34:24.738 17114 17136 D UE4     : [2019.03.19-15.34.24:738][  0]LogRenderer: Reallocating scene render targets to support 528x1024 Format 10 NumSamples 1 (Frame:1).
03-19 15:34:24.738 17114 17136 D UE4     : [2019.03.19-15.34.24:738][  0]LogAndroidEvents: Display: DequeueAppEvent : 9, 0
03-19 15:34:24.738 17114 17136 D UE4     : LogAndroidEvents: Display: DequeueAppEvent : 7, 0
03-19 15:34:24.738 17114 17136 D UE4     : 
03-19 15:34:24.738 17114 17136 D UE4     : [2019.03.19-15.34.24:738][  0]LogAndroidEvents: Display: DequeueAppEvent : 7, 0
03-19 15:34:24.738 17114 17136 D UE4     : LogAndroidEvents: Display: DequeueAppEvent : 0, 3544520712
03-19 15:34:24.738 17114 17136 D UE4     : 
03-19 15:34:24.738 17114 17136 D UE4     : [2019.03.19-15.34.24:738][  0]LogAndroidEvents: Display: DequeueAppEvent : 0, 3544520712
03-19 15:34:24.738 17114 17136 D UE4     : APP_EVENT_STATE_WINDOW_CREATED, 0, 0, 1
03-19 15:34:24.738 17114 17136 D UE4     : LogAndroidEvents: Display: ExecWindowCreated
03-19 15:34:24.738 17114 17136 D UE4     : 
03-19 15:34:24.738 17114 17136 D UE4     : [2019.03.19-15.34.24:738][  0]LogAndroidEvents: Display: ExecWindowCreated
03-19 15:34:24.738 17114 17136 D UE4     : AndroidEGL::ReInitWindow()
03-19 15:34:24.738 17114 17136 D UE4     : AndroidEGL::ReInit()
03-19 15:34:24.738 17114 17136 D UE4     : AndroidEGL::ResetDisplay()
03-19 15:34:24.739 17114 17136 D UE4     : AndroidEGL::InitSurface 0, 1
03-19 15:34:24.739 17114 17136 D UE4     : AndroidEGL::CreateEGLSurface() Already initialized: 0xc96f8720
03-19 15:34:24.739 17114 17136 D UE4     : ExecWindowCreated, 0, 1, 1
03-19 15:34:24.739 17114 17136 D UE4     : [2019.03.19-15.34.24:739][  0]LogTemp: Android resume audio
03-19 15:34:24.740 17114 17136 D UE4     : Registering volume receiver
03-19 15:34:24.742 17114 17136 D UE4     : startVolumeReceiver: 30
03-19 15:34:24.742 17114 17136 D UE4     : nativeVolumeEvent(30)
03-19 15:34:24.742 17114 17136 D UE4     : Registering battery receiver
03-19 15:34:24.743 17114 17163 D DecorView: onWindowFocusChangedFromViewRoot hasFocus: true, DecorView@1d74e42[GameActivity]
03-19 15:34:24.743 17114 17136 D UE4     : Registering headset receiver
03-19 15:34:24.745 17114 17136 D UE4     : startHeadsetReceiver: 0
03-19 15:34:24.745 17114 17136 D UE4     : nativeHeadsetEvent(0)
03-19 15:34:24.745 17114 17137 D UE4     : LogAndroidEvents: EnqueueAppEvent : 11, 0, tid = 17137
03-19 15:34:24.748 17114 17114 D UE4     : Battery: status = 5, rawlevel = 100, scale = 100
03-19 15:34:24.748 17114 17114 D UE4     : nativeBatteryEvent(stat = 5, lvl = 100  temp = 29.10 C)
03-19 15:34:24.748 17114 17114 D UE4     : headsetReceiver::onReceive
03-19 15:34:24.748 17114 17114 D UE4     : nativeHeadsetEvent(0)
03-19 15:34:25.149  2029  2298 D DcNetworkAgent: NetworkAgent: Changed from [ Transports: CELLULAR Capabilities: MMS&SUPL&INTERNET&NOT_RESTRICTED&TRUSTED&NOT_VPN&NOT_ROAMING&NOT_CONGESTED Unwanted:  LinkUpBandwidth>=192Kbps LinkDnBandwidth>=42824Kbps Specifier: <1>] to [ Transports: CELLULAR Capabilities: MMS&SUPL&INTERNET&NOT_RESTRICTED&TRUSTED&NOT_VPN&NOT_ROAMING&NOT_CONGESTED Unwanted:  LinkUpBandwidth>=49Kbps LinkDnBandwidth>=42824Kbps Specifier: <1>], Data RAT=14, mApnSetting=[ApnSettingV5] Contract WAP, 1578, 23415, wap.vodafone.co.uk, , http://mms.vodafone.co.uk/servlets/mms, 212.183.137.12, 8799, , 1, default | supl | mms, IP, IP, true, 0, 0, 0, false, 0, 0, 0, 0, , , false, 0, 0
03-19 15:34:25.474 17114 17193 D UE4     : *** JavaEnvDestructor: 17193
03-19 15:34:25.594 17114 17194 D UE4     : *** JavaEnvDestructor: 17194
03-19 15:34:25.696 17114 17136 D UE4     : [2019.03.19-15.34.25:696][  0]LogAndroid: Case APP_CMD_GAINED_FOCUS
03-19 15:34:25.696 17114 17136 D UE4     : [2019.03.19-15.34.25:696][  0]LogTcpMessaging: Initializing TcpMessaging bridge, listening on 127.0.0.1:6666
03-19 15:34:25.777 17114 17192 D UE4     : *** JavaEnvDestructor: 17192
03-19 15:34:26.253   688   688 D vendor.qti.bluetooth@1.0-ibs_handler: SerialClockVote: vote for UART CLK ON
03-19 15:34:26.254   688   688 D vendor.qti.bluetooth@1.0-wake_lock: Acquire wakelock is acquired 
03-19 15:34:26.254   688   688 I vendor.qti.bluetooth@1.0-ibs_handler: DeviceWakeUp: Writing IBS_WAKE_IND
03-19 15:34:26.255   688 25968 I vendor.qti.bluetooth@1.0-ibs_handler: ProcessIbsCmd: Received IBS_WAKE_ACK: 0xFC
03-19 15:34:26.256 25881 25917 E bt_osi_wakelock: wakelock_acquire wakelock acquired
03-19 15:34:26.256   688 25968 I vendor.qti.bluetooth@1.0-ibs_handler: ProcessIbsCmd: Received IBS_WAKE_IND: 0xFD
03-19 15:34:26.256   688 25968 I vendor.qti.bluetooth@1.0-ibs_handler: ProcessIbsCmd: Writing IBS_WAKE_ACK
03-19 15:34:26.257 25881 25919 E bt_osi_wakelock: wakelock_release wakelock released
03-19 15:34:26.288   906  1140 D BatteryStatsService: @@@@ awaitUninterruptibly in 55 ms
03-19 15:34:26.288   906  1140 D BatteryStatsHelper: ===processSingleAppUsage===
03-19 15:34:26.297   688 25968 I vendor.qti.bluetooth@1.0-ibs_handler: ProcessIbsCmd: Received IBS_SLEEP_IND: 0xFE
03-19 15:34:26.479 17114 17190 D UE4     : *** JavaEnvDestructor: 17190
03-19 15:34:26.481 17114 17191 D UE4     : *** JavaEnvDestructor: 17191
03-19 15:34:26.482 17114 17189 D UE4     : *** JavaEnvDestructor: 17189
03-19 15:34:26.585 17114 17136 D UE4     : [2019.03.19-15.34.26:585][  0]LogUdpMessaging: Initializing bridge on interface 0.0.0.0:0 to multicast group 230.0.0.1:6666.
03-19 15:34:26.595 17114 17136 D UE4     : Execution has been resumed!
03-19 15:34:26.595 17114 17136 D UE4     : LogAndroidEvents: Display: DequeueAppEvent : 6, 0
03-19 15:34:26.595 17114 17136 D UE4     : 
03-19 15:34:26.595 17114 17136 D UE4     : [2019.03.19-15.34.26:595][  0]LogAndroidEvents: Display: DequeueAppEvent : 6, 0
03-19 15:34:26.700 17114 17222 D UE4     : *** JavaEnvDestructor: 17222
03-19 15:34:26.703 17114 17223 D UE4     : *** JavaEnvDestructor: 17223
03-19 15:34:26.716   906  1803 E TaskPersister: File error accessing recents directory (directory doesn't exist?).
03-19 15:34:26.843   906  1140 D BatteryStatsService: ext-flush too soon, skip
03-19 15:34:26.843   906  1140 D BatteryStatsHelper: ===processSingleAppUsage===
03-19 15:34:26.846   906  1140 I chatty  : uid=1000(system) android.bg identical 1 line
03-19 15:34:26.846   906  1140 I chatty  : uid=1000(system) android.bg identical 1 line
03-19 15:34:26.848   906  1140 D BatteryStatsService: ext-flush too soon, skip
03-19 15:34:26.848   906  1140 D BatteryStatsHelper: ===processSingleAppUsage===
03-19 15:34:26.896 17114 17229 D UE4     : *** JavaEnvDestructor: 17229
03-19 15:34:27.256   688 25974 I vendor.qti.bluetooth@1.0-ibs_handler: DeviceSleep: TX Awake, Sending SLEEP_IND
03-19 15:34:27.256   688 25974 D vendor.qti.bluetooth@1.0-ibs_handler: SerialClockVote: vote for UART CLK OFF
03-19 15:34:27.406   688 25920 D vendor.qti.bluetooth@1.0-wake_lock: Release wakelock is released 
03-19 15:34:27.436 25881 25995 D HeadsetPhoneState: sendDeviceStateChanged. mService=1 mIsSimStateLoaded=true mSignal=4 mRoam=0 mBatteryCharge=5
03-19 15:34:27.436 25881 25995 E HeadsetStateMachine: returning mCurrentState as Disconnected
03-19 15:34:27.437 25881 25995 E HeadsetStateMachine: returning mCurrentState as Connected
03-19 15:34:27.437 25881 25995 D HeadsetStateMachine: handleMessage: E msg.what=10
03-19 15:34:27.437 25881 25995 D HeadsetStateMachine: processMsg: Connected
03-19 15:34:27.437 25881 25971 D bt_btif : bta_ag_api_result: p_scb 0x94152e90 
03-19 15:34:27.437 25881 25971 D bt_btif : bta_ag_hfp_result : res = 5
03-19 15:34:27.437 25881 25995 D HeadsetStateMachine: handleMessage: X
03-19 15:34:27.437 25881 25971 D bt_btif : bta_ag_api_result: p_scb 0x94152e90 
03-19 15:34:27.437 25881 25971 D bt_btif : bta_ag_hfp_result : res = 5
03-19 15:34:27.437 25881 25971 D bt_btif : bta_ag_api_result: p_scb 0x94152e90 
03-19 15:34:27.437 25881 25971 D bt_btif : bta_ag_hfp_result : res = 5
03-19 15:34:27.437 25881 25971 D bt_btif : bta_ag_api_result: p_scb 0x94152e90 
03-19 15:34:27.437 25881 25971 D bt_btif : bta_ag_hfp_result : res = 5
03-19 15:34:27.556   704 14850 E sensors-hal: handle_sns_client_event:51, device_orient_event: ts=206062881796590, type=4
03-19 15:34:27.594 17114 17227 D UE4     : *** JavaEnvDestructor: 17227
03-19 15:34:27.596 17114 17228 D UE4     : *** JavaEnvDestructor: 17228
03-19 15:34:27.597 17114 17225 D UE4     : *** JavaEnvDestructor: 17225
03-19 15:34:27.600 26428 26428 E adbd    : failed to connect to socket 'tcp:6666': Connection refused
03-19 15:34:27.699 17114 17136 D UE4     : Unregistering volume receiver
03-19 15:34:27.702 17114 17136 D UE4     : Unregistering battery receiver
03-19 15:34:27.704 17114 17136 D UE4     : Unregistering headset receiver
03-19 15:34:27.706 17114 17207 D UE4     : *** JavaEnvDestructor: 17207
03-19 15:34:27.711 17114 17206 D UE4     : AndroidEGL::ResetDisplay()
03-19 15:34:27.712 17114 17206 D UE4     : *** JavaEnvDestructor: 17206
03-19 15:34:27.713 17114 17154 D UE4     : LogStats: Warning: MetaData mismatch. Did you assign a stat to two groups? New //STATGROUP_Threads//FTcpMessageTransport///Thread_4346_0///####STATCAT_Advanced#### old //STATGROUP_Threads//FTcpMessageTransport///Thread_4329_0///####STATCAT_Advanced####
03-19 15:34:27.713 17114 17154 D UE4     : 
03-19 15:34:27.713 17114 17136 D UE4     : [2019.03.19-15.34.27:713][  0]LogTemp: Android pause audio
03-19 15:34:27.713 17114 17154 D UE4     : LogStats: Warning: MetaData mismatch. Did you assign a stat to two groups? New //STATGROUP_Threads//FTcpListener///Thread_4347_0///####STATCAT_Advanced#### old //STATGROUP_Threads//FTcpListener///Thread_432a_0///####STATCAT_Advanced####
03-19 15:34:27.713 17114 17154 D UE4     : 
03-19 15:34:27.713 17114 17154 D UE4     : LogStats: Warning: MetaData mismatch. Did you assign a stat to two groups? New //STATGROUP_Threads//FUdpMessageBeacon///Thread_434b_0///####STATCAT_Advanced#### old //STATGROUP_Threads//FUdpMessageBeacon///Thread_4326_0///####STATCAT_Advanced####
03-19 15:34:27.713 17114 17154 D UE4     : 
03-19 15:34:27.714 17114 17154 D UE4     : LogStats: Warning: MetaData mismatch. Did you assign a stat to two groups? New //STATGROUP_Threads//FUdpMessageProcessor.Sender///Thread_434c_0///####STATCAT_Advanced#### old //STATGROUP_Threads//FUdpMessageProcessor.Sender///Thread_4327_0///####STATCAT_Advanced####
03-19 15:34:27.714 17114 17154 D UE4     : 
03-19 15:34:27.714 17114 17136 D UE4     : Execution has been paused...
03-19 15:34:27.714 17114 17136 D UE4     : LogAndroidEvents: Display: DequeueAppEvent : 7, 0
03-19 15:34:27.714 17114 17154 D UE4     : LogStats: Warning: MetaData mismatch. Did you assign a stat to two groups? New //STATGROUP_Threads//FUdpMessageProcessor///Thread_4349_0///####STATCAT_Advanced#### old //STATGROUP_Threads//FUdpMessageProcessor///Thread_4325_0///####STATCAT_Advanced####
03-19 15:34:27.714 17114 17154 D UE4     : 
03-19 15:34:27.714 17114 17136 D UE4     : 
03-19 15:34:27.714 17114 17154 D UE4     : LogStats: Warning: MetaData mismatch. Did you assign a stat to two groups? New //STATGROUP_Threads//UdpMessageMulticastReceiver///Thread_434d_0///####STATCAT_Advanced#### old //STATGROUP_Threads//UdpMessageMulticastReceiver///Thread_4328_0///####STATCAT_Advanced####
03-19 15:34:27.714 17114 17154 D UE4     : 
03-19 15:34:27.714 17114 17136 D UE4     : [2019.03.19-15.34.27:714][  0]LogStats: Warning: MetaData mismatch. Did you assign a stat to two groups? New //STATGROUP_Threads//FTcpMessageTransport///Thread_4346_0///####STATCAT_Advanced#### old //STATGROUP_Threads//FTcpMessageTransport///Thread_4329_0///####STATCAT_Advanced####
03-19 15:34:27.714 17114 17136 D UE4     : [2019.03.19-15.34.27:714][  0]LogStats: Warning: MetaData mismatch. Did you assign a stat to two groups? New //STATGROUP_Threads//FTcpListener///Thread_4347_0///####STATCAT_Advanced#### old //STATGROUP_Threads//FTcpListener///Thread_432a_0///####STATCAT_Advanced####
03-19 15:34:27.714 17114 17136 D UE4     : [2019.03.19-15.34.27:714][  0]LogStats: Warning: MetaData mismatch. Did you assign a stat to two groups? New //STATGROUP_Threads//FUdpMessageBeacon///Thread_434b_0///####STATCAT_Advanced#### old //STATGROUP_Threads//FUdpMessageBeacon///Thread_4326_0///####STATCAT_Advanced####
03-19 15:34:27.714 17114 17136 D UE4     : [2019.03.19-15.34.27:714][  0]LogStats: Warning: MetaData mismatch. Did you assign a stat to two groups? New //STATGROUP_Threads//FUdpMessageProcessor.Sender///Thread_434c_0///####STATCAT_Advanced#### old //STATGROUP_Threads//FUdpMessageProcessor.Sender///Thread_4327_0///####STATCAT_Advanced####
03-19 15:34:27.714 17114 17136 D UE4     : [2019.03.19-15.34.27:714][  0]LogStats: Warning: MetaData mismatch. Did you assign a stat to two groups? New //STATGROUP_Threads//FUdpMessageProcessor///Thread_4349_0///####STATCAT_Advanced#### old //STATGROUP_Threads//FUdpMessageProcessor///Thread_4325_0///####STATCAT_Advanced####
03-19 15:34:27.714 17114 17136 D UE4     : [2019.03.19-15.34.27:714][  0]LogAndroidEvents: Display: DequeueAppEvent : 7, 0
03-19 15:34:27.716 17114 17136 D UE4     : [2019.03.19-15.34.27:716][  0]LogStats: Warning: MetaData mismatch. Did you assign a stat to two groups? New //STATGROUP_Threads//UdpMessageMulticastReceiver///Thread_434d_0///####STATCAT_Advanced#### old //STATGROUP_Threads//UdpMessageMulticastReceiver///Thread_4328_0///####STATCAT_Advanced####
03-19 15:34:27.717 17114 17136 D UE4     : [2019.03.19-15.34.27:717][  0]LogTemp: Android resume audio
03-19 15:34:27.720 17114 17136 D UE4     : Registering volume receiver
03-19 15:34:27.724 17114 17136 D UE4     : startVolumeReceiver: 30
03-19 15:34:27.724 17114 17136 D UE4     : nativeVolumeEvent(30)
03-19 15:34:27.724 17114 17136 D UE4     : Registering battery receiver
03-19 15:34:27.726 17114 17136 D UE4     : Registering headset receiver
03-19 15:34:27.727 17114 17136 D UE4     : startHeadsetReceiver: 0
03-19 15:34:27.727 17114 17136 D UE4     : nativeHeadsetEvent(0)
03-19 15:34:27.728 17114 17136 D UE4     : [2019.03.19-15.34.27:728][  0]LogTcpMessaging: Initializing TcpMessaging bridge, listening on 127.0.0.1:6666
03-19 15:34:27.729 17114 17114 D UE4     : headsetReceiver::onReceive
03-19 15:34:27.729 17114 17114 D UE4     : nativeHeadsetEvent(0)
03-19 15:34:27.731 17114 17136 D UE4     : [2019.03.19-15.34.27:731][  0]LogUdpMessaging: Initializing bridge on interface 0.0.0.0:0 to multicast group 230.0.0.1:6666.
03-19 15:34:27.734 17114 17136 D UE4     : Execution has been resumed!
03-19 15:34:27.734 17114 17136 D UE4     : LogAndroidEvents: Display: DequeueAppEvent : 11, 0
03-19 15:34:27.734 17114 17136 D UE4     : 
03-19 15:34:27.734 17114 17136 D UE4     : [2019.03.19-15.34.27:734][  0]LogAndroidEvents: Display: DequeueAppEvent : 11, 0
03-19 15:34:27.752 17114 17154 D UE4     : LogStats: Warning: MetaData mismatch. Did you assign a stat to two groups? New //STATGROUP_Threads//FTcpMessageTransport///Thread_4353_0///####STATCAT_Advanced#### old //STATGROUP_Threads//FTcpMessageTransport///Thread_4329_0///####STATCAT_Advanced####
03-19 15:34:27.752 17114 17154 D UE4     : 
03-19 15:34:27.753 17114 17154 D UE4     : LogStats: Warning: MetaData mismatch. Did you assign a stat to two groups? New //STATGROUP_Threads//FTcpListener///Thread_4354_0///####STATCAT_Advanced#### old //STATGROUP_Threads//FTcpListener///Thread_432a_0///####STATCAT_Advanced####
03-19 15:34:27.753 17114 17154 D UE4     : 
03-19 15:34:27.753 17114 17154 D UE4     : LogStats: Warning: MetaData mismatch. Did you assign a stat to two groups? New //STATGROUP_Threads//FUdpMessageBeacon///Thread_4356_0///####STATCAT_Advanced#### old //STATGROUP_Threads//FUdpMessageBeacon///Thread_4326_0///####STATCAT_Advanced####
03-19 15:34:27.753 17114 17154 D UE4     : 
03-19 15:34:27.753 17114 17154 D UE4     : LogStats: Warning: MetaData mismatch. Did you assign a stat to two groups? New //STATGROUP_Threads//FUdpMessageProcessor.Sender///Thread_4357_0///####STATCAT_Advanced#### old //STATGROUP_Threads//FUdpMessageProcessor.Sender///Thread_4327_0///####STATCAT_Advanced####
03-19 15:34:27.753 17114 17154 D UE4     : 
03-19 15:34:27.753 17114 17154 D UE4     : LogStats: Warning: MetaData mismatch. Did you assign a stat to two groups? New //STATGROUP_Threads//FUdpMessageProcessor///Thread_4355_0///####STATCAT_Advanced#### old //STATGROUP_Threads//FUdpMessageProcessor///Thread_4325_0///####STATCAT_Advanced####
03-19 15:34:27.753 17114 17154 D UE4     : 
03-19 15:34:27.753 17114 17154 D UE4     : LogStats: Warning: MetaData mismatch. Did you assign a stat to two groups? New //STATGROUP_Threads//UdpMessageMulticastReceiver///Thread_4358_0///####STATCAT_Advanced#### old //STATGROUP_Threads//UdpMessageMulticastReceiver///Thread_4328_0///####STATCAT_Advanced####
03-19 15:34:27.753 17114 17154 D UE4     : 
03-19 15:34:27.755 17114 17136 D UE4     : [2019.03.19-15.34.27:755][  0]LogStats: Warning: MetaData mismatch. Did you assign a stat to two groups? New //STATGROUP_Threads//FTcpMessageTransport///Thread_4353_0///####STATCAT_Advanced#### old //STATGROUP_Threads//FTcpMessageTransport///Thread_4329_0///####STATCAT_Advanced####
03-19 15:34:27.755 17114 17136 D UE4     : [2019.03.19-15.34.27:755][  0]LogStats: Warning: MetaData mismatch. Did you assign a stat to two groups? New //STATGROUP_Threads//FTcpListener///Thread_4354_0///####STATCAT_Advanced#### old //STATGROUP_Threads//FTcpListener///Thread_432a_0///####STATCAT_Advanced####
03-19 15:34:27.755 17114 17136 D UE4     : [2019.03.19-15.34.27:755][  0]LogStats: Warning: MetaData mismatch. Did you assign a stat to two groups? New //STATGROUP_Threads//FUdpMessageBeacon///Thread_4356_0///####STATCAT_Advanced#### old //STATGROUP_Threads//FUdpMessageBeacon///Thread_4326_0///####STATCAT_Advanced####
03-19 15:34:27.755 17114 17136 D UE4     : [2019.03.19-15.34.27:755][  0]LogStats: Warning: MetaData mismatch. Did you assign a stat to two groups? New //STATGROUP_Threads//FUdpMessageProcessor.Sender///Thread_4357_0///####STATCAT_Advanced#### old //STATGROUP_Threads//FUdpMessageProcessor.Sender///Thread_4327_0///####STATCAT_Advanced####
03-19 15:34:27.755 17114 17136 D UE4     : [2019.03.19-15.34.27:755][  0]LogStats: Warning: MetaData mismatch. Did you assign a stat to two groups? New //STATGROUP_Threads//FUdpMessageProcessor///Thread_4355_0///####STATCAT_Advanced#### old //STATGROUP_Threads//FUdpMessageProcessor///Thread_4325_0///####STATCAT_Advanced####
03-19 15:34:27.755 17114 17136 D UE4     : [2019.03.19-15.34.27:755][  0]LogStats: Warning: MetaData mismatch. Did you assign a stat to two groups? New //STATGROUP_Threads//UdpMessageMulticastReceiver///Thread_4358_0///####STATCAT_Advanced#### old //STATGROUP_Threads//UdpMessageMulticastReceiver///Thread_4328_0///####STATCAT_Advanced####
03-19 15:34:27.761 17114 17136 D UE4     : [2019.03.19-15.34.27:761][  0]LogContentStreaming: Texture pool size now 1000 MB
03-19 15:34:28.641  6679 17244 D FileSizeUtil: getAvailableStoragePercentValue totalBytes=116190867456,freeBytes=59908485120,availableStoragePercent=0.5156040782868463
03-19 15:34:28.642  6679 17244 D WidgetViewService: availableStorage has no change,availableStorage:52%
03-19 15:34:28.845  1833  1833 D KeyguardIndication: onRefreshBatteryInfo: plugged:true, wasPluggedIn: true, charged:true, level:100, speed:1, last speed:1, visible:false
03-19 15:34:28.847 17114 17114 D UE4     : Battery: status = 5, rawlevel = 100, scale = 100
03-19 15:34:28.847 17114 17114 D UE4     : nativeBatteryEvent(stat = 5, lvl = 100  temp = 29.20 C)
03-19 15:34:28.859 16606 16606 D StateMachine: EVENT: ACTIVATE
03-19 15:34:28.859 16606 16606 D StateMachine: invalid transition, current state: ACTIVE
03-19 15:34:29.686   906  1413 V AlarmManager: Triggering alarm #0: 2 when =206065017 package =com.google.android.gms operation =*walarm*:com.google.android.gms.gcm.ACTION_CHECK_QUEUE flags =0x0
03-19 15:34:30.011  4626  4626 D BluetoothAdapter: isLeEnabled(): ON
03-19 15:34:30.014   688   688 D vendor.qti.bluetooth@1.0-ibs_handler: SerialClockVote: vote for UART CLK ON
03-19 15:34:30.015  4626  4626 D BluetoothAdapter: isLeEnabled(): ON
03-19 15:34:30.015   688   688 D vendor.qti.bluetooth@1.0-wake_lock: Acquire wakelock is acquired 
03-19 15:34:30.015   688   688 I vendor.qti.bluetooth@1.0-ibs_handler: DeviceWakeUp: Writing IBS_WAKE_IND
03-19 15:34:30.015   688 25968 I vendor.qti.bluetooth@1.0-ibs_handler: ProcessIbsCmd: Received IBS_WAKE_ACK: 0xFC
03-19 15:34:30.016 25881 25917 E bt_osi_wakelock: wakelock_acquire wakelock acquired
03-19 15:34:30.016   688 25968 I vendor.qti.bluetooth@1.0-ibs_handler: ProcessIbsCmd: Received IBS_WAKE_IND: 0xFD
03-19 15:34:30.016   688 25968 I vendor.qti.bluetooth@1.0-ibs_handler: ProcessIbsCmd: Writing IBS_WAKE_ACK
03-19 15:34:30.017 25881 25971 I bt_stack: [INFO:gatt_api.cc(949)] GATT_Register329f14fa-1d19-b4bf-56a2-2e7591c49a55
03-19 15:34:30.017 25881 25971 I bt_stack: [INFO:gatt_api.cc(969)] allocated gatt_if=6
03-19 15:34:30.017 25881 25919 E bt_osi_wakelock: wakelock_release wakelock released
03-19 15:34:30.018  4626 25355 D BluetoothLeScanner: onScannerRegistered() - status=0 scannerId=6 mScannerId=0
03-19 15:34:30.018 25881 25917 E bt_osi_wakelock: wakelock_acquire wakelock acquired
03-19 15:34:30.024 25881 25919 E bt_osi_wakelock: wakelock_release wakelock released
03-19 15:34:30.029 25881 25917 E bt_osi_wakelock: wakelock_acquire wakelock acquired
03-19 15:34:30.029 25881 25919 E bt_osi_wakelock: wakelock_release wakelock released
03-19 15:34:30.030 25881 25917 E bt_osi_wakelock: wakelock_acquire wakelock acquired
03-19 15:34:30.030 25881 25919 E bt_osi_wakelock: wakelock_release wakelock released
03-19 15:34:30.048 25881 25971 W bt_btm  : QC discoverable result 2
03-19 15:34:30.048 25881 25971 W bt_btm  : QC discoverable result 2, -1813626832
03-19 15:34:30.054 25881 25971 W bt_btm  : QC waiting for scan response
03-19 15:34:30.055 25881 25971 W bt_btm  : QC discoverable result 2
03-19 15:34:30.055 25881 25971 W bt_btm  : QC discoverable result 2, -1813626832
03-19 15:34:30.065 25881 25971 W bt_btm  : QC waiting for scan response
03-19 15:34:30.066 25881 25971 W bt_btm  : QC discoverable result 2
03-19 15:34:30.066 25881 25971 W bt_btm  : QC discoverable result 2, -1813626832
03-19 15:34:30.101   688 25968 I vendor.qti.bluetooth@1.0-ibs_handler: ProcessIbsCmd: Received IBS_SLEEP_IND: 0xFE
03-19 15:34:30.111   688 25968 I vendor.qti.bluetooth@1.0-ibs_handler: ProcessIbsCmd: Received IBS_WAKE_IND: 0xFD
03-19 15:34:30.112   688 25968 I vendor.qti.bluetooth@1.0-ibs_handler: ProcessIbsCmd: Writing IBS_WAKE_ACK
03-19 15:34:30.114 25881 25971 W bt_btm  : QC discoverable result 2
03-19 15:34:30.114 25881 25971 W bt_btm  : QC discoverable result 2, -1813626832
03-19 15:34:30.119 25881 25971 W bt_btm  : QC discoverable result 2
03-19 15:34:30.119 25881 25971 W bt_btm  : QC discoverable result 2, -1813626832
03-19 15:34:30.127 25881 25971 W bt_btm  : QC waiting for scan response
03-19 15:34:30.127 25881 25971 W bt_btm  : QC discoverable result 2
03-19 15:34:30.127 25881 25971 W bt_btm  : QC discoverable result 2, -1813626832
03-19 15:34:30.141 25881 25971 W bt_btm  : QC waiting for scan response
03-19 15:34:30.141 25881 25971 W bt_btm  : QC discoverable result 2
03-19 15:34:30.141 25881 25971 W bt_btm  : QC discoverable result 2, -1813626832
03-19 15:34:30.155 25881 25971 W bt_btm  : QC discoverable result 2
03-19 15:34:30.155 25881 25971 W bt_btm  : QC discoverable result 2, -1813626832
03-19 15:34:30.196   688 25968 I vendor.qti.bluetooth@1.0-ibs_handler: ProcessIbsCmd: Received IBS_SLEEP_IND: 0xFE
03-19 15:34:30.196   688 25968 I vendor.qti.bluetooth@1.0-ibs_handler: ProcessIbsCmd: Received IBS_WAKE_IND: 0xFD
03-19 15:34:30.196   688 25968 I vendor.qti.bluetooth@1.0-ibs_handler: ProcessIbsCmd: Writing IBS_WAKE_ACK
03-19 15:34:30.197 25881 25971 W bt_btm  : QC discoverable result 2
03-19 15:34:30.197 25881 25971 W bt_btm  : QC discoverable result 2, -1813626832
03-19 15:34:30.215 25881 25971 W bt_btm  : QC discoverable result 2
03-19 15:34:30.215 25881 25971 W bt_btm  : QC discoverable result 2, -1813626832
03-19 15:34:30.217 25881 25971 W bt_btm  : QC discoverable result 2
03-19 15:34:30.217 25881 25971 W bt_btm  : QC discoverable result 2, -1813626832
03-19 15:34:30.223 25881 25971 W bt_btm  : QC waiting for scan response
03-19 15:34:30.223 25881 25971 W bt_btm  : QC discoverable result 2
03-19 15:34:30.223 25881 25971 W bt_btm  : QC discoverable result 2, -1813626832
03-19 15:34:30.227 25881 25971 W bt_btm  : QC discoverable result 2
03-19 15:34:30.227 25881 25971 W bt_btm  : QC discoverable result 2, -1813626832
03-19 15:34:30.267   688 25968 I vendor.qti.bluetooth@1.0-ibs_handler: ProcessIbsCmd: Received IBS_SLEEP_IND: 0xFE
03-19 15:34:30.296   688 25968 I vendor.qti.bluetooth@1.0-ibs_handler: ProcessIbsCmd: Received IBS_WAKE_IND: 0xFD
03-19 15:34:30.296   688 25968 I vendor.qti.bluetooth@1.0-ibs_handler: ProcessIbsCmd: Writing IBS_WAKE_ACK
03-19 15:34:30.297 25881 25971 W bt_btm  : QC discoverable result 2
03-19 15:34:30.297 25881 25971 W bt_btm  : QC discoverable result 2, -1813626832
03-19 15:34:30.318 25881 25971 W bt_btm  : QC discoverable result 2
03-19 15:34:30.318 25881 25971 W bt_btm  : QC discoverable result 2, -1813626832
03-19 15:34:30.328 25881 25971 W bt_btm  : QC waiting for scan response
03-19 15:34:30.330 25881 25971 W bt_btm  : QC discoverable result 2
03-19 15:34:30.330 25881 25971 W bt_btm  : QC discoverable result 2, -1813626832
03-19 15:34:30.332 25881 25971 W bt_btm  : QC waiting for scan response
03-19 15:34:30.332 25881 25971 W bt_btm  : QC discoverable result 2
03-19 15:34:30.332 25881 25971 W bt_btm  : QC discoverable result 2, -1813626832
03-19 15:34:30.341 25881 25971 W bt_btm  : QC discoverable result 2
03-19 15:34:30.342 25881 25971 W bt_btm  : QC discoverable result 2, -1813626832
03-19 15:34:30.381   688 25968 I vendor.qti.bluetooth@1.0-ibs_handler: ProcessIbsCmd: Received IBS_SLEEP_IND: 0xFE
03-19 15:34:30.398   688 25968 I vendor.qti.bluetooth@1.0-ibs_handler: ProcessIbsCmd: Received IBS_WAKE_IND: 0xFD
03-19 15:34:30.398   688 25968 I vendor.qti.bluetooth@1.0-ibs_handler: ProcessIbsCmd: Writing IBS_WAKE_ACK
03-19 15:34:30.399 25881 25971 W bt_btm  : QC waiting for scan response
03-19 15:34:30.400 25881 25971 W bt_btm  : QC discoverable result 2
03-19 15:34:30.400 25881 25971 W bt_btm  : QC discoverable result 2, -1813626832
03-19 15:34:30.400 25881 25971 W bt_btm  : QC waiting for scan response
03-19 15:34:30.401 25881 25971 W bt_btm  : QC discoverable result 2
