03-19 15:34:56.242 25881 25971 W bt_btm  : QC discoverable result 2
03-19 15:34:56.242 25881 25971 W bt_btm  : QC discoverable result 2, -1813626832
03-19 15:34:56.246 25881 25971 W bt_btm  : QC waiting for scan response
03-19 15:34:56.247 25881 25971 W bt_btm  : QC discoverable result 2
03-19 15:34:56.247 25881 25971 W bt_btm  : QC discoverable result 2, -1813626832
03-19 15:34:56.251 25881 25971 W bt_btm  : QC waiting for scan response
03-19 15:34:56.266 25881 25971 W bt_btm  : QC waiting for scan response
03-19 15:34:56.266 25881 25971 W bt_btm  : QC discoverable result 2
03-19 15:34:56.266 25881 25971 W bt_btm  : QC discoverable result 2, -1813626832
03-19 15:34:56.291 25881 25971 W bt_btm  : QC discoverable result 2
03-19 15:34:56.292 25881 25971 W bt_btm  : QC discoverable result 2, -1813626832
03-19 15:34:56.311 25881 25971 W bt_btm  : QC discoverable result 2
03-19 15:34:56.311 25881 25971 W bt_btm  : QC discoverable result 2, -1813626832
03-19 15:34:56.351   688 25968 I vendor.qti.bluetooth@1.0-ibs_handler: ProcessIbsCmd: Received IBS_SLEEP_IND: 0xFE
03-19 15:34:56.351   688 25968 D vendor.qti.bluetooth@1.0-ibs_handler: SerialClockVote: vote for UART CLK OFF
03-19 15:34:56.366   688 25968 I vendor.qti.bluetooth@1.0-ibs_handler: ProcessIbsCmd: Received IBS_WAKE_IND: 0xFD
03-19 15:34:56.366   688 25968 D vendor.qti.bluetooth@1.0-ibs_handler: SerialClockVote: vote for UART CLK ON
03-19 15:34:56.366   688 25968 I vendor.qti.bluetooth@1.0-ibs_handler: ProcessIbsCmd: Writing IBS_WAKE_ACK
03-19 15:34:56.368 25881 25971 W bt_btm  : QC discoverable result 2
03-19 15:34:56.368 25881 25971 W bt_btm  : QC discoverable result 2, -1813626832
03-19 15:34:56.380 25881 25971 W bt_btm  : QC discoverable result 2
03-19 15:34:56.381 25881 25971 W bt_btm  : QC discoverable result 2, -1813626832
03-19 15:34:56.396 25881 25971 W bt_btm  : QC discoverable result 2
03-19 15:34:56.396 25881 25971 W bt_btm  : QC discoverable result 2, -1813626832
03-19 15:34:56.396 25881 25971 W bt_btm  : QC discoverable result 2
03-19 15:34:56.396 25881 25971 W bt_btm  : QC discoverable result 2, -1813626832
03-19 15:34:56.406 25881 25971 W bt_btm  : QC waiting for scan response
03-19 15:34:56.406 25881 25971 W bt_btm  : QC discoverable result 2
03-19 15:34:56.406 25881 25971 W bt_btm  : QC discoverable result 2, -1813626832
03-19 15:34:56.410 25881 25971 W bt_btm  : QC discoverable result 2
03-19 15:34:56.410 25881 25971 W bt_btm  : QC discoverable result 2, -1813626832
03-19 15:34:56.411 25881 25971 W bt_btm  : QC waiting for scan response
03-19 15:34:56.411 25881 25971 W bt_btm  : QC discoverable result 2
03-19 15:34:56.411 25881 25971 W bt_btm  : QC discoverable result 2, -1813626832
03-19 15:34:56.424 25881 25971 W bt_btm  : QC waiting for scan response
03-19 15:34:56.425 25881 25971 W bt_btm  : QC discoverable result 2
03-19 15:34:56.425 25881 25971 W bt_btm  : QC discoverable result 2, -1813626832
03-19 15:34:56.464   688 25968 I vendor.qti.bluetooth@1.0-ibs_handler: ProcessIbsCmd: Received IBS_SLEEP_IND: 0xFE
03-19 15:34:56.464   688 25968 D vendor.qti.bluetooth@1.0-ibs_handler: SerialClockVote: vote for UART CLK OFF
03-19 15:34:56.468   688 25968 I vendor.qti.bluetooth@1.0-ibs_handler: ProcessIbsCmd: Received IBS_WAKE_IND: 0xFD
03-19 15:34:56.468   688 25968 D vendor.qti.bluetooth@1.0-ibs_handler: SerialClockVote: vote for UART CLK ON
03-19 15:34:56.468   688 25968 I vendor.qti.bluetooth@1.0-ibs_handler: ProcessIbsCmd: Writing IBS_WAKE_ACK
03-19 15:34:56.468 25881 25971 W bt_btm  : QC discoverable result 2
03-19 15:34:56.468 25881 25971 W bt_btm  : QC discoverable result 2, -1813626832
03-19 15:34:56.502 25881 25971 W bt_btm  : QC discoverable result 2
03-19 15:34:56.502 25881 25971 W bt_btm  : QC discoverable result 2, -1813626832
03-19 15:34:56.511 25881 25971 W bt_btm  : QC discoverable result 2
03-19 15:34:56.511 25881 25971 W bt_btm  : QC discoverable result 2, -1813626832
03-19 15:34:56.519 25881 25971 W bt_btm  : QC waiting for scan response
03-19 15:34:56.520 25881 25971 W bt_btm  : QC discoverable result 2
03-19 15:34:56.520 25881 25971 W bt_btm  : QC discoverable result 2, -1813626832
03-19 15:34:56.547 25881 25995 D HeadsetPhoneState: sendDeviceStateChanged. mService=1 mIsSimStateLoaded=true mSignal=4 mRoam=0 mBatteryCharge=5
03-19 15:34:56.547 25881 25995 E HeadsetStateMachine: returning mCurrentState as Disconnected
03-19 15:34:56.547 25881 25995 E HeadsetStateMachine: returning mCurrentState as Connected
03-19 15:34:56.547 25881 25995 D HeadsetStateMachine: handleMessage: E msg.what=10
03-19 15:34:56.547 25881 25995 D HeadsetStateMachine: processMsg: Connected
03-19 15:34:56.548 25881 25971 D bt_btif : bta_ag_api_result: p_scb 0x94152e90 
03-19 15:34:56.548 25881 25971 D bt_btif : bta_ag_hfp_result : res = 5
03-19 15:34:56.548 25881 25995 D HeadsetStateMachine: handleMessage: X
03-19 15:34:56.548 25881 25971 D bt_btif : bta_ag_api_result: p_scb 0x94152e90 
03-19 15:34:56.548 25881 25971 D bt_btif : bta_ag_hfp_result : res = 5
03-19 15:34:56.548 25881 25971 D bt_btif : bta_ag_api_result: p_scb 0x94152e90 
03-19 15:34:56.548 25881 25971 D bt_btif : bta_ag_hfp_result : res = 5
03-19 15:34:56.548 25881 25971 D bt_btif : bta_ag_api_result: p_scb 0x94152e90 
03-19 15:34:56.548 25881 25971 D bt_btif : bta_ag_hfp_result : res = 5
03-19 15:34:56.552 25881 25971 W bt_btm  : QC waiting for scan response
03-19 15:34:56.552 25881 25971 W bt_btm  : QC discoverable result 2
03-19 15:34:56.552 25881 25971 W bt_btm  : QC discoverable result 2, -1813626832
03-19 15:34:56.555 25881 25903 D BluetoothRemoteDevices: Property type: 1
03-19 15:34:56.555 25881 25903 W BluetoothRemoteDevices: Skip name update for 88:6B:0F:59:03:8F
03-19 15:34:56.555 25881 25903 D BluetoothRemoteDevices: Property type: 4
03-19 15:34:56.555 25881 25903 W BluetoothRemoteDevices: Skip class update for 88:6B:0F:59:03:8F
03-19 15:34:56.555 25881 25903 D BluetoothRemoteDevices: Property type: 5
03-19 15:34:56.577 25881 25971 W bt_btm  : QC discoverable result 2
03-19 15:34:56.577 25881 25971 W bt_btm  : QC discoverable result 2, -1813626832
03-19 15:34:56.595 25881 25971 W bt_btm  : QC waiting for scan response
03-19 15:34:56.595 25881 25971 W bt_btm  : QC waiting for scan response
03-19 15:34:56.595 25881 25971 W bt_btm  : QC discoverable result 2
03-19 15:34:56.595 25881 25971 W bt_btm  : QC discoverable result 2, -1813626832
03-19 15:34:56.606 25881 25971 W bt_btm  : QC discoverable result 2
03-19 15:34:56.606 25881 25971 W bt_btm  : QC discoverable result 2, -1813626832
03-19 15:34:56.607 25881 25971 W bt_btm  : QC discoverable result 2
03-19 15:34:56.607 25881 25971 W bt_btm  : QC discoverable result 2, -1813626832
03-19 15:34:56.620 25881 25971 W bt_btm  : QC waiting for scan response
03-19 15:34:56.620 25881 25971 W bt_btm  : QC discoverable result 2
03-19 15:34:56.620 25881 25971 W bt_btm  : QC discoverable result 2, -1813626832
03-19 15:34:56.653 25881 25971 W bt_btm  : QC waiting for scan response
03-19 15:34:56.653 25881 25971 W bt_btm  : QC discoverable result 2
03-19 15:34:56.654 25881 25971 W bt_btm  : QC discoverable result 2, -1813626832
03-19 15:34:56.654 25881 25971 W bt_btm  : QC discoverable result 2
03-19 15:34:56.654 25881 25971 W bt_btm  : QC discoverable result 2, -1813626832
03-19 15:34:56.675 25881 25971 W bt_btm  : QC waiting for scan response
03-19 15:34:56.675 25881 25971 W bt_btm  : QC discoverable result 2
03-19 15:34:56.675 25881 25971 W bt_btm  : QC discoverable result 2, -1813626832
03-19 15:34:56.686 25881 25971 W bt_btm  : QC discoverable result 2
03-19 15:34:56.686 25881 25971 W bt_btm  : QC discoverable result 2, -1813626832
03-19 15:34:56.696 25881 25971 W bt_btm  : QC discoverable result 2
03-19 15:34:56.696 25881 25971 W bt_btm  : QC discoverable result 2, -1813626832
03-19 15:34:56.709 25881 25971 W bt_btm  : QC discoverable result 2
03-19 15:34:56.709 25881 25971 W bt_btm  : QC discoverable result 2, -1813626832
03-19 15:34:56.713 25881 25971 W bt_btm  : QC discoverable result 2
03-19 15:34:56.713 25881 25971 W bt_btm  : QC discoverable result 2, -1813626832
03-19 15:34:56.727 25881 25971 W bt_btm  : QC discoverable result 2
03-19 15:34:56.728 25881 25971 W bt_btm  : QC discoverable result 2, -1813626832
03-19 15:34:56.736 25881 25971 W bt_btm  : QC discoverable result 2
03-19 15:34:56.736 25881 25971 W bt_btm  : QC discoverable result 2, -1813626832
03-19 15:34:56.753 25881 25971 W bt_btm  : QC waiting for scan response
03-19 15:34:56.753 25881 25971 W bt_btm  : QC waiting for scan response
03-19 15:34:56.753 25881 25971 W bt_btm  : QC discoverable result 2
03-19 15:34:56.753 25881 25971 W bt_btm  : QC discoverable result 2, -1813626832
03-19 15:34:56.756 25881 25971 W bt_btm  : QC discoverable result 2
03-19 15:34:56.756 25881 25971 W bt_btm  : QC discoverable result 2, -1813626832
03-19 15:34:56.790 25881 25971 W bt_btm  : QC waiting for scan response
03-19 15:34:56.790 25881 25971 W bt_btm  : QC discoverable result 2
03-19 15:34:56.790 25881 25971 W bt_btm  : QC discoverable result 2, -1813626832
03-19 15:34:56.823 25881 25971 W bt_btm  : QC waiting for scan response
03-19 15:34:56.823 25881 25971 W bt_btm  : QC discoverable result 2
03-19 15:34:56.823 25881 25971 W bt_btm  : QC discoverable result 2, -1813626832
03-19 15:34:56.828 25881 25971 W bt_btm  : QC discoverable result 2
03-19 15:34:56.828 25881 25971 W bt_btm  : QC discoverable result 2, -1813626832
03-19 15:34:56.836 25881 25971 W bt_btm  : QC discoverable result 2
03-19 15:34:56.836 25881 25971 W bt_btm  : QC discoverable result 2, -1813626832
03-19 15:34:56.861 25881 25971 W bt_btm  : QC discoverable result 2
03-19 15:34:56.861 25881 25971 W bt_btm  : QC discoverable result 2, -1813626832
03-19 15:34:56.899 25881 25971 W bt_btm  : QC discoverable result 2
03-19 15:34:56.899 25881 25971 W bt_btm  : QC discoverable result 2, -1813626832
03-19 15:34:56.917 25881 25971 W bt_btm  : QC discoverable result 2
03-19 15:34:56.917 25881 25971 W bt_btm  : QC discoverable result 2, -1813626832
03-19 15:34:56.929 25881 25971 W bt_btm  : QC discoverable result 2
03-19 15:34:56.929 25881 25971 W bt_btm  : QC discoverable result 2, -1813626832
03-19 15:34:56.929 25881 25971 W bt_btm  : QC discoverable result 2
03-19 15:34:56.929 25881 25971 W bt_btm  : QC discoverable result 2, -1813626832
03-19 15:34:56.937 25881 25971 W bt_btm  : QC discoverable result 2
03-19 15:34:56.938 25881 25971 W bt_btm  : QC discoverable result 2, -1813626832
03-19 15:34:56.949 25881 25971 W bt_btm  : QC waiting for scan response
03-19 15:34:56.949 25881 25971 W bt_btm  : QC discoverable result 2
03-19 15:34:56.949 25881 25971 W bt_btm  : QC discoverable result 2, -1813626832
03-19 15:34:56.963 25881 25971 W bt_btm  : QC waiting for scan response
03-19 15:34:56.963 25881 25971 W bt_btm  : QC discoverable result 2
03-19 15:34:56.963 25881 25971 W bt_btm  : QC discoverable result 2, -1813626832
03-19 15:34:56.970 25881 25971 W bt_btm  : QC discoverable result 2
03-19 15:34:56.970 25881 25971 W bt_btm  : QC discoverable result 2, -1813626832
03-19 15:34:56.976 25881 25971 W bt_btm  : QC waiting for scan response
03-19 15:34:56.977 25881 25971 W bt_btm  : QC discoverable result 2
03-19 15:34:56.977 25881 25971 W bt_btm  : QC discoverable result 2, -1813626832
03-19 15:34:57.011 25881 25971 W bt_btm  : QC waiting for scan response
03-19 15:34:57.012 25881 25971 W bt_btm  : QC discoverable result 2
03-19 15:34:57.012 25881 25971 W bt_btm  : QC discoverable result 2, -1813626832
03-19 15:34:57.030 25881 25971 W bt_btm  : QC discoverable result 2
03-19 15:34:57.030 25881 25971 W bt_btm  : QC discoverable result 2, -1813626832
03-19 15:34:57.033 25881 25971 W bt_btm  : QC discoverable result 2
03-19 15:34:57.033 25881 25971 W bt_btm  : QC discoverable result 2, -1813626832
03-19 15:34:57.066 25881 25971 W bt_btm  : QC waiting for scan response
03-19 15:34:57.066 25881 25971 W bt_btm  : QC waiting for scan response
03-19 15:34:57.067 25881 25971 W bt_btm  : QC discoverable result 2
03-19 15:34:57.067 25881 25971 W bt_btm  : QC discoverable result 2, -1813626832
03-19 15:34:57.080 25881 25971 W bt_btm  : QC waiting for scan response
03-19 15:34:57.081 25881 25971 W bt_btm  : QC discoverable result 2
03-19 15:34:57.081 25881 25971 W bt_btm  : QC discoverable result 2, -1813626832
03-19 15:34:57.109 25881 25971 W bt_btm  : QC discoverable result 2
03-19 15:34:57.109 25881 25971 W bt_btm  : QC discoverable result 2, -1813626832
03-19 15:34:57.112 25881 25971 W bt_btm  : QC waiting for scan response
03-19 15:34:57.113 25881 25971 W bt_btm  : QC discoverable result 2
03-19 15:34:57.113 25881 25971 W bt_btm  : QC discoverable result 2, -1813626832
03-19 15:34:57.120 25881 25971 W bt_btm  : QC discoverable result 2
03-19 15:34:57.120 25881 25971 W bt_btm  : QC discoverable result 2, -1813626832
03-19 15:34:57.137 25881 25971 W bt_btm  : QC discoverable result 2
03-19 15:34:57.137 25881 25971 W bt_btm  : QC discoverable result 2, -1813626832
03-19 15:34:57.173 25881 25971 W bt_btm  : QC waiting for scan response
03-19 15:34:57.207 25881 25971 I chatty  : uid=1002(bluetooth) btu message loo identical 1 line
03-19 15:34:57.219 25881 25971 W bt_btm  : QC waiting for scan response
03-19 15:34:57.219 25881 25971 W bt_btm  : QC discoverable result 2
03-19 15:34:57.219 25881 25971 W bt_btm  : QC discoverable result 2, -1813626832
03-19 15:34:57.222 25881 25971 W bt_btm  : QC discoverable result 2
03-19 15:34:57.223 25881 25971 W bt_btm  : QC discoverable result 2, -1813626832
03-19 15:34:57.225 25881 25971 W bt_btm  : QC discoverable result 2
03-19 15:34:57.225 25881 25971 W bt_btm  : QC discoverable result 2, -1813626832
03-19 15:34:57.242 25881 25971 W bt_btm  : QC discoverable result 2
03-19 15:34:57.242 25881 25971 W bt_btm  : QC discoverable result 2, -1813626832
03-19 15:34:57.257 25881 25971 W bt_btm  : QC waiting for scan response
03-19 15:34:57.257 25881 25971 W bt_btm  : QC discoverable result 2
03-19 15:34:57.258 25881 25971 W bt_btm  : QC discoverable result 2, -1813626832
03-19 15:34:57.297   688 25968 I vendor.qti.bluetooth@1.0-ibs_handler: ProcessIbsCmd: Received IBS_SLEEP_IND: 0xFE
03-19 15:34:57.297   688 25968 D vendor.qti.bluetooth@1.0-ibs_handler: SerialClockVote: vote for UART CLK OFF
03-19 15:34:57.324   688 25968 I vendor.qti.bluetooth@1.0-ibs_handler: ProcessIbsCmd: Received IBS_WAKE_IND: 0xFD
03-19 15:34:57.325   688 25968 D vendor.qti.bluetooth@1.0-ibs_handler: SerialClockVote: vote for UART CLK ON
03-19 15:34:57.325   688 25968 I vendor.qti.bluetooth@1.0-ibs_handler: ProcessIbsCmd: Writing IBS_WAKE_ACK
03-19 15:34:57.326 25881 25971 W bt_btm  : QC waiting for scan response
03-19 15:34:57.326 25881 25971 W bt_btm  : QC discoverable result 2
03-19 15:34:57.326 25881 25971 W bt_btm  : QC discoverable result 2, -1813626832
03-19 15:34:57.330 25881 25971 W bt_btm  : QC waiting for scan response
03-19 15:34:57.331 25881 25971 W bt_btm  : QC discoverable result 2
03-19 15:34:57.331 25881 25971 W bt_btm  : QC discoverable result 2, -1813626832
03-19 15:34:57.340 25881 25971 W bt_btm  : QC waiting for scan response
03-19 15:34:57.340 25881 25971 W bt_btm  : QC discoverable result 2
03-19 15:34:57.341 25881 25971 W bt_btm  : QC discoverable result 2, -1813626832
03-19 15:34:57.342 25881 25971 W bt_btm  : QC discoverable result 2
03-19 15:34:57.342 25881 25971 W bt_btm  : QC discoverable result 2, -1813626832
03-19 15:34:57.349 25881 25971 W bt_btm  : QC waiting for scan response
03-19 15:34:57.349 25881 25971 W bt_btm  : QC discoverable result 2
03-19 15:34:57.349 25881 25971 W bt_btm  : QC discoverable result 2, -1813626832
03-19 15:34:57.358 25881 25971 W bt_btm  : QC discoverable result 2
03-19 15:34:57.358 25881 25971 W bt_btm  : QC discoverable result 2, -1813626832
03-19 15:34:57.397 25881 25971 W bt_btm  : QC discoverable result 2
03-19 15:34:57.397 25881 25971 W bt_btm  : QC discoverable result 2, -1813626832
03-19 15:34:57.426 25881 25971 W bt_btm  : QC discoverable result 2
03-19 15:34:57.426 25881 25971 W bt_btm  : QC discoverable result 2, -1813626832
03-19 15:34:57.428 25881 25971 W bt_btm  : QC waiting for scan response
03-19 15:34:57.428 25881 25971 W bt_btm  : QC discoverable result 2
03-19 15:34:57.429 25881 25971 W bt_btm  : QC discoverable result 2, -1813626832
03-19 15:34:57.451 25881 25971 W bt_btm  : QC discoverable result 2
03-19 15:34:57.451 25881 25971 W bt_btm  : QC discoverable result 2, -1813626832
03-19 15:34:57.461 25881 25971 W bt_btm  : QC discoverable result 2
03-19 15:34:57.461 25881 25971 W bt_btm  : QC discoverable result 2, -1813626832
03-19 15:34:57.490 25881 25971 W bt_btm  : QC waiting for scan response
03-19 15:34:57.490 25881 25971 W bt_btm  : QC discoverable result 2
03-19 15:34:57.490 25881 25971 W bt_btm  : QC discoverable result 2, -1813626832
03-19 15:34:57.506 25881 25971 W bt_btm  : QC waiting for scan response
03-19 15:34:57.507 25881 25971 W bt_btm  : QC discoverable result 2
03-19 15:34:57.507 25881 25971 W bt_btm  : QC discoverable result 2, -1813626832
03-19 15:34:57.525 25881 25971 W bt_btm  : QC discoverable result 2
03-19 15:34:57.525 25881 25971 W bt_btm  : QC discoverable result 2, -1813626832
03-19 15:34:57.529 25881 25971 W bt_btm  : QC discoverable result 2
03-19 15:34:57.529 25881 25971 W bt_btm  : QC discoverable result 2, -1813626832
03-19 15:34:57.546 25881 25971 W bt_btm  : QC waiting for scan response
03-19 15:34:57.546 25881 25971 W bt_btm  : QC discoverable result 2
03-19 15:34:57.546 25881 25971 W bt_btm  : QC discoverable result 2, -1813626832
03-19 15:34:57.550 25881 25971 W bt_btm  : QC waiting for scan response
03-19 15:34:57.550 25881 25971 W bt_btm  : QC discoverable result 2
03-19 15:34:57.550 25881 25971 W bt_btm  : QC discoverable result 2, -1813626832
03-19 15:34:57.554 25881 25971 W bt_btm  : QC discoverable result 2
03-19 15:34:57.554 25881 25971 W bt_btm  : QC discoverable result 2, -1813626832
03-19 15:34:57.592   688 25968 I vendor.qti.bluetooth@1.0-ibs_handler: ProcessIbsCmd: Received IBS_SLEEP_IND: 0xFE
03-19 15:34:57.592   688 25968 D vendor.qti.bluetooth@1.0-ibs_handler: SerialClockVote: vote for UART CLK OFF
03-19 15:34:57.602   688 25968 I vendor.qti.bluetooth@1.0-ibs_handler: ProcessIbsCmd: Received IBS_WAKE_IND: 0xFD
03-19 15:34:57.602   688 25968 D vendor.qti.bluetooth@1.0-ibs_handler: SerialClockVote: vote for UART CLK ON
03-19 15:34:57.602   688 25968 I vendor.qti.bluetooth@1.0-ibs_handler: ProcessIbsCmd: Writing IBS_WAKE_ACK
03-19 15:34:57.605 25881 25971 W bt_btm  : QC waiting for scan response
03-19 15:34:57.605 25881 25971 W bt_btm  : QC discoverable result 2
03-19 15:34:57.605 25881 25971 W bt_btm  : QC discoverable result 2, -1813626832
03-19 15:34:57.611 25881 25971 W bt_btm  : QC waiting for scan response
03-19 15:34:57.611 25881 25971 W bt_btm  : QC discoverable result 2
03-19 15:34:57.611 25881 25971 W bt_btm  : QC discoverable result 2, -1813626832
03-19 15:34:57.635 25881 25971 W bt_btm  : QC discoverable result 2
03-19 15:34:57.635 25881 25971 W bt_btm  : QC discoverable result 2, -1813626832
03-19 15:34:57.638 25881 25971 W bt_btm  : QC discoverable result 2
03-19 15:34:57.638 25881 25971 W bt_btm  : QC discoverable result 2, -1813626832
03-19 15:34:57.646 25881 25971 W bt_btm  : QC discoverable result 2
03-19 15:34:57.646 25881 25971 W bt_btm  : QC discoverable result 2, -1813626832
03-19 15:34:57.654 25881 25971 W bt_btm  : QC waiting for scan response
03-19 15:34:57.654 25881 25971 W bt_btm  : QC discoverable result 2
03-19 15:34:57.654 25881 25971 W bt_btm  : QC discoverable result 2, -1813626832
03-19 15:34:57.657 25881 25971 W bt_btm  : QC discoverable result 2
03-19 15:34:57.657 25881 25971 W bt_btm  : QC discoverable result 2, -1813626832
03-19 15:34:57.690 25881 25971 W bt_btm  : QC waiting for scan response
03-19 15:34:57.690 25881 25971 W bt_btm  : QC discoverable result 2
03-19 15:34:57.690 25881 25971 W bt_btm  : QC discoverable result 2, -1813626832
03-19 15:34:57.715 25881 25971 W bt_btm  : QC waiting for scan response
03-19 15:34:57.715 25881 25971 W bt_btm  : QC waiting for scan response
03-19 15:34:57.715 25881 25971 W bt_btm  : QC discoverable result 2
03-19 15:34:57.716 25881 25971 W bt_btm  : QC discoverable result 2, -1813626832
03-19 15:34:57.731 25881 25971 W bt_btm  : QC discoverable result 2
03-19 15:34:57.731 25881 25971 W bt_btm  : QC discoverable result 2, -1813626832
03-19 15:34:57.738 25881 25971 W bt_btm  : QC discoverable result 2
03-19 15:34:57.738 25881 25971 W bt_btm  : QC discoverable result 2, -1813626832
03-19 15:34:57.746 25881 25971 W bt_btm  : QC waiting for scan response
03-19 15:34:57.746 25881 25971 W bt_btm  : QC discoverable result 2
03-19 15:34:57.746 25881 25971 W bt_btm  : QC discoverable result 2, -1813626832
03-19 15:34:57.747 25881 25971 W bt_btm  : QC discoverable result 2
03-19 15:34:57.747 25881 25971 W bt_btm  : QC discoverable result 2, -1813626832
03-19 15:34:57.761 25881 25971 W bt_btm  : QC discoverable result 2
03-19 15:34:57.761 25881 25971 W bt_btm  : QC discoverable result 2, -1813626832
03-19 15:34:57.777 25881 25971 W bt_btm  : QC discoverable result 2
03-19 15:34:57.777 25881 25971 W bt_btm  : QC discoverable result 2, -1813626832
03-19 15:34:57.783 25881 25971 W bt_btm  : QC discoverable result 2
03-19 15:34:57.783 25881 25971 W bt_btm  : QC discoverable result 2, -1813626832
03-19 15:34:57.788 25881 25971 W bt_btm  : QC waiting for scan response
03-19 15:34:57.788 25881 25971 W bt_btm  : QC discoverable result 2
03-19 15:34:57.788 25881 25971 W bt_btm  : QC discoverable result 2, -1813626832
03-19 15:34:57.798 25881 25971 W bt_btm  : QC waiting for scan response
03-19 15:34:57.798 25881 25971 W bt_btm  : QC discoverable result 2
03-19 15:34:57.798 25881 25971 W bt_btm  : QC discoverable result 2, -1813626832
03-19 15:34:57.812 25881 25971 W bt_btm  : QC discoverable result 2
03-19 15:34:57.812 25881 25971 W bt_btm  : QC discoverable result 2, -1813626832
03-19 15:34:57.824  4626  4626 D BluetoothAdapter: isLeEnabled(): ON
03-19 15:34:57.827   688   688 I vendor.qti.bluetooth@1.0-ibs_handler: DeviceWakeUp: Writing IBS_WAKE_IND
03-19 15:34:57.828   688 25968 I vendor.qti.bluetooth@1.0-ibs_handler: ProcessIbsCmd: Received IBS_WAKE_ACK: 0xFC
03-19 15:34:57.828 25881 25917 E bt_osi_wakelock: wakelock_acquire wakelock acquired
03-19 15:34:57.828 25881 25919 E bt_osi_wakelock: wakelock_release wakelock released
03-19 15:34:57.830 25881 25917 E bt_osi_wakelock: wakelock_acquire wakelock acquired
03-19 15:34:57.834  4626 17379 D RangeStateEventProcessorImpl: In (0), Out (0)
03-19 15:34:57.834  4626 17379 D RaiseEventProcessorImpl: Raising (0)
03-19 15:34:57.843 25881 25919 E bt_osi_wakelock: wakelock_release wakelock released
03-19 15:34:57.844 25881 25917 E bt_osi_wakelock: wakelock_acquire wakelock acquired
03-19 15:34:57.845 25881 25919 E bt_osi_wakelock: wakelock_release wakelock released
03-19 15:34:57.845 25881 25917 E bt_osi_wakelock: wakelock_acquire wakelock acquired
03-19 15:34:57.846 25881 25919 E bt_osi_wakelock: wakelock_release wakelock released
03-19 15:34:57.846 25881 25917 E bt_osi_wakelock: wakelock_acquire wakelock acquired
03-19 15:34:57.847 25881 25919 E bt_osi_wakelock: wakelock_release wakelock released
03-19 15:34:57.887   688 25968 I vendor.qti.bluetooth@1.0-ibs_handler: ProcessIbsCmd: Received IBS_SLEEP_IND: 0xFE
03-19 15:34:58.846   688 25974 I vendor.qti.bluetooth@1.0-ibs_handler: DeviceSleep: TX Awake, Sending SLEEP_IND
03-19 15:34:58.846   688 25974 D vendor.qti.bluetooth@1.0-ibs_handler: SerialClockVote: vote for UART CLK OFF
03-19 15:34:58.849  1833  1833 D KeyguardIndication: onRefreshBatteryInfo: plugged:true, wasPluggedIn: true, charged:true, level:100, speed:1, last speed:1, visible:false
03-19 15:34:58.884  1833  1833 D KeyguardIndication: onRefreshBatteryInfo: plugged:true, wasPluggedIn: true, charged:true, level:100, speed:1, last speed:1, visible:false
03-19 15:34:58.996   688 25920 D vendor.qti.bluetooth@1.0-wake_lock: Release wakelock is released 
03-19 15:34:59.585  6679  6803 D NetworkStateUtils: netWorkState=4
03-19 15:35:00.000   906  1413 V AlarmManager: Triggering alarm #0: 3 when =206095332 package =android operation =*alarm*:android.intent.action.TIME_TICK flags =0x1
03-19 15:35:00.012  2531  2531 I DigitalWidgetViewsFactory: getCount() return 0 !!!
03-19 15:35:00.031  1833  2057 I ClockCtrl:  schedule next: 59969
03-19 15:35:00.031  1833  2057 I KeyguardUpdateMonitor: onTimeChanged
03-19 15:35:00.031  1833  1833 D KeyguardUpdateMonitor: handleTimeUpdate
03-19 15:35:00.034  1833  1833 I Clock   : onTimeChanged
03-19 15:35:00.034  1833  1833 I Clock   : onTimeChanged
03-19 15:35:00.035  1833  1833 I DateView: onTimeChanged
03-19 15:35:00.048 28851 17384 D EventNotificationJob: Running EventNotificationJob, isDetail=true
03-19 15:35:00.056 28851 17384 D EventNotificationJob:   finished processing events.
03-19 15:35:00.604  6679  6679 D WidgetViewService: --------requestDataUsageUpdate mCurrentDataSim=0
03-19 15:35:00.607  6679  6679 E NativeOperatorDataModel: requesetPkgMonthlyUsageAndTotalInByte 0
03-19 15:35:00.610  6679 14276 D nOperatorDataModel: retrieved value is 0
03-19 15:35:00.611  6679 14276 D nOperatorDataModel: retrieved value is -1
03-19 15:35:00.612  6679 14276 I NativeTrafficDataModel: requesetDataUsage lastCalibrateTime:1550966633507, slot:0, block:false
03-19 15:35:00.615  6679 14276 I RegionTimeUtils: region:[1550966400000, 1553385599999]
03-19 15:35:00.616  6679 14276 I NativeTrafficDataModel: getNetworkTemplate subId:1
03-19 15:35:00.628  6679 14276 I NativeTrafficDataModel: getSpecificTimeUsageBySlotId from framework slotId=0,startTime=0,endTime=1553385599999block=false,totalBytes=22411055195
03-19 15:35:00.629  6679 14276 D NativeTrafficDataModel: slotId:0, value is 22411055195 lastExtraValue is 19273960385
03-19 15:35:00.629  6679 14276 I NativeOperatorDataModel: requesetDataUsage total:-1, used:0, extra:3137094810, slot:0, block:false
03-19 15:35:00.629  6679 14276 D AbstractOperatorModel: mOperatorQueryResultUpdaterList size:2
03-19 15:35:00.629  6679 14276 D WidgetViewService: onTrafficTotalAndUsedUpdate totalByte=-1,usedByte=3137094810,slotId=0
03-19 15:35:00.629  6679 14276 D WidgetViewService: --------notifyMonthlyRemainingDataChanged-----------total=-1,used=3137094810
03-19 15:35:00.630  6679 14276 D TrafficUsageAlarmIntentService: onTrafficTotalAndUsedUpdate totalByte:-1,usedByte:3137094810,slotId:0
03-19 15:35:00.631  6679 14276 D TrafficUsageAlarmIntentService: total is -1 used is 3137094810
03-19 15:35:00.632  6679 14276 D TrafficUsageAlarmIntentService: dataUsageLeftNumberAlert is OperaConst.PKG_USAGE_INVALID_VALUE
03-19 15:35:00.633  6679 14276 D nOperatorDataModel: retrieved value is 0
03-19 15:35:00.634  6679 14276 D nOperatorDataModel: retrieved value is -1
03-19 15:35:00.634  6679 14276 I NativeTrafficDataModel: requesetDataUsage lastCalibrateTime:1550966633507, slot:0, block:true
03-19 15:35:00.636  6679 14276 I RegionTimeUtils: region:[1550966400000, 1553385599999]
03-19 15:35:00.636  6679 14276 I NativeTrafficDataModel: getNetworkTemplate subId:1
03-19 15:35:00.641  6679 14276 D NativeTrafficDataModel: slotId:0
03-19 15:35:00.671  6679 14276 W NativeTrafficDataModel: update usage
03-19 15:35:00.685   906  1440 D NetworkPolicy: set needToBroadcastDataUsageAlarm to true due to TYPE_WARNING
03-19 15:35:00.685   906  1440 W ContextImpl: Calling a method in the system process without a qualified user: android.app.ContextImpl.sendBroadcast:1008 com.android.server.net.NetworkPolicyManagerService.broadcastDataUsageAlarm:5690 com.android.server.net.NetworkPolicyManagerService.updateNotificationsNL:1548 com.android.server.net.NetworkPolicyManagerService$11.onReceive:1329 android.app.LoadedApk$ReceiverDispatcher$Args.lambda$getRunnable$0:1424 
03-19 15:35:00.686   906  1143 W BroadcastQueue: Background execution not allowed: receiving Intent { act=com.oneplus.security.action.DATAUSAGE_ALARM flg=0x20000010 } to com.oneplus.security/.network.trafficalarm.TrafficUsageAlarmReceiver
03-19 15:35:00.693  6679 14276 I NativeTrafficDataModel: getSpecificTimeUsageBySlotId from framework slotId=0,startTime=0,endTime=1553385599999block=true,totalBytes=22411062377
03-19 15:35:00.695  6679 14276 D NativeTrafficDataModel: slotId:0, value is 22411062377 lastExtraValue is 19273960385
03-19 15:35:00.695  6679 14276 I NativeOperatorDataModel: requesetDataUsage total:-1, used:0, extra:3137101992, slot:0, block:true
03-19 15:35:00.695  6679 14276 D AbstractOperatorModel: mOperatorQueryResultUpdaterList size:2
03-19 15:35:00.695  6679 14276 D WidgetViewService: onTrafficTotalAndUsedUpdate totalByte=-1,usedByte=3137101992,slotId=0
03-19 15:35:00.695  6679 14276 D WidgetViewService: --------notifyMonthlyRemainingDataChanged-----------total=-1,used=3137101992
03-19 15:35:00.695  6679 14276 D TrafficUsageAlarmIntentService: onTrafficTotalAndUsedUpdate totalByte:-1,usedByte:3137101992,slotId:0
03-19 15:35:00.696  6679 14276 D TrafficUsageAlarmIntentService: total is -1 used is 3137101992
03-19 15:35:00.696 28851 29818 D ClClient: Not sending keepalive.  Current connection state=STOPPED
03-19 15:35:00.697  6679 14276 D TrafficUsageAlarmIntentService: dataUsageLeftNumberAlert is OperaConst.PKG_USAGE_INVALID_VALUE
03-19 15:35:03.267 25881 25995 D HeadsetPhoneState: sendDeviceStateChanged. mService=1 mIsSimStateLoaded=true mSignal=5 mRoam=0 mBatteryCharge=5
03-19 15:35:03.268 25881 25995 E HeadsetStateMachine: returning mCurrentState as Disconnected
03-19 15:35:03.268 25881 25995 E HeadsetStateMachine: returning mCurrentState as Connected
03-19 15:35:03.268 25881 25995 D HeadsetStateMachine: handleMessage: E msg.what=10
03-19 15:35:03.268 25881 25995 D HeadsetStateMachine: processMsg: Connected
03-19 15:35:03.268 25881 25971 D bt_btif : bta_ag_api_result: p_scb 0x94152e90 
03-19 15:35:03.268 25881 25995 D HeadsetStateMachine: handleMessage: X
03-19 15:35:03.268 25881 25971 D bt_btif : bta_ag_hfp_result : res = 5
03-19 15:35:03.268 25881 25971 D bt_btif : bta_ag_api_result: p_scb 0x94152e90 
03-19 15:35:03.268 25881 25971 D bt_btif : bta_ag_hfp_result : res = 5
03-19 15:35:03.268 25881 25971 D bt_btif : bta_ag_api_result: p_scb 0x94152e90 
03-19 15:35:03.268 25881 25971 D bt_btif : bta_ag_hfp_result : res = 5
03-19 15:35:03.268 25881 25971 D bt_btif : bta_ag_api_result: p_scb 0x94152e90 
03-19 15:35:03.268 25881 25971 D bt_btif : bta_ag_hfp_result : res = 5
03-19 15:35:03.929  1833  1833 D KeyguardIndication: onRefreshBatteryInfo: plugged:true, wasPluggedIn: true, charged:true, level:100, speed:1, last speed:1, visible:false
03-19 15:35:03.938 17114 17114 D UE4     : Battery: status = 5, rawlevel = 100, scale = 100
03-19 15:35:03.938 17114 17114 D UE4     : nativeBatteryEvent(stat = 5, lvl = 100  temp = 29.40 C)
03-19 15:35:04.566  5219  5233 I RecentsModel: loadTasks# mLastLoadPlanId=411, mTaskChangeId=416, callback=null
03-19 15:35:04.568  5219  5219 I RecentsModel: loadTasks# mLastLoadPlanId=411, mTaskChangeId=417, callback=net.oneplus.quickstep.views.RecentsView$$Lambda$5@7e8e369
03-19 15:35:04.568  5219  5219 D LauncherActivityControllerHelper: prepareRecentsUI# activityVisible: false
03-19 15:35:04.568  5219  5219 D StateManager: gotoState# fromState=NORMAL, toState=OVERVIEW
03-19 15:35:04.568  5219  5219 D StateManager: onStateTransitionStart# state: NORMAL -> OVERVIEW
03-19 15:35:04.569   938   938 W start_playback_: type=1400 audit(0.0:568119): avc: denied { lock } for path="/data/system/ramboost-prefetcher.db" dev="sda17" ino=3540960 scontext=u:r:installd:s0 tcontext=u:object_r:system_data_file:s0 tclass=file permissive=0
03-19 15:35:04.569   938   938 W start_playback_: type=1400 audit(0.0:568120): avc: denied { lock } for path="/data/system/ramboost-prefetcher.db" dev="sda17" ino=3540960 scontext=u:r:installd:s0 tcontext=u:object_r:system_data_file:s0 tclass=file permissive=0
03-19 15:35:04.570  5219  5219 D AlphabeticalAppsList: refillAdapterItems app = 162, recent = 5, suggestion = 3, adapter = 168, searchResults =  null, filtered = 167, AllappsStore app = 162, recent = 16
03-19 15:35:04.571  1833  1833 V StatusBar: mStatusBarWindow: com.android.systemui.statusbar.phone.StatusBarWindowView{10079b0 V.ED..... ........ 0,0-1080,80} canPanelBeCollapsed(): false
03-19 15:35:04.571  5219  5219 D AlphabeticalAppsList: refillAdapterItems app = 162, recent = 5, suggestion = 3, adapter = 168, searchResults =  null, filtered = 167, AllappsStore app = 162, recent = 16
03-19 15:35:04.571  5219  5219 D AlphabeticalHiddenAppsList: [refillAdapterItems] hidden app size = 1
03-19 15:35:04.571  5219  5219 D AlphabeticalHiddenAppsList: [updateAdapterItems] hasFilter: false, filtersAppInfos size = 162, mAdapterItems size = 1
03-19 15:35:04.572  5219  5219 D Launcher.Workspace: onStartStateTransition# toState: OVERVIEW
03-19 15:35:04.572  5219  5219 D Launcher.Workspace: onEndStateTransition# toState: OVERVIEW
03-19 15:35:04.573  5219  5219 D StateManager: onStateTransitionEnd# state: OVERVIEW
03-19 15:35:04.573  5219  5219 D SystemUiController: updateUiState setSystemUiVisibility = 0
03-19 15:35:04.574  5219  5219 D SystemUiController: Showing call stack: 
03-19 15:35:04.574  5219  5219 D SystemUiController:     [SystemUiController] OverviewState.java, onStateTransitionEnd, line: 105
03-19 15:35:04.574  5219  5219 D LauncherInitListener: animate window
03-19 15:35:04.575  1833  1833 I vol.Events: writeEvent dismiss_dialog volume_controller
03-19 15:35:04.576   906  6058 I ActivityManager: START u0 {act=android.intent.action.MAIN cat=[android.intent.category.HOME] flg=0x10000000 cmp=net.oneplus.launcher/.Launcher (has extras)} from uid 10058 pid 5219
03-19 15:35:04.580   906  6058 E ANDR-PERF-JNI: com_qualcomm_qtiperformance_native_perf_io_prefetch_start
03-19 15:35:04.580   724   724 E ANDR-IOP: IOP HAL: Received pkg_name = net.oneplus.launcher pid = -1
03-19 15:35:04.581   906  1411 E OnePlusSmartBoostManager: socket connect
03-19 15:35:04.581   906  1411 E OnePlusSmartBoostManager: cmd: iop_start -1 net.oneplus.launcher /data/app/net.oneplus.launcher-W-SOZucqYzZKHGCtUB2o1w== false length = 95
03-19 15:35:04.581   906  1411 E OnePlusSmartBoostManager: data: [B@408c584 length = 95
03-19 15:35:04.581   938 17396 E ANDR-RAMBOOST_SERVER: ramboost cmd_len = 95 cmd: iop_start -1 net.oneplus.launcher /data/app/net.oneplus.launcher-W-SOZucqYzZKHGCtUB2o1w== false
03-19 15:35:04.583   906  6058 D ActivityTrigger: activityResumeTrigger: Activity is not Triggerred in full screen ApplicationInfo{5191126 net.oneplus.launcher}
03-19 15:35:04.583   906  6058 D ActivityTrigger: ActivityTrigger activityPauseTrigger 
03-19 15:35:04.584   906  1143 D RestartProcessManager: increase duration : 40861 for com.YourCompany.RiseOfXeru
03-19 15:35:04.585   906  1143 D RestartProcessManager: Update Total Launch Times :net.oneplus.launcher
03-19 15:35:04.585   906  1143 D RestartProcessManager: sLastRunningPackage (null) : net.oneplus.launcher
03-19 15:35:04.585 17114 17137 D UE4     : Case APP_CMD_PAUSE
03-19 15:35:04.585 17114 17137 D UE4     : LogAndroidEvents: EnqueueAppEvent : 6, 0, tid = 17137
03-19 15:35:04.586 17114 17114 E SensorManager: unregisterListenerImpl callingApp: com.YourCompany.RiseOfXeru,callingPid:17114,callingUid:10276
03-19 15:35:04.586   704  1360 I sensors-hal: activate:99, android.sensor.magnetic_field/19 en=0
03-19 15:35:04.587 17114 17136 D UE4     : [2019.03.19-15.35.04:587][206]LogAndroid: Case APP_CMD_PAUSE
03-19 15:35:04.587   704  1360 I sensors-hal: activate:110, android.sensor.magnetic_field/19 en=0 completed
03-19 15:35:04.587 17114 17136 D UE4     : LogAndroidEvents: Display: DequeueAppEvent : 6, 0
03-19 15:35:04.587 17114 17136 D UE4     : 
03-19 15:35:04.587 17114 17136 D UE4     : [2019.03.19-15.35.04:587][206]LogAndroidEvents: Display: DequeueAppEvent : 6, 0
03-19 15:35:04.588   724   769 E ANDR-IOP: io prefetch is disabled
03-19 15:35:04.588   704  1360 I sensors-hal: activate:99, android.sensor.gyroscope/32 en=0
03-19 15:35:04.589   704  1360 I sensors-hal: activate:110, android.sensor.gyroscope/32 en=0 completed
03-19 15:35:04.589   704  1360 I sensors-hal: batch:132, android.sensor.accelerometer/47, period=200000000, max_latency=0
03-19 15:35:04.592 17114 17235 D UE4     : *** JavaEnvDestructor: 17235
03-19 15:35:04.595  5219  5219 D RecentsView: applyLoadPlan# recent task size: 3
03-19 15:35:04.596  5219  5219 D Launcher.Utilities: getRecentTaskViewCornerRadius# deviceTag: 17819, cornerRadius= 42.75
03-19 15:35:04.596  5219  5219 D Launcher.Utilities: getRecentTaskViewCornerRadius# deviceTag: 17819, cornerRadius= 42.75
03-19 15:35:04.598  5219  5219 E neplus.launche: Invalid ID 0x00000000.
03-19 15:35:04.599  5219  5219 D HighResThumbnailLoader: onTaskInvisible, 2967
03-19 15:35:04.599  5219  5219 D HighResThumbnailLoader: onTaskInvisible, 2969
03-19 15:35:04.599  5219  5219 D Launcher: onNewIntent# intent: Intent { act=android.intent.action.MAIN cat=[android.intent.category.HOME] flg=0x10000000 cmp=net.oneplus.launcher/.Launcher (has extras) }
03-19 15:35:04.600  5219  5219 I RecentsModel: loadTasks# mLastLoadPlanId=417, mTaskChangeId=418, callback=net.oneplus.quickstep.views.RecentsView$$Lambda$5@678b887
03-19 15:35:04.600  5219  5219 D LauncherActivityControllerHelper: prepareRecentsUI# activityVisible: false
03-19 15:35:04.600  5219  5219 D StateManager: gotoState# fromState=OVERVIEW, toState=OVERVIEW
03-19 15:35:04.600  5219  5219 D LauncherInitListener: animate window
03-19 15:35:04.600  5219  5219 D Launcher: onStart# hashcode: 138508437
03-19 15:35:04.601  5219  5219 D NotificationListener: setNotificationsChangedListener# l: net.oneplus.launcher.popup.PopupDataProvider@b7d59c1
03-19 15:35:04.601  5219  5219 D NotificationListener: checkPermissionGranted# grant: false
03-19 15:35:04.601  5219  5219 D WallpaperUtils: [isOnePlusH2BlurWallpaper]: user=0, info=null
03-19 15:35:04.601  5219  5219 D WallpaperEventHandler: [onLauncherStart] mWillResetWallpaper=false, isOnePlusH2BlurWallpaper=false
03-19 15:35:04.601  5219  5219 D Launcher: onResume# hashcode: 138508437
03-19 15:35:04.602  5219  5219 D Launcher: onResume# isInteractive=true
03-19 15:35:04.602   704  1360 I sensors-hal: batch:141, android.sensor.accelerometer/47, period=200000000, max_latency=0 request completed
03-19 15:35:04.602  5219  5219 D Launcher: onResume# isDragging=false
03-19 15:35:04.603  5219  5219 D Launcher: DynamicIcon doWorkspaceOrFolderIconAnimation be enter
03-19 15:35:04.603  5219  5219 D Launcher.Workspace: DynamicIcon Workspace updateCurrentPageDynamicIconState success
03-19 15:35:04.603 17114 17114 D UE4     : ==============> GameActive.onPause complete!
03-19 15:35:04.606   906  1143 D ActivityTrigger: ActivityTrigger activityStopTrigger 
03-19 15:35:04.616  5219  5244 D ClockIconDelegate: updateClockData hour = 3, newHour = 3, oldHour = 11, minute = 35, newMinute = 35, oldMinute = 23, obj = net.oneplus.launcher.dynamicicon.clock.ClockIconDelegate@e09942d
03-19 15:35:04.616  5219  5244 D ClockIconDelegate: DynamicIcon check needInvalidate true, oldHour = 11, newHour = 3, obj = net.oneplus.launcher.dynamicicon.clock.ClockIconDelegate@e09942d
03-19 15:35:04.617  5219  5219 D RecyclerViewWrapper: onWindowVisibilityChanged:0
03-19 15:35:04.627  5219  5233 D DecorView: onWindowFocusChangedFromViewRoot hasFocus: true, DecorView@3d6f6a[Launcher]
03-19 15:35:04.628  5219  5244 D ClockIconDelegate: DynamicIcon check needInvalidate true, oldHour = 11, newHour = 3, obj = net.oneplus.launcher.dynamicicon.clock.ClockIconDelegate@e09942d
03-19 15:35:04.629  1833  1833 D PhoneStatusBarView: getCompatMode: mode:0 ops:3
03-19 15:35:04.629  1833  1833 I PhoneStatusBarView: isFullAndNotchEnabled() isFullMode=false pkg=net.oneplus.launcher isCameraNotchIgnoreSetting=false, uid=10058
03-19 15:35:04.632  5219  5219 D RecentsView: applyLoadPlan# recent task size: 3
03-19 15:35:04.632  5219  5219 D HighResThumbnailLoader: onTaskInvisible, 2967
03-19 15:35:04.633  5219  5219 D HighResThumbnailLoader: onTaskInvisible, 2969
03-19 15:35:04.633  5219  5219 D HighResThumbnailLoader: onTaskInvisible, 2977
03-19 15:35:04.633  5219  5244 D BaseModelUpdateTask: start running net.oneplus.launcher.model.DynamicIconUpdatedTask@d1f1212
03-19 15:35:04.633  5219  5244 D BaseModelUpdateTask: scheduleCallbackTask queue obj = net.oneplus.launcher.model.DynamicIconUpdatedTask@d1f1212, ignoreCheckCallback = false, task = net.oneplus.launcher.model.DynamicIconUpdatedTask$1@9a85de3
03-19 15:35:04.633  5219  5244 D DynamicIconUpdatedTask: DynamicIconUpdatedTask end
03-19 15:35:04.633  5219  5244 D ClockIconDelegate: updateClockData hour = 3, newHour = 3, oldHour = 11, minute = 35, newMinute = 35, oldMinute = 23, obj = net.oneplus.launcher.dynamicicon.clock.ClockIconDelegate@e09942d
03-19 15:35:04.633  5219  5244 D ClockIconDelegate: DynamicIcon check needInvalidate true, oldHour = 11, newHour = 3, obj = net.oneplus.launcher.dynamicicon.clock.ClockIconDelegate@e09942d
03-19 15:35:04.637   906   906 D AudioService: Accessibility volume enabled = false
03-19 15:35:04.640 17114 17236 D UE4     : *** JavaEnvDestructor: 17236
03-19 15:35:04.643   906   906 D AudioService: Accessibility volume enabled = false
03-19 15:35:04.643  5219 22482 D ClockIconDelegate: onAnimationEnd, update old hour = 3, old Minute = 34
03-19 15:35:04.644  5219 22482 D ClockIconDelegate: DynamicIcon check needInvalidate true, oldHour = 3, newHour = 3, obj = net.oneplus.launcher.dynamicicon.clock.ClockIconDelegate@e09942d
03-19 15:35:04.649  5219  5228 W System  : A resource failed to call release. 
03-19 15:35:04.651  5219  5219 D BaseModelUpdateTask: scheduleCallbackTask execute obj = net.oneplus.launcher.model.DynamicIconUpdatedTask@d1f1212, ignoreCheckCallback = false, task = net.oneplus.launcher.model.DynamicIconUpdatedTask$1@9a85de3, queue callbacks = net.oneplus.launcher.Launcher@8417895, executeCallback = net.oneplus.launcher.Launcher@8417895
03-19 15:35:04.651  5219  5219 D Launcher: bindAppsAddedOrUpdated: [AppInfo(id=-1 type=APP container=-1 screen=-1 cell(-1,-1) span(1,1) minSpan(1,1) rank=0 user=UserHandle{0} title=Clock hidden=false dirty = false newInstallTag=null componentName=ComponentInfo{com.oneplus.deskclock/com.oneplus.deskclock.DeskClock} searchResult=null suggestionApp=null)]
03-19 15:35:04.651  5219  5228 W System  : A resource failed to call release. 
03-19 15:35:04.651  5219  5219 D AlphabeticalAppsList: refillAdapterItems app = 162, recent = 5, suggestion = 3, adapter = 168, searchResults =  null, filtered = 167, AllappsStore app = 162, recent = 16
03-19 15:35:04.652  5219  5219 D AlphabeticalAppsList: refillAdapterItems app = 162, recent = 5, suggestion = 3, adapter = 168, searchResults =  null, filtered = 167, AllappsStore app = 162, recent = 16
03-19 15:35:04.652  5219  5244 D ClockIconDelegate: DynamicIcon check needInvalidate true, oldHour = 3, newHour = 3, obj = net.oneplus.launcher.dynamicicon.clock.ClockIconDelegate@e09942d
03-19 15:35:04.652  5219  5219 D AlphabeticalHiddenAppsList: [refillAdapterItems] hidden app size = 1
03-19 15:35:04.652  5219  5219 D AlphabeticalHiddenAppsList: [updateAdapterItems] hasFilter: false, filtersAppInfos size = 162, mAdapterItems size = 1
03-19 15:35:04.652  5219  5219 D AllAppsStore: notifyUpdate count = 5. (0) net.oneplus.launcher.allapps.AlphabeticalAppsList@d436ac5. (1) net.oneplus.launcher.allapps.AlphabeticalAppsList@99aac1a. (2) net.oneplus.launcher.allapps.AlphabeticalHiddenAppsList@d67634b. (3) net.oneplus.launcher.allapps.AllAppsContainerView$$Lambda$1@c485128. (4) net.oneplus.launcher.allapps.search.AppsSearchContainerLayout{3d94186 VFED..CL. ......ID 14,24-1066,219 #7f0a01ff app:id/search_all_apps}. 
03-19 15:35:04.652  5219  5219 D QuickPage: setPackageState: com.oneplus.deskclock, 0, 0
03-19 15:35:04.653  5219  5219 D FrequentAppsGrid: onDynamicIconChanged:ComponentInfo{com.oneplus.deskclock/com.oneplus.deskclock.DeskClock}
03-19 15:35:04.653  5219  5219 D ToolBoxGrid: onDynamicIconChanged: ComponentName= ComponentInfo{com.oneplus.deskclock/com.oneplus.deskclock.DeskClock}, user= UserHandle{0}
03-19 15:35:04.653  5219  5219 D Launcher.Utilities: getShelfShortcutInfoUpdateList: ComponentName= ComponentInfo{com.oneplus.deskclock/com.oneplus.deskclock.DeskClock}, user= UserHandle{0}
03-19 15:35:04.653  5219  5219 D Launcher: DynamicIcon doWorkspaceOrFolderIconAnimation be enter
03-19 15:35:04.653  5219  5219 D Launcher.Workspace: DynamicIcon Workspace updateCurrentPageDynamicIconState success
03-19 15:35:04.654  1833  1833 D StatusBar: useDarkText:false, lockDarkText:false, useDarkTheme:false
03-19 15:35:04.656  5219  5244 D BaseModelUpdateTask: start running net.oneplus.launcher.model.DynamicIconUpdatedTask@7d83d5e
03-19 15:35:04.658  5219 22549 E neplus.launche: Invalid ID 0x00000000.
03-19 15:35:04.659  5219 22549 I chatty  : uid=10058(net.oneplus.launcher) Shelf_TaskWorke identical 4 lines
03-19 15:35:04.659  5219 22549 E neplus.launche: Invalid ID 0x00000000.
03-19 15:35:04.665  5219 22482 D ClockIconDelegate: DynamicIcon check needInvalidate true, oldHour = 3, newHour = 3, obj = net.oneplus.launcher.dynamicicon.clock.ClockIconDelegate@e09942d
03-19 15:35:04.666  5219  5244 D BaseModelUpdateTask: scheduleCallbackTask queue obj = net.oneplus.launcher.model.DynamicIconUpdatedTask@7d83d5e, ignoreCheckCallback = false, task = net.oneplus.launcher.model.DynamicIconUpdatedTask$1@1f3ce0c
03-19 15:35:04.666  5219  5244 D DynamicIconUpdatedTask: DynamicIconUpdatedTask end
03-19 15:35:04.669  5219  5219 D BaseModelUpdateTask: scheduleCallbackTask execute obj = net.oneplus.launcher.model.DynamicIconUpdatedTask@7d83d5e, ignoreCheckCallback = false, task = net.oneplus.launcher.model.DynamicIconUpdatedTask$1@1f3ce0c, queue callbacks = net.oneplus.launcher.Launcher@8417895, executeCallback = net.oneplus.launcher.Launcher@8417895
03-19 15:35:04.669  5219  5219 D Launcher: bindAppsAddedOrUpdated: [AppInfo(id=-1 type=APP container=-1 screen=-1 cell(-1,-1) span(1,1) minSpan(1,1) rank=0 user=UserHandle{0} title=Clock hidden=false dirty = false newInstallTag=null componentName=ComponentInfo{com.oneplus.deskclock/com.oneplus.deskclock.DeskClock} searchResult=null suggestionApp=null)]
03-19 15:35:04.670  5219  5219 D AlphabeticalAppsList: refillAdapterItems app = 162, recent = 5, suggestion = 3, adapter = 168, searchResults =  null, filtered = 167, AllappsStore app = 162, recent = 16
03-19 15:35:04.671  5219  5219 D AlphabeticalAppsList: refillAdapterItems app = 162, recent = 5, suggestion = 3, adapter = 168, searchResults =  null, filtered = 167, AllappsStore app = 162, recent = 16
03-19 15:35:04.671  5219  5219 D AlphabeticalHiddenAppsList: [refillAdapterItems] hidden app size = 1
03-19 15:35:04.671  5219  5219 D AlphabeticalHiddenAppsList: [updateAdapterItems] hasFilter: false, filtersAppInfos size = 162, mAdapterItems size = 1
03-19 15:35:04.671  5219  5244 D BaseModelUpdateTask: start running net.oneplus.launcher.model.DynamicIconUpdatedTask@6de9355
03-19 15:35:04.671  5219  5219 D AllAppsStore: notifyUpdate count = 5. (0) net.oneplus.launcher.allapps.AlphabeticalAppsList@d436ac5. (1) net.oneplus.launcher.allapps.AlphabeticalAppsList@99aac1a. (2) net.oneplus.launcher.allapps.AlphabeticalHiddenAppsList@d67634b. (3) net.oneplus.launcher.allapps.AllAppsContainerView$$Lambda$1@c485128. (4) net.oneplus.launcher.allapps.search.AppsSearchContainerLayout{3d94186 VFED..CL. ......ID 14,24-1066,219 #7f0a01ff app:id/search_all_apps}. 
03-19 15:35:04.671  5219  5219 D QuickPage: setPackageState: com.oneplus.deskclock, 0, 0
03-19 15:35:04.671  5219  5244 D BaseModelUpdateTask: scheduleCallbackTask queue obj = net.oneplus.launcher.model.DynamicIconUpdatedTask@6de9355, ignoreCheckCallback = false, task = net.oneplus.launcher.model.DynamicIconUpdatedTask$1@666d16a
03-19 15:35:04.671  5219  5244 D DynamicIconUpdatedTask: DynamicIconUpdatedTask end
03-19 15:35:04.672  5219  5219 D FrequentAppsGrid: onDynamicIconChanged:ComponentInfo{com.oneplus.deskclock/com.oneplus.deskclock.DeskClock}
03-19 15:35:04.672  5219  5219 D ToolBoxGrid: onDynamicIconChanged: ComponentName= ComponentInfo{com.oneplus.deskclock/com.oneplus.deskclock.DeskClock}, user= UserHandle{0}
03-19 15:35:04.672  5219  5219 D Launcher.Utilities: getShelfShortcutInfoUpdateList: ComponentName= ComponentInfo{com.oneplus.deskclock/com.oneplus.deskclock.DeskClock}, user= UserHandle{0}
03-19 15:35:04.672  5219  5219 D Launcher: DynamicIcon doWorkspaceOrFolderIconAnimation be enter
03-19 15:35:04.672  5219  5219 D Launcher.Workspace: DynamicIcon Workspace updateCurrentPageDynamicIconState success
03-19 15:35:04.676  5219  5219 D FSSwipeUpAnimationProvider: createAnimationToRecents# taskBeingDragged: net.oneplus.quickstep.views.TaskView{abde145 V.E...C.. ........ 1762,306-2519,1854}
03-19 15:35:04.676  5219 22549 E neplus.launche: Invalid ID 0x00000000.
03-19 15:35:04.676  5219 22549 E neplus.launche: Invalid ID 0x00000000.
03-19 15:35:04.676  5219 22549 I chatty  : uid=10058(net.oneplus.launcher) Shelf_TaskWorke identical 3 lines
03-19 15:35:04.676  5219 22549 E neplus.launche: Invalid ID 0x00000000.
03-19 15:35:04.685  5219  5219 D BaseModelUpdateTask: scheduleCallbackTask execute obj = net.oneplus.launcher.model.DynamicIconUpdatedTask@6de9355, ignoreCheckCallback = false, task = net.oneplus.launcher.model.DynamicIconUpdatedTask$1@666d16a, queue callbacks = net.oneplus.launcher.Launcher@8417895, executeCallback = net.oneplus.launcher.Launcher@8417895
03-19 15:35:04.686  5219  5219 D Launcher: bindAppsAddedOrUpdated: [AppInfo(id=-1 type=APP container=-1 screen=-1 cell(-1,-1) span(1,1) minSpan(1,1) rank=0 user=UserHandle{0} title=Clock hidden=false dirty = false newInstallTag=null componentName=ComponentInfo{com.oneplus.deskclock/com.oneplus.deskclock.DeskClock} searchResult=null suggestionApp=null)]
