03-19 15:34:39.808   591   591 E wpa_supplicant: wpa_driver_oem_initialize: NULL oem_handle , err: dlopen failed: library "/vendor/lib64/libwpa_drv_oem.so" not found
03-19 15:34:39.810  1974  1974 I DPMJ    : |SERVICE| sendWifiStatus - subType: 21 networkState: 0 softApState: 11 rssi=0 ssid=null bssid=null ipV4Addr=null ifNameV4=null ipAddrV6=null ifNameV6=null
03-19 15:34:39.810  1095  1095 E Parcel  : Reading a NULL string not supported here.
03-19 15:34:39.810  1095  1095 I chatty  : uid=1000(system) /system/bin/dpmd identical 2 lines
03-19 15:34:39.810  1095  1095 E Parcel  : Reading a NULL string not supported here.
03-19 15:34:39.811  4626  4626 W FORESEE_DEBUG: Could not respond to network event due to class com.google.inject.ConfigurationException
03-19 15:34:39.815   906 17313 D ApfFilter: (wlan0): begin monitoring
03-19 15:34:39.821   906  1447 D ConnectivityService: NetworkAgentInfo [WIFI () - 215] EVENT_NETWORK_INFO_CHANGED, going from CONNECTING to CONNECTING
03-19 15:34:39.823   906  1447 D ConnectivityService: getDefaultDataSubscriptionId, sub id = 1
03-19 15:34:39.823   906  6766 V LocSvc_HIDL_Subscription_jni: wifi_supplicant_status_update
03-19 15:34:39.823   906  6766 V LocSvc_HIDL_Subscription_jni: [wifi_supplicant_status_update][697] [HC] =>> [HS]
03-19 15:34:39.824   720   720 V LocSvc_HIDL_IzatSubscription: [wifiSupplicantStatusUpdate][675] [HS] <<<<= [HC]
03-19 15:34:39.824   906  6766 V LocSvc_HIDL_Subscription_jni: Exit Result 0
03-19 15:34:39.825   591   591 E wpa_supplicant: wpa_driver_oem_initialize: NULL oem_handle , err: dlopen failed: library "/vendor/lib64/libwpa_drv_oem.so" not found
03-19 15:34:39.825   906 17314 D DhcpClient: Receive thread started
03-19 15:34:39.825   591   591 E wpa_supplicant: wpa_driver_oem_initialize: NULL oem_handle , err: dlopen failed: library "/vendor/lib64/libwpa_drv_oem.so" not found
03-19 15:34:39.829   906   619 D DhcpClient: Broadcasting DHCPDISCOVER
03-19 15:34:39.830  4626  4626 W FORESEE_DEBUG: Could not respond to network event due to class com.google.inject.ConfigurationException
03-19 15:34:39.834   950   950 I cnss-daemon: wlan_service_core_minfreq: RESET
03-19 15:34:39.834   950   950 E cnss-daemon: wlan_service_core_minfreq: reset: handle not valid
03-19 15:34:39.835   906  1447 I chatty  : uid=1000(system) ConnectivitySer identical 12 lines
03-19 15:34:39.835   906  1447 D ConnectivityService: getDefaultDataSubscriptionId, sub id = 1
03-19 15:34:39.836  4626  4626 W FORESEE_DEBUG: Could not respond to network event due to class com.google.inject.ConfigurationException
03-19 15:34:40.697 28851 29818 D ClClient: Not sending keepalive.  Current connection state=STOPPED
03-19 15:34:41.931   906  1413 V AlarmManager: Triggering alarm #0: 2 when =206077263 package =android operation = null listenTag =DhcpClient.wlan0.KICK flags =0x9
03-19 15:34:41.933   906   619 D DhcpClient: Broadcasting DHCPDISCOVER
03-19 15:34:44.089 17114 17114 D UE4     : Battery: status = 5, rawlevel = 100, scale = 100
03-19 15:34:44.089 17114 17114 D UE4     : nativeBatteryEvent(stat = 5, lvl = 100  temp = 29.30 C)
03-19 15:34:44.091  1833  1833 D KeyguardIndication: onRefreshBatteryInfo: plugged:true, wasPluggedIn: true, charged:true, level:100, speed:1, last speed:1, visible:false
03-19 15:34:45.281   906  1143 E OHPD    : [BgDetect] AppForkedProc kworker/1:2 pid 13614 uid 0 can't find pkgName
03-19 15:34:45.281   906  1143 E OHPD    : [BgDetect] AppForkedProc kworker/5:0H pid 15188 uid 0 can't find pkgName
03-19 15:34:45.281   906  1143 E OHPD    : [BgDetect] AppForkedProc kworker/u16:13 pid 15461 uid 0 can't find pkgName
03-19 15:34:45.281   906  1143 E OHPD    : [BgDetect] AppForkedProc kworker/2:0 pid 15851 uid 0 can't find pkgName
03-19 15:34:45.292   906  1143 I OHPD    : [BgDetect]chkExcessCpu level: 0 doKills: true critical false uptime: 300348
03-19 15:34:45.318   906  1143 I OHPD    : isIsolated process: app.uid:99124,app.info.uid:10116, app.processName:com.android.chrome:sandboxed_process0
03-19 15:34:45.368   906  1143 I OHPD    : isIsolated process: app.uid:99130,app.info.uid:10153, app.processName:com.android.chrome:sandboxed_process0
03-19 15:34:45.553   906  1143 I OHPD    : [BgDetect]chkExcessCpu level: 1 doKills: true critical false uptime: 300343
03-19 15:34:45.561   688   688 D vendor.qti.bluetooth@1.0-ibs_handler: SerialClockVote: vote for UART CLK ON
03-19 15:34:45.562   688   688 D vendor.qti.bluetooth@1.0-wake_lock: Acquire wakelock is acquired 
03-19 15:34:45.562   688   688 I vendor.qti.bluetooth@1.0-ibs_handler: DeviceWakeUp: Writing IBS_WAKE_IND
03-19 15:34:45.566   688 25968 I vendor.qti.bluetooth@1.0-ibs_handler: ProcessIbsCmd: Received IBS_WAKE_ACK: 0xFC
03-19 15:34:45.566 25881 25917 E bt_osi_wakelock: wakelock_acquire wakelock acquired
03-19 15:34:45.567   688 25968 I vendor.qti.bluetooth@1.0-ibs_handler: ProcessIbsCmd: Received IBS_WAKE_IND: 0xFD
03-19 15:34:45.567   688 25968 I vendor.qti.bluetooth@1.0-ibs_handler: ProcessIbsCmd: Writing IBS_WAKE_ACK
03-19 15:34:45.570 25881 25919 E bt_osi_wakelock: wakelock_release wakelock released
03-19 15:34:45.573   906  1143 I OHPD    : isIsolated process: app.uid:99124,app.info.uid:10116, app.processName:com.android.chrome:sandboxed_process0
03-19 15:34:45.608   688 25968 I vendor.qti.bluetooth@1.0-ibs_handler: ProcessIbsCmd: Received IBS_SLEEP_IND: 0xFE
03-19 15:34:45.617   906  1140 D BatteryStatsService: @@@@ awaitUninterruptibly in 66 ms
03-19 15:34:45.623   906  1143 I OHPD    : isIsolated process: app.uid:99130,app.info.uid:10153, app.processName:com.android.chrome:sandboxed_process0
03-19 15:34:45.809   906   906 W Looper  : Slow dispatch took 127ms main h=android.os.Handler c=com.android.server.-$$Lambda$BatteryService$2x73lvpB0jctMSVP4qb9sHAqRPw@d0519b7 m=0
03-19 15:34:45.812  1833  1833 D KeyguardIndication: onRefreshBatteryInfo: plugged:true, wasPluggedIn: true, charged:true, level:100, speed:1, last speed:1, visible:false
03-19 15:34:45.854  1833  1833 I chatty  : uid=10018(com.android.systemui) identical 2 lines
03-19 15:34:45.854  1833  1833 D KeyguardIndication: onRefreshBatteryInfo: plugged:true, wasPluggedIn: true, charged:true, level:100, speed:1, last speed:1, visible:false
03-19 15:34:46.056   906  1413 V AlarmManager: Triggering alarm #0: 2 when =206081388 package =android operation = null listenTag =DhcpClient.wlan0.KICK flags =0x9
03-19 15:34:46.057   906   619 D DhcpClient: Broadcasting DHCPDISCOVER
03-19 15:34:46.566   688 25974 I vendor.qti.bluetooth@1.0-ibs_handler: DeviceSleep: TX Awake, Sending SLEEP_IND
03-19 15:34:46.566   688 25974 D vendor.qti.bluetooth@1.0-ibs_handler: SerialClockVote: vote for UART CLK OFF
03-19 15:34:46.716   688 25920 D vendor.qti.bluetooth@1.0-wake_lock: Release wakelock is released 
03-19 15:34:47.037   906  1413 V AlarmManager: Triggering alarm #0: 0 when =1553009678203 package =uk.co.nationalrail.google operation =*walarm*:uk.co.nationalrail.google/co.proxad.commuterhive.SyncReceiver flags =0x0
03-19 15:34:47.038   906  1413 V AlarmManager: Triggering alarm #1: 2 when =206079099 package =android operation = null listenTag =WriteBufferAlarm flags =0x8
03-19 15:34:47.038   906  1413 V AlarmManager: Triggering alarm #2: 3 when =206075500 package =com.google.android.gms operation =*alarm*:com.google.android.gms/.lockbox.LockboxAlarmReceiver flags =0x0
03-19 15:34:47.038   906  1413 V AlarmManager: Triggering alarm #3: 3 when =206075534 package =com.google.android.gms operation =*alarm*:com.google.android.gms/.lockbox.LockboxAlarmReceiver flags =0x0
03-19 15:34:47.038   906  1413 V AlarmManager: Triggering alarm #4: 1 when =1553009687037 package =com.ombiel.campusm.mmu operation =*alarm*:com.ombiel.campusm.mmu.BEACON_WAKEUP flags =0x0
03-19 15:34:47.041   906  1443 W AlarmManager: Unrecognized alarm listener com.android.server.wifi.WifiConfigStore$1@35e00fc
03-19 15:34:47.042  4626  4626 I SyncReceiver: SyncEvent
03-19 15:34:47.046  4626 17342 I SyncReceiver: Syncing: false
03-19 15:34:47.069   906 10182 W BroadcastQueue: Background execution not allowed: receiving Intent { act=com.ombiel.campusm.mmu.BEACON_WAKEUP flg=0x14 (has extras) } to com.ombiel.campusm.mmu/com.ombiel.campusm.receiver.BeaconReceiver
03-19 15:34:47.071   906  1443 D WifiConfigStore: Writing to stores completed in 29 ms.
03-19 15:34:50.174   906  1143 W ActivityManager: Stopping service due to app idle: u0a116 -2m19s521ms com.snapchat.android/com.snapchat.messaging.chat.sccp.service.SecureChatServiceImpl
03-19 15:34:50.175   752  8276 D AudioPolicyService: setRecordSilenced() uid 99124 on silenced 1
03-19 15:34:50.175   752  8276 D AudioPolicyService: setRecordSilenced() uid 10116 on silenced 1
03-19 15:34:50.175   752  8276 D AudioPolicyService: setRecordSilenced() uid 10009 on silenced 1
03-19 15:34:50.346 12973 13131 I Metrics:BatchTransmitte: QueuePusher.sendBatches - Drained batch queue.; Number of HIGH_ANONYMOUS queue batches sent: 0
03-19 15:34:50.696 28851 29818 D ClClient: Not sending keepalive.  Current connection state=STOPPED
03-19 15:34:50.746 13147 13240 E memtrack: Couldn't load memtrack module
03-19 15:34:50.746 13147 13240 W android.os.Debug: failed to get memory consumption info: -1
03-19 15:34:51.127  1833  1833 D KeyguardIndication: onRefreshBatteryInfo: plugged:true, wasPluggedIn: true, charged:true, level:100, speed:1, last speed:1, visible:false
03-19 15:34:51.143 16606 16606 D StateMachine: EVENT: ACTIVATE
03-19 15:34:51.143 16606 16606 D StateMachine: invalid transition, current state: ACTIVE
03-19 15:34:53.507   906  1413 V AlarmManager: Triggering alarm #0: 2 when =206088839 package =android operation = null listenTag =DhcpClient.wlan0.KICK flags =0x9
03-19 15:34:53.509   906   619 D DhcpClient: Broadcasting DHCPDISCOVER
03-19 15:34:53.778   906  1413 V AlarmManager: Triggering alarm #0: 0 when =1553009693778 package =uk.co.nationalrail.google operation =*walarm*:com.proxama.ble.scanner.ACTION_MAINTENANCE_WINDOW flags =0x0
03-19 15:34:53.792  4626  4626 D BluetoothAdapter: isLeEnabled(): ON
03-19 15:34:53.798 25881 25971 I bt_stack: [INFO:gatt_api.cc(949)] GATT_Register1db91520-7ffb-e77e-5c3a-c174a4410b47
03-19 15:34:53.798 25881 25971 I bt_stack: [INFO:gatt_api.cc(969)] allocated gatt_if=9
03-19 15:34:53.799  4626 25355 D BluetoothLeScanner: onScannerRegistered() - status=0 scannerId=9 mScannerId=0
03-19 15:34:53.812   688   688 D vendor.qti.bluetooth@1.0-ibs_handler: SerialClockVote: vote for UART CLK ON
03-19 15:34:53.813   688   688 D vendor.qti.bluetooth@1.0-wake_lock: Acquire wakelock is acquired 
03-19 15:34:53.813   688   688 I vendor.qti.bluetooth@1.0-ibs_handler: DeviceWakeUp: Writing IBS_WAKE_IND
03-19 15:34:53.817   688 25968 I vendor.qti.bluetooth@1.0-ibs_handler: ProcessIbsCmd: Received IBS_WAKE_ACK: 0xFC
03-19 15:34:53.818 25881 25917 E bt_osi_wakelock: wakelock_acquire wakelock acquired
03-19 15:34:53.818   688 25968 I vendor.qti.bluetooth@1.0-ibs_handler: ProcessIbsCmd: Received IBS_WAKE_IND: 0xFD
03-19 15:34:53.818   688 25968 I vendor.qti.bluetooth@1.0-ibs_handler: ProcessIbsCmd: Writing IBS_WAKE_ACK
03-19 15:34:53.819 25881 25919 E bt_osi_wakelock: wakelock_release wakelock released
03-19 15:34:53.821 25881 25917 E bt_osi_wakelock: wakelock_acquire wakelock acquired
03-19 15:34:53.822 25881 25919 E bt_osi_wakelock: wakelock_release wakelock released
03-19 15:34:53.823 25881 25917 E bt_osi_wakelock: wakelock_acquire wakelock acquired
03-19 15:34:53.826 25881 25919 E bt_osi_wakelock: wakelock_release wakelock released
03-19 15:34:53.827 25881 25917 E bt_osi_wakelock: wakelock_acquire wakelock acquired
03-19 15:34:53.828 25881 25919 E bt_osi_wakelock: wakelock_release wakelock released
03-19 15:34:53.829 25881 25917 E bt_osi_wakelock: wakelock_acquire wakelock acquired
03-19 15:34:53.831 25881 25919 E bt_osi_wakelock: wakelock_release wakelock released
03-19 15:34:53.831 25881 25917 E bt_osi_wakelock: wakelock_acquire wakelock acquired
03-19 15:34:53.832 25881 25919 E bt_osi_wakelock: wakelock_release wakelock released
03-19 15:34:53.852 25881 25971 W bt_btm  : QC waiting for scan response
03-19 15:34:53.853 25881 25971 W bt_btm  : QC waiting for scan response
03-19 15:34:53.853 25881 25971 W bt_btm  : QC discoverable result 2
03-19 15:34:53.853 25881 25971 W bt_btm  : QC discoverable result 2, -1813626832
03-19 15:34:53.864 25881 25971 W bt_btm  : QC waiting for scan response
03-19 15:34:53.864 25881 25971 W bt_btm  : QC discoverable result 2
03-19 15:34:53.865 25881 25971 W bt_btm  : QC discoverable result 2, -1813626832
03-19 15:34:53.871  4626 17366 D RangeStateEventProcessorImpl: In (0), Out (0)
03-19 15:34:53.872  4626 17366 D RaiseEventProcessorImpl: Raising (0)
03-19 15:34:53.882 25881 25971 W bt_btm  : QC discoverable result 2
03-19 15:34:53.882 25881 25971 W bt_btm  : QC discoverable result 2, -1813626832
03-19 15:34:53.904 25881 25971 W bt_btm  : QC discoverable result 2
03-19 15:34:53.904 25881 25971 W bt_btm  : QC discoverable result 2, -1813626832
03-19 15:34:53.912 25881 25971 W bt_btm  : QC waiting for scan response
03-19 15:34:53.912 25881 25971 W bt_btm  : QC discoverable result 2
03-19 15:34:53.912 25881 25971 W bt_btm  : QC discoverable result 2, -1813626832
03-19 15:34:53.952   688 25968 I vendor.qti.bluetooth@1.0-ibs_handler: ProcessIbsCmd: Received IBS_SLEEP_IND: 0xFE
03-19 15:34:53.966   688 25968 I vendor.qti.bluetooth@1.0-ibs_handler: ProcessIbsCmd: Received IBS_WAKE_IND: 0xFD
03-19 15:34:53.966   688 25968 I vendor.qti.bluetooth@1.0-ibs_handler: ProcessIbsCmd: Writing IBS_WAKE_ACK
03-19 15:34:53.967 25881 25971 W bt_btm  : QC waiting for scan response
03-19 15:34:53.968 25881 25971 W bt_btm  : QC waiting for scan response
03-19 15:34:53.968 25881 25971 W bt_btm  : QC discoverable result 2
03-19 15:34:53.968 25881 25971 W bt_btm  : QC discoverable result 2, -1813626832
03-19 15:34:53.970 25881 25971 W bt_btm  : QC discoverable result 2
03-19 15:34:53.970 25881 25971 W bt_btm  : QC discoverable result 2, -1813626832
03-19 15:34:53.987 25881 25971 W bt_btm  : QC discoverable result 2
03-19 15:34:53.987 25881 25971 W bt_btm  : QC discoverable result 2, -1813626832
03-19 15:34:53.992 25881 25971 W bt_btm  : QC discoverable result 2
03-19 15:34:53.992 25881 25971 W bt_btm  : QC discoverable result 2, -1813626832
03-19 15:34:54.019 25881 25971 W bt_btm  : QC discoverable result 2
03-19 15:34:54.019 25881 25971 W bt_btm  : QC discoverable result 2, -1813626832
03-19 15:34:54.035 25881 25971 W bt_btm  : QC waiting for scan response
03-19 15:34:54.035 25881 25971 W bt_btm  : QC discoverable result 2
03-19 15:34:54.035 25881 25971 W bt_btm  : QC discoverable result 2, -1813626832
03-19 15:34:54.068 25881 25971 W bt_btm  : QC waiting for scan response
03-19 15:34:54.069 25881 25971 W bt_btm  : QC waiting for scan response
03-19 15:34:54.069 25881 25971 W bt_btm  : QC discoverable result 2
03-19 15:34:54.069 25881 25971 W bt_btm  : QC discoverable result 2, -1813626832
03-19 15:34:54.088 25881 25971 W bt_btm  : QC discoverable result 2
03-19 15:34:54.088 25881 25971 W bt_btm  : QC discoverable result 2, -1813626832
03-19 15:34:54.115 25881 25971 W bt_btm  : QC discoverable result 2
03-19 15:34:54.115 25881 25971 W bt_btm  : QC discoverable result 2, -1813626832
03-19 15:34:54.154   688 25968 I vendor.qti.bluetooth@1.0-ibs_handler: ProcessIbsCmd: Received IBS_SLEEP_IND: 0xFE
03-19 15:34:54.169   688 25968 I vendor.qti.bluetooth@1.0-ibs_handler: ProcessIbsCmd: Received IBS_WAKE_IND: 0xFD
03-19 15:34:54.170   688 25968 I vendor.qti.bluetooth@1.0-ibs_handler: ProcessIbsCmd: Writing IBS_WAKE_ACK
03-19 15:34:54.171 25881 25971 W bt_btm  : QC discoverable result 2
03-19 15:34:54.171 25881 25971 W bt_btm  : QC discoverable result 2, -1813626832
03-19 15:34:54.180 25881 25971 W bt_btm  : QC discoverable result 2
03-19 15:34:54.180 25881 25971 W bt_btm  : QC discoverable result 2, -1813626832
03-19 15:34:54.218   688 25968 I vendor.qti.bluetooth@1.0-ibs_handler: ProcessIbsCmd: Received IBS_SLEEP_IND: 0xFE
03-19 15:34:54.231   688 25968 I vendor.qti.bluetooth@1.0-ibs_handler: ProcessIbsCmd: Received IBS_WAKE_IND: 0xFD
03-19 15:34:54.231   688 25968 I vendor.qti.bluetooth@1.0-ibs_handler: ProcessIbsCmd: Writing IBS_WAKE_ACK
03-19 15:34:54.233 25881 25971 W bt_btm  : QC waiting for scan response
03-19 15:34:54.233 25881 25971 W bt_btm  : QC discoverable result 2
03-19 15:34:54.233 25881 25971 W bt_btm  : QC discoverable result 2, -1813626832
03-19 15:34:54.238 25881 25971 W bt_btm  : QC waiting for scan response
03-19 15:34:54.239 25881 25971 W bt_btm  : QC discoverable result 2
03-19 15:34:54.239 25881 25971 W bt_btm  : QC discoverable result 2, -1813626832
03-19 15:34:54.278   688 25968 I vendor.qti.bluetooth@1.0-ibs_handler: ProcessIbsCmd: Received IBS_SLEEP_IND: 0xFE
03-19 15:34:54.282   688 25968 I vendor.qti.bluetooth@1.0-ibs_handler: ProcessIbsCmd: Received IBS_WAKE_IND: 0xFD
03-19 15:34:54.282   688 25968 I vendor.qti.bluetooth@1.0-ibs_handler: ProcessIbsCmd: Writing IBS_WAKE_ACK
03-19 15:34:54.283 25881 25971 W bt_btm  : QC waiting for scan response
03-19 15:34:54.283 25881 25971 W bt_btm  : QC discoverable result 2
03-19 15:34:54.283 25881 25971 W bt_btm  : QC discoverable result 2, -1813626832
03-19 15:34:54.297 25881 25971 W bt_btm  : QC discoverable result 2
03-19 15:34:54.297 25881 25971 W bt_btm  : QC discoverable result 2, -1813626832
03-19 15:34:54.300 25881 25971 W bt_btm  : QC discoverable result 2
03-19 15:34:54.300 25881 25971 W bt_btm  : QC discoverable result 2, -1813626832
03-19 15:34:54.306 25881 25971 W bt_btm  : QC discoverable result 2
03-19 15:34:54.307 25881 25971 W bt_btm  : QC discoverable result 2, -1813626832
03-19 15:34:54.315 25881 25995 D HeadsetPhoneState: sendDeviceStateChanged. mService=1 mIsSimStateLoaded=true mSignal=5 mRoam=0 mBatteryCharge=5
03-19 15:34:54.316 25881 25995 E HeadsetStateMachine: returning mCurrentState as Disconnected
03-19 15:34:54.316 25881 25995 E HeadsetStateMachine: returning mCurrentState as Connected
03-19 15:34:54.316 25881 25995 D HeadsetStateMachine: handleMessage: E msg.what=10
03-19 15:34:54.316 25881 25995 D HeadsetStateMachine: processMsg: Connected
03-19 15:34:54.317 25881 25971 D bt_btif : bta_ag_api_result: p_scb 0x94152e90 
03-19 15:34:54.317 25881 25971 D bt_btif : bta_ag_hfp_result : res = 5
03-19 15:34:54.317 25881 25971 D bt_btif : bta_ag_api_result: p_scb 0x94152e90 
03-19 15:34:54.317 25881 25971 D bt_btif : bta_ag_hfp_result : res = 5
03-19 15:34:54.317 25881 25971 D bt_btif : bta_ag_api_result: p_scb 0x94152e90 
03-19 15:34:54.317 25881 25971 D bt_btif : bta_ag_hfp_result : res = 5
03-19 15:34:54.317 25881 25971 D bt_btif : bta_ag_api_result: p_scb 0x94152e90 
03-19 15:34:54.317 25881 25971 D bt_btif : bta_ag_hfp_result : res = 5
03-19 15:34:54.317 25881 25995 D HeadsetStateMachine: handleMessage: X
03-19 15:34:54.321 25881 25971 W bt_btm  : QC discoverable result 2
03-19 15:34:54.321 25881 25971 W bt_btm  : QC discoverable result 2, -1813626832
03-19 15:34:54.323 25881 25971 W bt_btm  : QC discoverable result 2
03-19 15:34:54.323 25881 25971 W bt_btm  : QC discoverable result 2, -1813626832
03-19 15:34:54.363   688 25968 I vendor.qti.bluetooth@1.0-ibs_handler: ProcessIbsCmd: Received IBS_SLEEP_IND: 0xFE
03-19 15:34:54.386   688 25968 I vendor.qti.bluetooth@1.0-ibs_handler: ProcessIbsCmd: Received IBS_WAKE_IND: 0xFD
03-19 15:34:54.386   688 25968 I vendor.qti.bluetooth@1.0-ibs_handler: ProcessIbsCmd: Writing IBS_WAKE_ACK
03-19 15:34:54.387 25881 25971 W bt_btm  : QC waiting for scan response
03-19 15:34:54.388 25881 25971 W bt_btm  : QC waiting for scan response
03-19 15:34:54.388 25881 25971 W bt_btm  : QC discoverable result 2
03-19 15:34:54.388 25881 25971 W bt_btm  : QC discoverable result 2, -1813626832
03-19 15:34:54.388 25881 25971 W bt_btm  : QC discoverable result 2
03-19 15:34:54.388 25881 25971 W bt_btm  : QC discoverable result 2, -1813626832
03-19 15:34:54.399 25881 25971 W bt_btm  : QC discoverable result 2
03-19 15:34:54.399 25881 25971 W bt_btm  : QC discoverable result 2, -1813626832
03-19 15:34:54.401 25881 25971 W bt_btm  : QC waiting for scan response
03-19 15:34:54.402 25881 25971 W bt_btm  : QC discoverable result 2
03-19 15:34:54.402 25881 25971 W bt_btm  : QC discoverable result 2, -1813626832
03-19 15:34:54.406 25881 25971 W bt_btm  : QC discoverable result 2
03-19 15:34:54.406 25881 25971 W bt_btm  : QC discoverable result 2, -1813626832
03-19 15:34:54.407 25881 25971 W bt_btm  : QC discoverable result 2
03-19 15:34:54.407 25881 25971 W bt_btm  : QC discoverable result 2, -1813626832
03-19 15:34:54.414 25881 25971 W bt_btm  : QC waiting for scan response
03-19 15:34:54.416 25881 25971 W bt_btm  : QC waiting for scan response
03-19 15:34:54.416 25881 25971 W bt_btm  : QC discoverable result 2
03-19 15:34:54.416 25881 25971 W bt_btm  : QC discoverable result 2, -1813626832
03-19 15:34:54.428 25881 25971 W bt_btm  : QC discoverable result 2
03-19 15:34:54.428 25881 25971 W bt_btm  : QC discoverable result 2, -1813626832
03-19 15:34:54.458 25881 25971 W bt_btm  : QC waiting for scan response
03-19 15:34:54.459 25881 25971 W bt_btm  : QC discoverable result 2
03-19 15:34:54.459 25881 25971 W bt_btm  : QC discoverable result 2, -1813626832
03-19 15:34:54.487 25881 25971 W bt_btm  : QC discoverable result 2
03-19 15:34:54.487 25881 25971 W bt_btm  : QC discoverable result 2, -1813626832
03-19 15:34:54.494 25881 25971 W bt_btm  : QC waiting for scan response
03-19 15:34:54.497 25881 25971 W bt_btm  : QC discoverable result 2
03-19 15:34:54.497 25881 25971 W bt_btm  : QC discoverable result 2, -1813626832
03-19 15:34:54.497 25881 25971 W bt_btm  : QC discoverable result 2
03-19 15:34:54.497 25881 25971 W bt_btm  : QC discoverable result 2, -1813626832
03-19 15:34:54.503 25881 25971 W bt_btm  : QC discoverable result 2
03-19 15:34:54.503 25881 25971 W bt_btm  : QC discoverable result 2, -1813626832
03-19 15:34:54.509 25881 25971 W bt_btm  : QC discoverable result 2
03-19 15:34:54.509 25881 25971 W bt_btm  : QC discoverable result 2, -1813626832
03-19 15:34:54.512 25881 25971 W bt_btm  : QC discoverable result 2
03-19 15:34:54.512 25881 25971 W bt_btm  : QC discoverable result 2, -1813626832
03-19 15:34:54.528 25881 25971 W bt_btm  : QC discoverable result 2
03-19 15:34:54.528 25881 25971 W bt_btm  : QC discoverable result 2, -1813626832
03-19 15:34:54.556 25881 25971 W bt_btm  : QC waiting for scan response
03-19 15:34:54.556 25881 25971 W bt_btm  : QC discoverable result 2
03-19 15:34:54.556 25881 25971 W bt_btm  : QC discoverable result 2, -1813626832
03-19 15:34:54.571 25881 25971 W bt_btm  : QC waiting for scan response
03-19 15:34:54.571 25881 25971 W bt_btm  : QC discoverable result 2
03-19 15:34:54.571 25881 25971 W bt_btm  : QC discoverable result 2, -1813626832
03-19 15:34:54.583 25881 25971 W bt_btm  : QC waiting for scan response
03-19 15:34:54.583 25881 25971 W bt_btm  : QC discoverable result 2
03-19 15:34:54.583 25881 25971 W bt_btm  : QC discoverable result 2, -1813626832
03-19 15:34:54.598 25881 25971 W bt_btm  : QC waiting for scan response
03-19 15:34:54.598 25881 25971 W bt_btm  : QC discoverable result 2
03-19 15:34:54.598 25881 25971 W bt_btm  : QC discoverable result 2, -1813626832
03-19 15:34:54.599 25881 25971 W bt_btm  : QC discoverable result 2
03-19 15:34:54.599 25881 25971 W bt_btm  : QC discoverable result 2, -1813626832
03-19 15:34:54.606 25881 25971 W bt_btm  : QC discoverable result 2
03-19 15:34:54.606 25881 25971 W bt_btm  : QC discoverable result 2, -1813626832
03-19 15:34:54.615 25881 25971 W bt_btm  : QC waiting for scan response
03-19 15:34:54.615 25881 25971 W bt_btm  : QC discoverable result 2
03-19 15:34:54.615 25881 25971 W bt_btm  : QC discoverable result 2, -1813626832
03-19 15:34:54.615 25881 25971 W bt_btm  : QC discoverable result 2
03-19 15:34:54.615 25881 25971 W bt_btm  : QC discoverable result 2, -1813626832
03-19 15:34:54.630 25881 25971 W bt_btm  : QC waiting for scan response
03-19 15:34:54.630 25881 25971 W bt_btm  : QC discoverable result 2
03-19 15:34:54.630 25881 25971 W bt_btm  : QC discoverable result 2, -1813626832
03-19 15:34:54.670   688 25968 I vendor.qti.bluetooth@1.0-ibs_handler: ProcessIbsCmd: Received IBS_SLEEP_IND: 0xFE
03-19 15:34:54.683   688 25968 I vendor.qti.bluetooth@1.0-ibs_handler: ProcessIbsCmd: Received IBS_WAKE_IND: 0xFD
03-19 15:34:54.683   688 25968 I vendor.qti.bluetooth@1.0-ibs_handler: ProcessIbsCmd: Writing IBS_WAKE_ACK
03-19 15:34:54.685 25881 25971 W bt_btm  : QC waiting for scan response
03-19 15:34:54.685 25881 25971 W bt_btm  : QC discoverable result 2
03-19 15:34:54.685 25881 25971 W bt_btm  : QC discoverable result 2, -1813626832
03-19 15:34:54.702 25881 25971 W bt_btm  : QC discoverable result 2
03-19 15:34:54.703 25881 25971 W bt_btm  : QC discoverable result 2, -1813626832
03-19 15:34:54.706 25881 25971 W bt_btm  : QC discoverable result 2
03-19 15:34:54.706 25881 25971 W bt_btm  : QC discoverable result 2, -1813626832
03-19 15:34:54.712 25881 25971 W bt_btm  : QC discoverable result 2
03-19 15:34:54.713 25881 25971 W bt_btm  : QC discoverable result 2, -1813626832
03-19 15:34:54.727 25881 25971 W bt_btm  : QC waiting for scan response
03-19 15:34:54.729 25881 25971 W bt_btm  : QC discoverable result 2
03-19 15:34:54.729 25881 25971 W bt_btm  : QC discoverable result 2, -1813626832
03-19 15:34:54.731 25881 25971 W bt_btm  : QC discoverable result 2
03-19 15:34:54.731 25881 25971 W bt_btm  : QC discoverable result 2, -1813626832
03-19 15:34:54.740 25881 25971 W bt_btm  : QC discoverable result 2
03-19 15:34:54.740 25881 25971 W bt_btm  : QC discoverable result 2, -1813626832
03-19 15:34:54.768 25881 25971 W bt_btm  : QC waiting for scan response
03-19 15:34:54.769 25881 25971 W bt_btm  : QC waiting for scan response
03-19 15:34:54.769 25881 25971 W bt_btm  : QC discoverable result 2
03-19 15:34:54.769 25881 25971 W bt_btm  : QC discoverable result 2, -1813626832
03-19 15:34:54.775 25881 25971 W bt_btm  : QC waiting for scan response
03-19 15:34:54.775 25881 25971 W bt_btm  : QC discoverable result 2
03-19 15:34:54.776 25881 25971 W bt_btm  : QC discoverable result 2, -1813626832
03-19 15:34:54.778 25881 25971 W bt_btm  : QC waiting for scan response
03-19 15:34:54.778 25881 25971 W bt_btm  : QC discoverable result 2
03-19 15:34:54.778 25881 25971 W bt_btm  : QC discoverable result 2, -1813626832
03-19 15:34:54.781 25881 25971 W bt_btm  : QC waiting for scan response
03-19 15:34:54.781 25881 25971 W bt_btm  : QC discoverable result 2
03-19 15:34:54.781 25881 25971 W bt_btm  : QC discoverable result 2, -1813626832
03-19 15:34:54.808 25881 25971 W bt_btm  : QC waiting for scan response
03-19 15:34:54.808 25881 25971 W bt_btm  : QC discoverable result 2
03-19 15:34:54.808 25881 25971 W bt_btm  : QC discoverable result 2, -1813626832
03-19 15:34:54.818 25881 25971 W bt_btm  : QC discoverable result 2
03-19 15:34:54.818 25881 25971 W bt_btm  : QC discoverable result 2, -1813626832
03-19 15:34:54.822 25881 25971 W bt_btm  : QC discoverable result 2
03-19 15:34:54.822 25881 25971 W bt_btm  : QC discoverable result 2, -1813626832
03-19 15:34:54.831   688 25974 I vendor.qti.bluetooth@1.0-ibs_handler: DeviceSleep: TX Awake, Sending SLEEP_IND
03-19 15:34:54.836 25881 25971 W bt_btm  : QC discoverable result 2
03-19 15:34:54.837 25881 25971 W bt_btm  : QC discoverable result 2, -1813626832
03-19 15:34:54.840 25881 25971 W bt_btm  : QC discoverable result 2
03-19 15:34:54.840 25881 25971 W bt_btm  : QC discoverable result 2, -1813626832
03-19 15:34:54.879   688 25968 I vendor.qti.bluetooth@1.0-ibs_handler: ProcessIbsCmd: Received IBS_SLEEP_IND: 0xFE
03-19 15:34:54.880   688 25968 D vendor.qti.bluetooth@1.0-ibs_handler: SerialClockVote: vote for UART CLK OFF
03-19 15:34:54.881   688 25968 I vendor.qti.bluetooth@1.0-ibs_handler: ProcessIbsCmd: Received IBS_WAKE_IND: 0xFD
03-19 15:34:54.881   688 25968 D vendor.qti.bluetooth@1.0-ibs_handler: SerialClockVote: vote for UART CLK ON
03-19 15:34:54.881   688 25968 I vendor.qti.bluetooth@1.0-ibs_handler: ProcessIbsCmd: Writing IBS_WAKE_ACK
03-19 15:34:54.882 25881 25971 W bt_btm  : QC waiting for scan response
03-19 15:34:54.883 25881 25971 W bt_btm  : QC waiting for scan response
03-19 15:34:54.883 25881 25971 W bt_btm  : QC discoverable result 2
03-19 15:34:54.883 25881 25971 W bt_btm  : QC discoverable result 2, -1813626832
03-19 15:34:54.890 25881 25971 W bt_btm  : QC waiting for scan response
03-19 15:34:54.890 25881 25971 W bt_btm  : QC discoverable result 2
03-19 15:34:54.890 25881 25971 W bt_btm  : QC discoverable result 2, -1813626832
03-19 15:34:54.901 25881 25971 W bt_btm  : QC waiting for scan response
03-19 15:34:54.901 25881 25971 W bt_btm  : QC discoverable result 2
03-19 15:34:54.901 25881 25971 W bt_btm  : QC discoverable result 2, -1813626832
03-19 15:34:54.910 25881 25971 W bt_btm  : QC discoverable result 2
03-19 15:34:54.910 25881 25971 W bt_btm  : QC discoverable result 2, -1813626832
03-19 15:34:54.920 25881 25971 W bt_btm  : QC discoverable result 2
03-19 15:34:54.920 25881 25971 W bt_btm  : QC discoverable result 2, -1813626832
03-19 15:34:54.927 25881 25971 W bt_btm  : QC discoverable result 2
03-19 15:34:54.927 25881 25971 W bt_btm  : QC discoverable result 2, -1813626832
03-19 15:34:54.934 25881 25971 W bt_btm  : QC waiting for scan response
03-19 15:34:54.934 25881 25971 W bt_btm  : QC discoverable result 2
03-19 15:34:54.934 25881 25971 W bt_btm  : QC discoverable result 2, -1813626832
03-19 15:34:54.942 25881 25971 W bt_btm  : QC discoverable result 2
03-19 15:34:54.942 25881 25971 W bt_btm  : QC discoverable result 2, -1813626832
03-19 15:34:54.946 25881 25971 W bt_btm  : QC discoverable result 2
03-19 15:34:54.946 25881 25971 W bt_btm  : QC discoverable result 2, -1813626832
03-19 15:34:54.961 25881 25971 W bt_btm  : QC waiting for scan response
03-19 15:34:54.961 25881 25971 W bt_btm  : QC waiting for scan response
03-19 15:34:54.962 25881 25971 W bt_btm  : QC discoverable result 2
03-19 15:34:54.962 25881 25971 W bt_btm  : QC discoverable result 2, -1813626832
03-19 15:34:55.001   688 25968 I vendor.qti.bluetooth@1.0-ibs_handler: ProcessIbsCmd: Received IBS_SLEEP_IND: 0xFE
03-19 15:34:55.001   688 25968 D vendor.qti.bluetooth@1.0-ibs_handler: SerialClockVote: vote for UART CLK OFF
03-19 15:34:55.026   688 25968 I vendor.qti.bluetooth@1.0-ibs_handler: ProcessIbsCmd: Received IBS_WAKE_IND: 0xFD
03-19 15:34:55.026   688 25968 D vendor.qti.bluetooth@1.0-ibs_handler: SerialClockVote: vote for UART CLK ON
03-19 15:34:55.026   688 25968 I vendor.qti.bluetooth@1.0-ibs_handler: ProcessIbsCmd: Writing IBS_WAKE_ACK
03-19 15:34:55.028 25881 25971 W bt_btm  : QC waiting for scan response
03-19 15:34:55.028 25881 25971 W bt_btm  : QC discoverable result 2
03-19 15:34:55.028 25881 25971 W bt_btm  : QC discoverable result 2, -1813626832
03-19 15:34:55.044 25881 25971 W bt_btm  : QC discoverable result 2
03-19 15:34:55.044 25881 25971 W bt_btm  : QC discoverable result 2, -1813626832
03-19 15:34:55.057 25881 25971 W bt_btm  : QC discoverable result 2
03-19 15:34:55.057 25881 25971 W bt_btm  : QC discoverable result 2, -1813626832
03-19 15:34:55.059 25881 25971 W bt_btm  : QC waiting for scan response
03-19 15:34:55.059 25881 25971 W bt_btm  : QC discoverable result 2
03-19 15:34:55.059 25881 25971 W bt_btm  : QC discoverable result 2, -1813626832
03-19 15:34:55.096 25881 25971 W bt_btm  : QC waiting for scan response
03-19 15:34:55.097 25881 25971 W bt_btm  : QC discoverable result 2
03-19 15:34:55.097 25881 25971 W bt_btm  : QC discoverable result 2, -1813626832
03-19 15:34:55.123 25881 25971 W bt_btm  : QC discoverable result 2
03-19 15:34:55.123 25881 25971 W bt_btm  : QC discoverable result 2, -1813626832
03-19 15:34:55.133 25881 25971 W bt_btm  : QC discoverable result 2
03-19 15:34:55.133 25881 25971 W bt_btm  : QC discoverable result 2, -1813626832
03-19 15:34:55.142 25881 25971 W bt_btm  : QC waiting for scan response
03-19 15:34:55.143 25881 25971 W bt_btm  : QC waiting for scan response
03-19 15:34:55.143 25881 25971 W bt_btm  : QC discoverable result 2
03-19 15:34:55.143 25881 25971 W bt_btm  : QC discoverable result 2, -1813626832
03-19 15:34:55.149 25881 25971 W bt_btm  : QC discoverable result 2
03-19 15:34:55.149 25881 25971 W bt_btm  : QC discoverable result 2, -1813626832
03-19 15:34:55.154 25881 25971 W bt_btm  : QC waiting for scan response
03-19 15:34:55.154 25881 25971 W bt_btm  : QC discoverable result 2
03-19 15:34:55.154 25881 25971 W bt_btm  : QC discoverable result 2, -1813626832
03-19 15:34:55.157 25881 25971 W bt_btm  : QC discoverable result 2
03-19 15:34:55.157 25881 25971 W bt_btm  : QC discoverable result 2, -1813626832
03-19 15:34:55.159 25881 25971 W bt_btm  : QC waiting for scan response
03-19 15:34:55.159 25881 25971 W bt_btm  : QC discoverable result 2
03-19 15:34:55.159 25881 25971 W bt_btm  : QC discoverable result 2, -1813626832
03-19 15:34:55.164 25881 25971 W bt_btm  : QC waiting for scan response
03-19 15:34:55.166 25881 25971 W bt_btm  : QC discoverable result 2
03-19 15:34:55.166 25881 25971 W bt_btm  : QC discoverable result 2, -1813626832
03-19 15:34:55.195 25881 25971 W bt_btm  : QC waiting for scan response
03-19 15:34:55.195 25881 25971 W bt_btm  : QC discoverable result 2
03-19 15:34:55.195 25881 25971 W bt_btm  : QC discoverable result 2, -1813626832
03-19 15:34:55.228 25881 25971 W bt_btm  : QC discoverable result 2
03-19 15:34:55.228 25881 25971 W bt_btm  : QC discoverable result 2, -1813626832
03-19 15:34:55.233 25881 25971 W bt_btm  : QC waiting for scan response
03-19 15:34:55.233 25881 25971 W bt_btm  : QC discoverable result 2
03-19 15:34:55.233 25881 25971 W bt_btm  : QC discoverable result 2, -1813626832
03-19 15:34:55.240 25881 25971 W bt_btm  : QC discoverable result 2
03-19 15:34:55.240 25881 25971 W bt_btm  : QC discoverable result 2, -1813626832
03-19 15:34:55.251 25881 25971 W bt_btm  : QC discoverable result 2
03-19 15:34:55.252 25881 25971 W bt_btm  : QC discoverable result 2, -1813626832
03-19 15:34:55.259 25881 25971 W bt_btm  : QC discoverable result 2
03-19 15:34:55.259 25881 25971 W bt_btm  : QC discoverable result 2, -1813626832
03-19 15:34:55.289 25881 25971 W bt_btm  : QC waiting for scan response
03-19 15:34:55.289 25881 25971 W bt_btm  : QC discoverable result 2
03-19 15:34:55.289 25881 25971 W bt_btm  : QC discoverable result 2, -1813626832
03-19 15:34:55.323 25881 25971 W bt_btm  : QC waiting for scan response
03-19 15:34:55.324 25881 25971 W bt_btm  : QC waiting for scan response
03-19 15:34:55.324 25881 25971 W bt_btm  : QC discoverable result 2
03-19 15:34:55.324 25881 25971 W bt_btm  : QC discoverable result 2, -1813626832
03-19 15:34:55.329 25881 25971 W bt_btm  : QC discoverable result 2
03-19 15:34:55.329 25881 25971 W bt_btm  : QC discoverable result 2, -1813626832
03-19 15:34:55.342 25881 25971 W bt_btm  : QC discoverable result 2
03-19 15:34:55.342 25881 25971 W bt_btm  : QC discoverable result 2, -1813626832
03-19 15:34:55.359 25881 25971 W bt_btm  : QC waiting for scan response
03-19 15:34:55.360 25881 25971 W bt_btm  : QC discoverable result 2
03-19 15:34:55.360 25881 25971 W bt_btm  : QC discoverable result 2, -1813626832
03-19 15:34:55.361 25881 25971 W bt_btm  : QC discoverable result 2
03-19 15:34:55.361 25881 25971 W bt_btm  : QC discoverable result 2, -1813626832
03-19 15:34:55.405   688 25968 I vendor.qti.bluetooth@1.0-ibs_handler: ProcessIbsCmd: Received IBS_SLEEP_IND: 0xFE
03-19 15:34:55.405   688 25968 D vendor.qti.bluetooth@1.0-ibs_handler: SerialClockVote: vote for UART CLK OFF
03-19 15:34:55.426   688 25968 I vendor.qti.bluetooth@1.0-ibs_handler: ProcessIbsCmd: Received IBS_WAKE_IND: 0xFD
03-19 15:34:55.426   688 25968 D vendor.qti.bluetooth@1.0-ibs_handler: SerialClockVote: vote for UART CLK ON
03-19 15:34:55.426   688 25968 I vendor.qti.bluetooth@1.0-ibs_handler: ProcessIbsCmd: Writing IBS_WAKE_ACK
03-19 15:34:55.428 25881 25971 W bt_btm  : QC waiting for scan response
03-19 15:34:55.428 25881 25971 W bt_btm  : QC discoverable result 2
03-19 15:34:55.428 25881 25971 W bt_btm  : QC discoverable result 2, -1813626832
03-19 15:34:55.431 25881 25971 W bt_btm  : QC discoverable result 2
03-19 15:34:55.431 25881 25971 W bt_btm  : QC discoverable result 2, -1813626832
03-19 15:34:55.435 25881 25971 W bt_btm  : QC waiting for scan response
03-19 15:34:55.435 25881 25971 W bt_btm  : QC discoverable result 2
03-19 15:34:55.435 25881 25971 W bt_btm  : QC discoverable result 2, -1813626832
03-19 15:34:55.442 25881 25971 W bt_btm  : QC waiting for scan response
03-19 15:34:55.442 25881 25971 W bt_btm  : QC discoverable result 2
03-19 15:34:55.442 25881 25971 W bt_btm  : QC discoverable result 2, -1813626832
03-19 15:34:55.443 25881 25971 W bt_btm  : QC discoverable result 2
03-19 15:34:55.443 25881 25971 W bt_btm  : QC discoverable result 2, -1813626832
03-19 15:34:55.448 25881 25971 W bt_btm  : QC discoverable result 2
03-19 15:34:55.448 25881 25971 W bt_btm  : QC discoverable result 2, -1813626832
03-19 15:34:55.487   688 25968 I vendor.qti.bluetooth@1.0-ibs_handler: ProcessIbsCmd: Received IBS_SLEEP_IND: 0xFE
03-19 15:34:55.487   688 25968 D vendor.qti.bluetooth@1.0-ibs_handler: SerialClockVote: vote for UART CLK OFF
03-19 15:34:55.539   688 25968 I vendor.qti.bluetooth@1.0-ibs_handler: ProcessIbsCmd: Received IBS_WAKE_IND: 0xFD
03-19 15:34:55.539   688 25968 D vendor.qti.bluetooth@1.0-ibs_handler: SerialClockVote: vote for UART CLK ON
03-19 15:34:55.539   688 25968 I vendor.qti.bluetooth@1.0-ibs_handler: ProcessIbsCmd: Writing IBS_WAKE_ACK
03-19 15:34:55.540 25881 25971 W bt_btm  : QC discoverable result 2
03-19 15:34:55.540 25881 25971 W bt_btm  : QC discoverable result 2, -1813626832
03-19 15:34:55.542 25881 25971 W bt_btm  : QC discoverable result 2
03-19 15:34:55.542 25881 25971 W bt_btm  : QC discoverable result 2, -1813626832
03-19 15:34:55.552 25881 25971 W bt_btm  : QC discoverable result 2
03-19 15:34:55.552 25881 25971 W bt_btm  : QC discoverable result 2, -1813626832
03-19 15:34:55.554 25881 25971 W bt_btm  : QC discoverable result 2
03-19 15:34:55.554 25881 25971 W bt_btm  : QC discoverable result 2, -1813626832
03-19 15:34:55.568 25881 25971 W bt_btm  : QC waiting for scan response
03-19 15:34:55.568 25881 25971 W bt_btm  : QC discoverable result 2
03-19 15:34:55.568 25881 25971 W bt_btm  : QC discoverable result 2, -1813626832
03-19 15:34:55.569 25881 25971 W bt_btm  : QC discoverable result 2
03-19 15:34:55.569 25881 25971 W bt_btm  : QC discoverable result 2, -1813626832
03-19 15:34:55.571 25881 25971 W bt_btm  : QC discoverable result 2
03-19 15:34:55.571 25881 25971 W bt_btm  : QC discoverable result 2, -1813626832
03-19 15:34:55.593 25881 25971 W bt_btm  : QC waiting for scan response
03-19 15:34:55.593 25881 25971 W bt_btm  : QC waiting for scan response
03-19 15:34:55.593 25881 25971 W bt_btm  : QC discoverable result 2
03-19 15:34:55.593 25881 25971 W bt_btm  : QC discoverable result 2, -1813626832
03-19 15:34:55.633   688 25968 I vendor.qti.bluetooth@1.0-ibs_handler: ProcessIbsCmd: Received IBS_SLEEP_IND: 0xFE
03-19 15:34:55.633   688 25968 D vendor.qti.bluetooth@1.0-ibs_handler: SerialClockVote: vote for UART CLK OFF
03-19 15:34:55.644   688 25968 I vendor.qti.bluetooth@1.0-ibs_handler: ProcessIbsCmd: Received IBS_WAKE_IND: 0xFD
03-19 15:34:55.644   688 25968 D vendor.qti.bluetooth@1.0-ibs_handler: SerialClockVote: vote for UART CLK ON
03-19 15:34:55.644   688 25968 I vendor.qti.bluetooth@1.0-ibs_handler: ProcessIbsCmd: Writing IBS_WAKE_ACK
03-19 15:34:55.646 25881 25971 W bt_btm  : QC discoverable result 2
03-19 15:34:55.646 25881 25971 W bt_btm  : QC discoverable result 2, -1813626832
03-19 15:34:55.653 25881 25971 W bt_btm  : QC discoverable result 2
03-19 15:34:55.653 25881 25971 W bt_btm  : QC discoverable result 2, -1813626832
03-19 15:34:55.654 25881 25971 W bt_btm  : QC discoverable result 2
03-19 15:34:55.654 25881 25971 W bt_btm  : QC discoverable result 2, -1813626832
03-19 15:34:55.679 25881 25971 W bt_btm  : QC discoverable result 2
03-19 15:34:55.679 25881 25971 W bt_btm  : QC discoverable result 2, -1813626832
03-19 15:34:55.687 25881 25971 W bt_btm  : QC waiting for scan response
03-19 15:34:55.687 25881 25971 W bt_btm  : QC discoverable result 2
03-19 15:34:55.687 25881 25971 W bt_btm  : QC discoverable result 2, -1813626832
03-19 15:34:55.700 25881 25971 W bt_btm  : QC waiting for scan response
03-19 15:34:55.701 25881 25971 W bt_btm  : QC waiting for scan response
03-19 15:34:55.701 25881 25971 W bt_btm  : QC discoverable result 2
03-19 15:34:55.701 25881 25971 W bt_btm  : QC discoverable result 2, -1813626832
03-19 15:34:55.709 25881 25971 W bt_btm  : QC waiting for scan response
03-19 15:34:55.710 25881 25971 W bt_btm  : QC discoverable result 2
03-19 15:34:55.710 25881 25971 W bt_btm  : QC discoverable result 2, -1813626832
03-19 15:34:55.748   688 25968 I vendor.qti.bluetooth@1.0-ibs_handler: ProcessIbsCmd: Received IBS_SLEEP_IND: 0xFE
03-19 15:34:55.748   688 25968 D vendor.qti.bluetooth@1.0-ibs_handler: SerialClockVote: vote for UART CLK OFF
03-19 15:34:55.749   688 25968 I vendor.qti.bluetooth@1.0-ibs_handler: ProcessIbsCmd: Received IBS_WAKE_IND: 0xFD
03-19 15:34:55.749   688 25968 D vendor.qti.bluetooth@1.0-ibs_handler: SerialClockVote: vote for UART CLK ON
03-19 15:34:55.749   688 25968 I vendor.qti.bluetooth@1.0-ibs_handler: ProcessIbsCmd: Writing IBS_WAKE_ACK
03-19 15:34:55.750 25881 25971 W bt_btm  : QC waiting for scan response
03-19 15:34:55.751 25881 25971 W bt_btm  : QC discoverable result 2
03-19 15:34:55.751 25881 25971 W bt_btm  : QC discoverable result 2, -1813626832
03-19 15:34:55.751 25881 25971 W bt_btm  : QC discoverable result 2
03-19 15:34:55.751 25881 25971 W bt_btm  : QC discoverable result 2, -1813626832
03-19 15:34:55.755 25881 25971 W bt_btm  : QC discoverable result 2
03-19 15:34:55.755 25881 25971 W bt_btm  : QC discoverable result 2, -1813626832
03-19 15:34:55.757 25881 25971 W bt_btm  : QC discoverable result 2
03-19 15:34:55.757 25881 25971 W bt_btm  : QC discoverable result 2, -1813626832
03-19 15:34:55.777 25881 25971 W bt_btm  : QC waiting for scan response
03-19 15:34:55.778 25881 25971 W bt_btm  : QC discoverable result 2
03-19 15:34:55.778 25881 25971 W bt_btm  : QC discoverable result 2, -1813626832
03-19 15:34:55.781 25881 25971 W bt_btm  : QC discoverable result 2
03-19 15:34:55.781 25881 25971 W bt_btm  : QC discoverable result 2, -1813626832
03-19 15:34:55.783 25881 25971 W bt_btm  : QC discoverable result 2
03-19 15:34:55.783 25881 25971 W bt_btm  : QC discoverable result 2, -1813626832
03-19 15:34:55.793 25881 25971 W bt_btm  : QC waiting for scan response
03-19 15:34:55.793 25881 25971 W bt_btm  : QC discoverable result 2
03-19 15:34:55.793 25881 25971 W bt_btm  : QC discoverable result 2, -1813626832
03-19 15:34:55.823 25881 25971 W bt_btm  : QC waiting for scan response
03-19 15:34:55.824 25881 25971 W bt_btm  : QC waiting for scan response
03-19 15:34:55.824 25881 25971 W bt_btm  : QC discoverable result 2
03-19 15:34:55.824 25881 25971 W bt_btm  : QC discoverable result 2, -1813626832
03-19 15:34:55.826 25881 25971 W bt_btm  : QC waiting for scan response
03-19 15:34:55.826 25881 25971 W bt_btm  : QC discoverable result 2
03-19 15:34:55.826 25881 25971 W bt_btm  : QC discoverable result 2, -1813626832
03-19 15:34:55.828 25881 25971 W bt_btm  : QC discoverable result 2
03-19 15:34:55.828 25881 25971 W bt_btm  : QC discoverable result 2, -1813626832
03-19 15:34:55.840 25881 25903 D BluetoothRemoteDevices: Property type: 1
03-19 15:34:55.840 25881 25903 W BluetoothRemoteDevices: Skip name update for D6:7E:57:D2:22:27
03-19 15:34:55.840 25881 25903 D BluetoothRemoteDevices: Property type: 4
03-19 15:34:55.840 25881 25903 W BluetoothRemoteDevices: Skip class update for D6:7E:57:D2:22:27
03-19 15:34:55.840 25881 25903 D BluetoothRemoteDevices: Property type: 5
03-19 15:34:55.862 25881 25971 W bt_btm  : QC discoverable result 2
03-19 15:34:55.862 25881 25971 W bt_btm  : QC discoverable result 2, -1813626832
03-19 15:34:55.863 25881 25971 W bt_btm  : QC waiting for scan response
03-19 15:34:55.863 25881 25971 W bt_btm  : QC discoverable result 2
03-19 15:34:55.863 25881 25971 W bt_btm  : QC discoverable result 2, -1813626832
03-19 15:34:55.871 25881 25971 W bt_btm  : QC waiting for scan response
03-19 15:34:55.872 25881 25971 W bt_btm  : QC waiting for scan response
03-19 15:34:55.872 25881 25971 W bt_btm  : QC discoverable result 2
03-19 15:34:55.872 25881 25971 W bt_btm  : QC discoverable result 2, -1813626832
03-19 15:34:55.911   688 25968 I vendor.qti.bluetooth@1.0-ibs_handler: ProcessIbsCmd: Received IBS_SLEEP_IND: 0xFE
03-19 15:34:55.911   688 25968 D vendor.qti.bluetooth@1.0-ibs_handler: SerialClockVote: vote for UART CLK OFF
03-19 15:34:55.921   688 25968 I vendor.qti.bluetooth@1.0-ibs_handler: ProcessIbsCmd: Received IBS_WAKE_IND: 0xFD
03-19 15:34:55.921   688 25968 D vendor.qti.bluetooth@1.0-ibs_handler: SerialClockVote: vote for UART CLK ON
03-19 15:34:55.922   688 25968 I vendor.qti.bluetooth@1.0-ibs_handler: ProcessIbsCmd: Writing IBS_WAKE_ACK
03-19 15:34:55.923 25881 25971 W bt_btm  : QC waiting for scan response
03-19 15:34:55.923 25881 25971 W bt_btm  : QC discoverable result 2
03-19 15:34:55.923 25881 25971 W bt_btm  : QC discoverable result 2, -1813626832
03-19 15:34:55.955 25881 25971 W bt_btm  : QC discoverable result 2
03-19 15:34:55.955 25881 25971 W bt_btm  : QC discoverable result 2, -1813626832
03-19 15:34:55.960 25881 25971 W bt_btm  : QC discoverable result 2
03-19 15:34:55.960 25881 25971 W bt_btm  : QC discoverable result 2, -1813626832
03-19 15:34:55.970 25881 25971 W bt_btm  : QC discoverable result 2
03-19 15:34:55.970 25881 25971 W bt_btm  : QC discoverable result 2, -1813626832
03-19 15:34:55.971 25881 25971 W bt_btm  : QC discoverable result 2
03-19 15:34:55.971 25881 25971 W bt_btm  : QC discoverable result 2, -1813626832
03-19 15:34:55.973 25881 25971 W bt_btm  : QC waiting for scan response
03-19 15:34:55.973 25881 25971 W bt_btm  : QC discoverable result 2
03-19 15:34:55.973 25881 25971 W bt_btm  : QC discoverable result 2, -1813626832
03-19 15:34:55.978 25881 25971 W bt_btm  : QC waiting for scan response
03-19 15:34:55.978 25881 25971 W bt_btm  : QC discoverable result 2
03-19 15:34:55.979 25881 25971 W bt_btm  : QC discoverable result 2, -1813626832
03-19 15:34:55.986 25881 25971 W bt_btm  : QC waiting for scan response
03-19 15:34:55.991 25881 25971 W bt_btm  : QC waiting for scan response
03-19 15:34:55.991 25881 25971 W bt_btm  : QC discoverable result 2
03-19 15:34:55.991 25881 25971 W bt_btm  : QC discoverable result 2, -1813626832
03-19 15:34:56.024 25881 25971 W bt_btm  : QC discoverable result 2
03-19 15:34:56.024 25881 25971 W bt_btm  : QC discoverable result 2, -1813626832
03-19 15:34:56.052 25881 25971 W bt_btm  : QC waiting for scan response
03-19 15:34:56.052 25881 25971 W bt_btm  : QC waiting for scan response
03-19 15:34:56.052 25881 25971 W bt_btm  : QC discoverable result 2
03-19 15:34:56.052 25881 25971 W bt_btm  : QC discoverable result 2, -1813626832
03-19 15:34:56.054 25881 25971 W bt_btm  : QC waiting for scan response
03-19 15:34:56.054 25881 25971 W bt_btm  : QC discoverable result 2
03-19 15:34:56.054 25881 25971 W bt_btm  : QC discoverable result 2, -1813626832
03-19 15:34:56.060 25881 25971 W bt_btm  : QC discoverable result 2
03-19 15:34:56.060 25881 25971 W bt_btm  : QC discoverable result 2, -1813626832
03-19 15:34:56.073 25881 25971 W bt_btm  : QC discoverable result 2
03-19 15:34:56.073 25881 25971 W bt_btm  : QC discoverable result 2, -1813626832
03-19 15:34:56.092 25881 25971 W bt_btm  : QC discoverable result 2
03-19 15:34:56.092 25881 25971 W bt_btm  : QC discoverable result 2, -1813626832
03-19 15:34:56.097 25881 25971 W bt_btm  : QC discoverable result 2
03-19 15:34:56.097 25881 25971 W bt_btm  : QC discoverable result 2, -1813626832
03-19 15:34:56.100 25881 25971 W bt_btm  : QC discoverable result 2
03-19 15:34:56.100 25881 25971 W bt_btm  : QC discoverable result 2, -1813626832
03-19 15:34:56.111 25881 25971 W bt_btm  : QC waiting for scan response
03-19 15:34:56.111 25881 25971 W bt_btm  : QC discoverable result 2
03-19 15:34:56.111 25881 25971 W bt_btm  : QC discoverable result 2, -1813626832
03-19 15:34:56.135 25881 25971 W bt_btm  : QC waiting for scan response
03-19 15:34:56.135 25881 25971 W bt_btm  : QC discoverable result 2
03-19 15:34:56.135 25881 25971 W bt_btm  : QC discoverable result 2, -1813626832
03-19 15:34:56.146 25881 25971 W bt_btm  : QC waiting for scan response
03-19 15:34:56.146 25881 25971 W bt_btm  : QC discoverable result 2
03-19 15:34:56.146 25881 25971 W bt_btm  : QC discoverable result 2, -1813626832
03-19 15:34:56.163 25881 25971 W bt_btm  : QC discoverable result 2
03-19 15:34:56.163 25881 25971 W bt_btm  : QC discoverable result 2, -1813626832
03-19 15:34:56.176 25881 25971 W bt_btm  : QC waiting for scan response
03-19 15:34:56.176 25881 25971 W bt_btm  : QC discoverable result 2
03-19 15:34:56.176 25881 25971 W bt_btm  : QC discoverable result 2, -1813626832
03-19 15:34:56.201 25881 25971 W bt_btm  : QC discoverable result 2
03-19 15:34:56.201 25881 25971 W bt_btm  : QC discoverable result 2, -1813626832
03-19 15:34:56.204 25881 25971 W bt_btm  : QC discoverable result 2
03-19 15:34:56.204 25881 25971 W bt_btm  : QC discoverable result 2, -1813626832
03-19 15:34:56.231 25881 25971 W bt_btm  : QC waiting for scan response
03-19 15:34:56.232 25881 25971 W bt_btm  : QC discoverable result 2
03-19 15:34:56.232 25881 25971 W bt_btm  : QC discoverable result 2, -1813626832
03-19 15:34:56.238 25881 25971 W bt_btm  : QC waiting for scan response
03-19 15:34:56.238 25881 25971 W bt_btm  : QC discoverable result 2
03-19 15:34:56.238 25881 25971 W bt_btm  : QC discoverable result 2, -1813626832
03-19 15:34:56.242 25881 25971 W bt_btm  : QC waiting for scan response
