--------- beginning of main
03-19 15:34:22.968  1833  1833 D KeyguardIndication: onRefreshBatteryInfo: plugged:true, wasPluggedIn: true, charged:true, level:100, speed:1, last speed:1, visible:false
03-19 15:34:23.083  5219  5219 D Launcher.Workspace: DynamicIcon Workspace update pending, loadTaskFinish = true, isPageInTransition = true, retryCount = 1
03-19 15:34:23.101  5219  5219 D Launcher.Workspace: DynamicIcon Workspace update pending, loadTaskFinish = true, isPageInTransition = true, retryCount = 2
--------- beginning of system
03-19 15:34:23.105   906 10182 I ActivityManager: START u0 {flg=0x10000000 cmp=com.YourCompany.RiseOfXeru/com.epicgames.ue4.SplashActivity} from uid 2000 pid 17107
03-19 15:34:23.115   906 10182 E ANDR-PERF-JNI: com_qualcomm_qtiperformance_native_perf_io_prefetch_start
03-19 15:34:23.116   724   724 E ANDR-IOP: IOP HAL: Received pkg_name = com.YourCompany.RiseOfXeru pid = -1
03-19 15:34:23.116  5219  5219 D Launcher.Workspace: DynamicIcon Workspace update pending, loadTaskFinish = true, isPageInTransition = true, retryCount = 3
03-19 15:34:23.117   906  1411 E OnePlusSmartBoostManager: socket connect
03-19 15:34:23.117   906  1411 E OnePlusSmartBoostManager: cmd: iop_start -1 com.YourCompany.RiseOfXeru /data/app/com.YourCompany.RiseOfXeru-iybXXxTAguew3ZPNAzbs5Q== false length = 107
03-19 15:34:23.117   906  1411 E OnePlusSmartBoostManager: data: [B@eb5ae length = 107
03-19 15:34:23.117   938 17112 E ANDR-RAMBOOST_SERVER: ramboost cmd_len = 107 cmd: iop_start -1 com.YourCompany.RiseOfXeru /data/app/com.YourCompany.RiseOfXeru-iybXXxTAguew3ZPNAzbs5Q== false
03-19 15:34:23.123   906 10182 D ActivityTrigger: activityStartTrigger: Activity is Triggerred in full screen ApplicationInfo{b2d16b com.YourCompany.RiseOfXeru}
03-19 15:34:23.123   906 10182 E ActivityTrigger: activityStartTrigger: not whiteListedcom.YourCompany.RiseOfXeru/com.epicgames.ue4.SplashActivity/1
03-19 15:34:23.123   906 10182 D ActivityTrigger: activityResumeTrigger: The activity in ApplicationInfo{b2d16b com.YourCompany.RiseOfXeru} is now in focus and seems to be in full-screen mode
03-19 15:34:23.123   906 10182 E ActivityTrigger: activityResumeTrigger: not whiteListedcom.YourCompany.RiseOfXeru/com.epicgames.ue4.SplashActivity/1
03-19 15:34:23.123   906 10182 D ActivityTrigger: ActivityTrigger activityPauseTrigger 
03-19 15:34:23.127   724   769 E ANDR-IOP: io prefetch is disabled
03-19 15:34:23.132  5219  5219 D Launcher: onPause# hashcode: 138508437
03-19 15:34:23.132   906 10182 D ActivityTrigger: activityResumeTrigger: The activity in ApplicationInfo{b2d16b com.YourCompany.RiseOfXeru} is now in focus and seems to be in full-screen mode
03-19 15:34:23.132   906 10182 E ActivityTrigger: activityResumeTrigger: not whiteListedcom.YourCompany.RiseOfXeru/com.epicgames.ue4.SplashActivity/1
03-19 15:34:23.132   906  1143 D RestartProcessManager: Update Total Launch Times :com.YourCompany.RiseOfXeru
03-19 15:34:23.133   906  1143 D RestartProcessManager: updateSelf :  com.YourCompany.RiseOfXeru, size : 30
03-19 15:34:23.133   906  1143 D RestartProcessManager: Increase Total Launch Time : com.YourCompany.RiseOfXeru, times : 9, index : 29
03-19 15:34:23.133   906  1143 D RestartProcessManager: Last Running Package : com.YourCompany.RiseOfXeru , start time 1553009663132
03-19 15:34:23.145 17114 17114 I pany.RiseOfXer: Late-enabling -Xcheck:jni
03-19 15:34:23.146   906  1145 I ActivityManager: Start proc 17114:com.YourCompany.RiseOfXeru/u0a276 for activity com.YourCompany.RiseOfXeru/com.epicgames.ue4.SplashActivity
03-19 15:34:23.177   906 10182 D OnePlusSmartBoostManager: writeHotCount com.YourCompany.RiseOfXeru, pid=17114
03-19 15:34:23.186   752 32558 D AudioPolicyService: setRecordSilenced() uid 10276 on silenced 0
03-19 15:34:23.190 17114 17128 I pany.RiseOfXer: The ClassLoaderContext is a special shared library.
03-19 15:34:23.199 17114 17114 I pany.RiseOfXer: The ClassLoaderContext is a special shared library.
03-19 15:34:23.237  1833  1833 D KeyguardAffordanceView: setCircleRadius: 0.0com.android.systemui.statusbar.KeyguardAffordanceView.setCircleRadiusWithoutAnimation:353 com.android.systemui.statusbar.phone.KeyguardAffordanceHelper.updateIcon:450 com.android.systemui.statusbar.phone.KeyguardAffordanceHelper.setTranslation:397 com.android.systemui.statusbar.phone.KeyguardAffordanceHelper.reset:512 com.android.systemui.statusbar.phone.NotificationPanelView.resetViews:657 com.android.systemui.statusbar.phone.PanelBar.collapsePanel:167 com.android.systemui.statusbar.phone.StatusBar.setWindowState:2948 
03-19 15:34:23.238  1833  1833 D LightBarController: onNavigationVisibilityChanged mNavigationLight = false
03-19 15:34:23.248  5219  5219 I RecentsModel: onTaskStackChanged# mTaskChangeId=414
03-19 15:34:23.271   925   957 D         : DpmQmiMgr areAllIfaceActive 
03-19 15:34:23.306 17114 17114 E libsigchain: Warning: Unexpected sigaction action found 0xf3ff7765
03-19 15:34:23.306 17114 17114 I Perf    : Connecting to perf service.
03-19 15:34:23.313  5219  5219 D Launcher.Workspace: DynamicIcon Workspace update pending, loadTaskFinish = true, isPageInTransition = true, retryCount = 0
03-19 15:34:23.313 17114 17114 V Font    : Change font:2
03-19 15:34:23.330  5219  5219 D Launcher.Workspace: DynamicIcon Workspace updateCurrentPageDynamicIconState success
03-19 15:34:23.330   906 17402 I ActivityManager: START u0 {flg=0x10000 cmp=com.YourCompany.RiseOfXeru/com.epicgames.ue4.GameActivity (has extras)} from uid 10276 pid 17114
03-19 15:34:23.335   906 17402 D ActivityTrigger: activityStartTrigger: Activity is Triggerred in full screen ApplicationInfo{551e21a com.YourCompany.RiseOfXeru}
03-19 15:34:23.336   906 17402 E ActivityTrigger: activityStartTrigger: not whiteListedcom.YourCompany.RiseOfXeru/com.epicgames.ue4.GameActivity/1
03-19 15:34:23.336   906 17402 D ActivityTrigger: activityResumeTrigger: The activity in ApplicationInfo{551e21a com.YourCompany.RiseOfXeru} is now in focus and seems to be in full-screen mode
03-19 15:34:23.336   906 17402 E ActivityTrigger: activityResumeTrigger: not whiteListedcom.YourCompany.RiseOfXeru/com.epicgames.ue4.GameActivity/1
03-19 15:34:23.336   906 17402 D ActivityTrigger: ActivityTrigger activityPauseTrigger 
03-19 15:34:23.338   765   765 D SurfaceFlinger: duplicate layer name: changing Letterbox - top to Letterbox - top#1
03-19 15:34:23.339   765   765 D SurfaceFlinger: duplicate layer name: changing Letterbox - bottom to Letterbox - bottom#1
03-19 15:34:23.340   906  1143 D RestartProcessManager: Duration is too short, ignore : 204 in com.YourCompany.RiseOfXeru
03-19 15:34:23.370   906 17402 D ActivityTrigger: activityResumeTrigger: The activity in ApplicationInfo{551e21a com.YourCompany.RiseOfXeru} is now in focus and seems to be in full-screen mode
03-19 15:34:23.370   906 17402 E ActivityTrigger: activityResumeTrigger: not whiteListedcom.YourCompany.RiseOfXeru/com.epicgames.ue4.GameActivity/1
03-19 15:34:23.371   906  1143 D RestartProcessManager: Update Total Launch Times :com.YourCompany.RiseOfXeru
03-19 15:34:23.371   906  1143 D RestartProcessManager: updateSelf :  com.YourCompany.RiseOfXeru, size : 30
03-19 15:34:23.371   906  1143 D RestartProcessManager: Increase Total Launch Time : com.YourCompany.RiseOfXeru, times : 9, index : 29
03-19 15:34:23.371   906  1143 D RestartProcessManager: Last Running Package : com.YourCompany.RiseOfXeru , start time 1553009663371
03-19 15:34:23.376 17114 17114 W ActivityThread: handleWindowVisibility: no activity for token android.os.BinderProxy@70d18ef
03-19 15:34:23.393 17114 17114 W linker  : Warning: "/data/app/com.YourCompany.RiseOfXeru-iybXXxTAguew3ZPNAzbs5Q==/lib/arm/libOVRPlugin.so" has no DT_SONAME (will use libOVRPlugin.so instead) and will not work when the app moves to API level 23 or later (https://android.googlesource.com/platform/bionic/+/master/missing-soname-enforced-for-api-level-23) (allowing for now because this app's target API level is still 14)
03-19 15:34:23.394 17114 17114 D OVRPlugin: JNI_OnLoad
03-19 15:34:23.477 17114 17114 D UE4     : In the JNI_OnLoad function
03-19 15:34:23.478 17114 17114 D UE4     : [JNI] - Failed to determine if app purchasing is enabled!
03-19 15:34:23.479 17114 17114 D UE4     : Path found as '/storage/emulated/0'
03-19 15:34:23.479 17114 17114 D UE4     : Font Path found as '/system/fonts/'
03-19 15:34:23.479 17114 17114 D UE4     : In the JNI_OnLoad function 5
03-19 15:34:23.481  5219  5219 I RecentsModel: onTaskStackChanged# mTaskChangeId=415
03-19 15:34:23.489 17114 17136 D UE4     : Entering native app glue main function
03-19 15:34:23.489 17114 17136 D UE4     : Created event thread
03-19 15:34:23.489 17114 17136 D UE4     : Entered AndroidMain()
03-19 15:34:23.489 17114 17137 D UE4     : Entering event processing thread engine entry point
03-19 15:34:23.489 17114 17137 D UE4     : Prepared looper for event thread
03-19 15:34:23.489 17114 17137 D UE4     : Passed callback initialization
03-19 15:34:23.489 17114 17137 D UE4     : Passed sensor initialization
03-19 15:34:23.489 17114 17136 D UE4     : Controller interface supported
03-19 15:34:23.498 17114 17114 D OpenGLRenderer: Skia GL Pipeline
03-19 15:34:23.516 17114 17114 D PermissionFragment: Creating PlayGamesFragment
03-19 15:34:23.516  1833  1833 D StatusBar: useDarkText:false, lockDarkText:false, useDarkTheme:false
03-19 15:34:23.518   906 17402 I ActivityManager: START u0 {act=android.content.pm.action.REQUEST_PERMISSIONS pkg=com.google.android.packageinstaller cmp=com.google.android.packageinstaller/com.android.packageinstaller.permission.ui.GrantPermissionsActivity (has extras)} from uid 10276 pid 17114
03-19 15:34:23.522   906 17402 D ActivityTrigger: activityStartTrigger: Activity is not Triggerred in full screen ApplicationInfo{cb1fdd3 com.google.android.packageinstaller}
03-19 15:34:23.523   906 17402 D ActivityTrigger: activityResumeTrigger: Activity is not Triggerred in full screen ApplicationInfo{cb1fdd3 com.google.android.packageinstaller}
03-19 15:34:23.523   906 17402 D ActivityTrigger: ActivityTrigger activityPauseTrigger 
03-19 15:34:23.523   906  1143 D RestartProcessManager: Duration is too short, ignore : 152 in com.YourCompany.RiseOfXeru
03-19 15:34:23.526   906 17402 I PackageManager: CameraNotch: isFullAndNotchEnabled() com.YourCompany.RiseOfXeru isFullMode=false mNotchOptionState=false feature=all pid=17114, uid=10276
03-19 15:34:23.528 17114 17114 D UE4     : Vulkan version: 1.1.0
03-19 15:34:23.529 17114 17114 D UE4     : Vulkan level: 0
03-19 15:34:23.530 17114 17114 D UE4     : Found DepthBufferPreference = 0
03-19 15:34:23.530 17114 17114 D UE4     : Found bPackageDataInsideApk = 0
03-19 15:34:23.530 17114 17114 D UE4     : Found ProjectName = RiseOfXeru
03-19 15:34:23.530 17114 17114 D UE4     : Found bHasOBBFiles = 0
03-19 15:34:23.530 17114 17114 D UE4     : Found bVerifyOBBOnStartUp = false
03-19 15:34:23.530 17114 17114 D UE4     : UI hiding set to false
03-19 15:34:23.530 17114 17114 D UE4     : BuildConfiguration set to Development
03-19 15:34:23.530 17114 17114 D UE4     : UseExternalFilesDir set to false
03-19 15:34:23.530 17114 17114 D UE4     : No GearVR mode detected.
03-19 15:34:23.530 17114 17114 D UE4     : APK path: /data/app/com.YourCompany.RiseOfXeru-iybXXxTAguew3ZPNAzbs5Q==/base.apk
03-19 15:34:23.530 17114 17114 D UE4     : OBB in APK: false
03-19 15:34:23.531  5219  5219 D RecyclerViewWrapper: onWindowVisibilityChanged:8
03-19 15:34:23.531 17114 17114 D UE4     : ExternalFilePath found as '/storage/emulated/0/Android/data/com.YourCompany.RiseOfXeru/files'
03-19 15:34:23.531 17114 17114 D UE4     : App is running in Portrait
03-19 15:34:23.531 17114 17114 D UE4     : Android version is 9
03-19 15:34:23.532 17114 17114 D UE4     : Android manufacturer is OnePlus
03-19 15:34:23.532 17114 17114 D UE4     : Android model is ONEPLUS A6003
03-19 15:34:23.532 17114 17114 D UE4     : OS language is set to en_GB
03-19 15:34:23.590 17114 17114 W PopupManager: You have not specified a View to use as content view for popups. Falling back to the Activity content view. Note that this may not work as expected in multi-screen environments
03-19 15:34:23.598  1833  1833 D KeyguardAffordanceView: setCircleRadius: 0.0com.android.systemui.statusbar.KeyguardAffordanceView.setCircleRadiusWithoutAnimation:353 com.android.systemui.statusbar.phone.KeyguardAffordanceHelper.updateIcon:450 com.android.systemui.statusbar.phone.KeyguardAffordanceHelper.setTranslation:397 com.android.systemui.statusbar.phone.KeyguardAffordanceHelper.reset:512 com.android.systemui.statusbar.phone.NotificationPanelView.resetViews:657 com.android.systemui.statusbar.phone.PanelBar.collapsePanel:167 com.android.systemui.statusbar.phone.StatusBar.setWindowState:2948 
03-19 15:34:23.602 17114 17114 D UE4     : ==============> GameActive.onCreate complete!
03-19 15:34:23.606 17114 17114 D UE4     : Creating console command broadcast listener
03-19 15:34:23.606 17114 17137 D UE4     : LogAndroidEvents: EnqueueAppEvent : 9, 0, tid = 17137
03-19 15:34:23.607 17114 17114 D UE4     : ==================================> Inside onStart function in GameActivity
03-19 15:34:23.608 17114 17137 D UE4     : Case APP_CMD_RESUME
03-19 15:34:23.608 17114 17137 D UE4     : LogAndroidEvents: EnqueueAppEvent : 7, 0, tid = 17137
03-19 15:34:23.608 17114 17114 E SensorManager: registerListenerImpl sensorName:BMI160_ACCELEROMETER Accelerometer Non-wakeup,isWakeUpSensor:false,callingApp: com.YourCompany.RiseOfXeru,callingPid:17114,callingUid:10276
03-19 15:34:23.609   704   704 I sensors-hal: batch:132, android.sensor.accelerometer/47, period=20000000, max_latency=0
03-19 15:34:23.610   704   704 I sensors-hal: batch:141, android.sensor.accelerometer/47, period=20000000, max_latency=0 request completed
03-19 15:34:23.610   704   704 I sensors-hal: flush:161, android.sensor.accelerometer/47
03-19 15:34:23.612   704   704 I sensors-hal: flush:167, android.sensor.accelerometer/47 completed
03-19 15:34:23.612 17114 17114 E SensorManager: registerListenerImpl sensorName:ak0991x Magnetometer Non-wakeup,isWakeUpSensor:false,callingApp: com.YourCompany.RiseOfXeru,callingPid:17114,callingUid:10276
03-19 15:34:23.612   704   704 I sensors-hal: batch:132, android.sensor.magnetic_field/19, period=20000000, max_latency=0
03-19 15:34:23.612   704   704 I sensors-hal: batch:141, android.sensor.magnetic_field/19, period=20000000, max_latency=0 request completed
03-19 15:34:23.612   704   704 I sensors-hal: activate:99, android.sensor.magnetic_field/19 en=1
03-19 15:34:23.623   704   704 I sensors-hal: activate:110, android.sensor.magnetic_field/19 en=1 completed
03-19 15:34:23.624 17114 17114 E SensorManager: registerListenerImpl sensorName:BMI160_GYROSCOPE Gyroscope Non-wakeup,isWakeUpSensor:false,callingApp: com.YourCompany.RiseOfXeru,callingPid:17114,callingUid:10276
03-19 15:34:23.624   704  1360 I sensors-hal: batch:132, android.sensor.gyroscope/32, period=20000000, max_latency=0
03-19 15:34:23.624   704  1360 I sensors-hal: batch:141, android.sensor.gyroscope/32, period=20000000, max_latency=0 request completed
03-19 15:34:23.624   704  1360 I sensors-hal: activate:99, android.sensor.gyroscope/32 en=1
03-19 15:34:23.629   704  1360 I sensors-hal: activate:110, android.sensor.gyroscope/32 en=1 completed
03-19 15:34:23.630 17114 17114 D UE4     : App is running in Portrait
03-19 15:34:23.630 17114 17114 D UE4     : ==============> Resuming main init
03-19 15:34:23.631 17114 17136 D UE4     : Final commandline: ../../../RiseOfXeru/RiseOfXeru.uproject  /Game/Game/Maps/MainMenu -Messaging -SessionId=53033BF3480E033757DC8FBA40B22F51 -SessionOwner="samre" -SessionName="Launch On Device" -iterative
03-19 15:34:23.631 17114 17136 D UE4     : Created sync event
03-19 15:34:23.640 17114 17114 D UE4     : ==============> GameActive.onResume complete!
03-19 15:34:23.649 17114 17114 W RenderThread: type=1400 audit(0.0:568118): avc: denied { search } for name="proc" dev="debugfs" ino=16694 scontext=u:r:untrusted_app_25:s0:c512,c768 tcontext=u:object_r:qti_debugfs:s0 tclass=dir permissive=0
03-19 15:34:23.658 17114 17138 I Adreno  : QUALCOMM build                   : f909f5a, Ida6448821d
03-19 15:34:23.658 17114 17138 I Adreno  : Build Date                       : 11/12/18
03-19 15:34:23.658 17114 17138 I Adreno  : OpenGL ES Shader Compiler Version: EV031.25.03.00
03-19 15:34:23.658 17114 17138 I Adreno  : Local Branch                     : 
03-19 15:34:23.658 17114 17138 I Adreno  : Remote Branch                    : refs/tags/AU_LINUX_ANDROID_LA.UM.7.3.R1.08.00.00.423.039
03-19 15:34:23.658 17114 17138 I Adreno  : Remote Branch                    : NONE
03-19 15:34:23.658 17114 17138 I Adreno  : Reconstruct Branch               : NOTHING
03-19 15:34:23.658 17114 17138 I Adreno  : Build Config                     : S P 6.0.3 AArch32
03-19 15:34:23.661 17114 17138 I Adreno  : PFP: 0x016ee170, ME: 0x00000000
03-19 15:34:23.664 17114 17138 I ConfigStore: android::hardware::configstore::V1_0::ISurfaceFlingerConfigs::hasWideColorDisplay retrieved: 1
03-19 15:34:23.664 17114 17138 I ConfigStore: android::hardware::configstore::V1_0::ISurfaceFlingerConfigs::hasHDRDisplay retrieved: 0
03-19 15:34:23.664 17114 17138 I OpenGLRenderer: Initialized EGL, version 1.4
03-19 15:34:23.664 17114 17138 D OpenGLRenderer: Swap behavior 2
03-19 15:34:23.672   765   765 D SurfaceFlinger: duplicate layer name: changing com.YourCompany.RiseOfXeru/com.epicgames.ue4.GameActivity to com.YourCompany.RiseOfXeru/com.epicgames.ue4.GameActivity#1
03-19 15:34:23.672 17114 17136 D UE4     : LogICUInternationalization: Display: ICU TimeZone Detection - Raw Offset: +0:00, Platform Override: ''
03-19 15:34:23.672 17114 17136 D UE4     : 
03-19 15:34:23.674 17114 17136 D UE4     : Testing for Vulkan availability:
03-19 15:34:23.674 17114 17136 D UE4     : Vulkan library detected, checking for available driver
03-19 15:34:23.677 17114 17136 D vulkan  : searching for layers in '/data/app/com.YourCompany.RiseOfXeru-iybXXxTAguew3ZPNAzbs5Q==/lib/arm'
03-19 15:34:23.677 17114 17136 D vulkan  : searching for layers in '/system/fake-libs'
03-19 15:34:23.677 17114 17136 D vulkan  : searching for layers in '/data/app/com.YourCompany.RiseOfXeru-iybXXxTAguew3ZPNAzbs5Q==/base.apk!/lib/armeabi-v7a'
03-19 15:34:23.678 17114 17136 I Adreno  : QUALCOMM build          : f909f5a, Ida6448821d
03-19 15:34:23.678 17114 17136 I Adreno  : Build Date              : 11/12/18
03-19 15:34:23.678 17114 17136 I Adreno  : Shader Compiler Version : EV031.25.03.00
03-19 15:34:23.678 17114 17136 I Adreno  : Local Branch            : 
03-19 15:34:23.678 17114 17136 I Adreno  : Remote Branch           : refs/tags/AU_LINUX_ANDROID_LA.UM.7.3.R1.08.00.00.423.039
03-19 15:34:23.678 17114 17136 I Adreno  : Remote Branch           : NONE
03-19 15:34:23.678 17114 17136 I Adreno  : Reconstruct Branch      : NOTHING
03-19 15:34:23.678 17114 17136 I Adreno  : Build Config                     : S L 6.0.3 AArch32
03-19 15:34:23.679 17114 17136 D UE4     : VulkanRHI is available, Vulkan capable device detected.
03-19 15:34:23.679 17114 17136 D UE4     : EGL Extensions: 
03-19 15:34:23.679 17114 17136 D UE4     : EGL_KHR_get_all_proc_addresses EGL_ANDROID_presentation_time EGL_KHR_swap_buffers_with_damage EGL_ANDROID_get_native_client_buffer EGL_ANDROID_front_buffer_auto_refresh EGL_ANDROID_get_frame_timestamps EGL_EXT_surface_SMPTE2086_metadata EGL_EXT_surface_CTA861_3_metadata EGL_EXT_gl_colorspace_scrgb EGL_EXT_gl_colorspace_scrgb_linear EGL_EXT_gl_colorspace_display_p3_linear EGL_EXT_gl_colorspace_display_p3 EGL_KHR_image EGL_KHR_image_base EGL_EXT_image_gl_colorspace EGL_KHR_lock_surface EGL_KHR_gl_colorspace EGL_KHR_gl_texture_2D_image EGL_KHR_gl_texture_3D_image EGL_KHR_gl_texture_cubemap_image EGL_KHR_gl_renderbuffer_image EGL_KHR_reusable_sync EGL_KHR_fence_sync EGL_KHR_create_context EGL_KHR_surfaceless_context EGL_EXT_create_context_robustness EGL_ANDROID_image_native_buffer EGL_KHR_wait_sync EGL_ANDROID_recordable EGL_KHR_partial_update EGL_EXT_pixel_format_float EGL_KHR_create_context_no_error EGL_KHR_mutable_render_buffer EGL_EXT_yuv_surface EGL_EXT_protected_content EGL_IMG_context_priority EGL_KHR_no_config_context 
03-19 15:34:23.682 17114 17137 D UE4     : Case APP_CMD_INIT_WINDOW
03-19 15:34:23.682 17114 17137 D UE4     : LogAndroidEvents: EnqueueAppEvent : 0, 3544520712, tid = 17137
03-19 15:34:23.683   906   906 D AudioService: Accessibility volume enabled = false
03-19 15:34:23.687 17114 17137 D UE4     : Case APP_CMD_PAUSE
03-19 15:34:23.687 17114 17137 D UE4     : LogAndroidEvents: EnqueueAppEvent : 6, 0, tid = 17137
03-19 15:34:23.687 17114 17114 E SensorManager: unregisterListenerImpl callingApp: com.YourCompany.RiseOfXeru,callingPid:17114,callingUid:10276
03-19 15:34:23.687   704  1360 I sensors-hal: activate:99, android.sensor.magnetic_field/19 en=0
03-19 15:34:23.688   704  1360 I sensors-hal: activate:110, android.sensor.magnetic_field/19 en=0 completed
03-19 15:34:23.688   704  1360 I sensors-hal: activate:99, android.sensor.gyroscope/32 en=0
03-19 15:34:23.689   704  1360 I sensors-hal: activate:110, android.sensor.gyroscope/32 en=0 completed
03-19 15:34:23.689   704  1360 I sensors-hal: batch:132, android.sensor.accelerometer/47, period=200000000, max_latency=0
03-19 15:34:23.704   704  1360 I sensors-hal: batch:141, android.sensor.accelerometer/47, period=200000000, max_latency=0 request completed
03-19 15:34:23.704 17114 17114 D UE4     : ==============> GameActive.onPause complete!
03-19 15:34:23.705   906  7806 D ActivityTrigger: activityResumeTrigger: Activity is not Triggerred in full screen ApplicationInfo{cb1fdd3 com.google.android.packageinstaller}
03-19 15:34:23.705   906  1143 D RestartProcessManager: Update Total Launch Times :com.google.android.packageinstaller
03-19 15:34:23.705   906  1143 D RestartProcessManager: sLastRunningPackage (null) : com.google.android.packageinstaller
03-19 15:34:23.706 15602 15602 W ActivityThread: handleWindowVisibility: no activity for token android.os.BinderProxy@e1bbfe8
03-19 15:34:23.712   752 32558 D AudioPolicyService: setRecordSilenced() uid 10042 on silenced 0
03-19 15:34:23.718   906 10182 D ActivityTrigger: ActivityTrigger activityPauseTrigger 
03-19 15:34:23.722   906 10182 D ActivityTrigger: activityResumeTrigger: The activity in ApplicationInfo{551e21a com.YourCompany.RiseOfXeru} is now in focus and seems to be in full-screen mode
03-19 15:34:23.722   906 10182 E ActivityTrigger: activityResumeTrigger: not whiteListedcom.YourCompany.RiseOfXeru/com.epicgames.ue4.GameActivity/1
03-19 15:34:23.723   906  1143 D RestartProcessManager: Update Total Launch Times :com.YourCompany.RiseOfXeru
03-19 15:34:23.723   906  1143 D RestartProcessManager: updateSelf :  com.YourCompany.RiseOfXeru, size : 30
03-19 15:34:23.723   906  1143 D RestartProcessManager: Increase Total Launch Time : com.YourCompany.RiseOfXeru, times : 9, index : 29
03-19 15:34:23.723   906  1143 D RestartProcessManager: Last Running Package : com.YourCompany.RiseOfXeru , start time 1553009663722
03-19 15:34:23.726 17114 17138 D         : Successfully load libgui-plugin.so, this=0xf1eb3068
03-19 15:34:23.726 17114 17128 D DecorView: onWindowFocusChangedFromViewRoot hasFocus: true, DecorView@da5dd78[GameActivity]
03-19 15:34:23.729  1833  1833 D PhoneStatusBarView: getCompatMode: mode:0 ops:3
03-19 15:34:23.729  1833  1833 I PhoneStatusBarView: isFullAndNotchEnabled() isFullMode=false pkg=com.YourCompany.RiseOfXeru isCameraNotchIgnoreSetting=false, uid=10276
03-19 15:34:23.748 17114 17137 D UE4     : Case APP_CMD_RESUME
03-19 15:34:23.749 17114 17137 D UE4     : LogAndroidEvents: EnqueueAppEvent : 7, 0, tid = 17137
03-19 15:34:23.749 17114 17114 E SensorManager: registerListenerImpl sensorName:BMI160_ACCELEROMETER Accelerometer Non-wakeup,isWakeUpSensor:false,callingApp: com.YourCompany.RiseOfXeru,callingPid:17114,callingUid:10276
03-19 15:34:23.750   704   704 I sensors-hal: batch:132, android.sensor.accelerometer/47, period=20000000, max_latency=0
03-19 15:34:23.751   704   704 I sensors-hal: batch:141, android.sensor.accelerometer/47, period=20000000, max_latency=0 request completed
03-19 15:34:23.751   704   704 I sensors-hal: flush:161, android.sensor.accelerometer/47
03-19 15:34:23.752   704   704 I sensors-hal: flush:167, android.sensor.accelerometer/47 completed
03-19 15:34:23.752 17114 17114 E SensorManager: registerListenerImpl sensorName:ak0991x Magnetometer Non-wakeup,isWakeUpSensor:false,callingApp: com.YourCompany.RiseOfXeru,callingPid:17114,callingUid:10276
03-19 15:34:23.752   704  1360 I sensors-hal: batch:132, android.sensor.magnetic_field/19, period=20000000, max_latency=0
03-19 15:34:23.752   704  1360 I sensors-hal: batch:141, android.sensor.magnetic_field/19, period=20000000, max_latency=0 request completed
03-19 15:34:23.753   704   704 I sensors-hal: activate:99, android.sensor.magnetic_field/19 en=1
03-19 15:34:23.767   704   704 I sensors-hal: activate:110, android.sensor.magnetic_field/19 en=1 completed
03-19 15:34:23.768 17114 17114 E SensorManager: registerListenerImpl sensorName:BMI160_GYROSCOPE Gyroscope Non-wakeup,isWakeUpSensor:false,callingApp: com.YourCompany.RiseOfXeru,callingPid:17114,callingUid:10276
03-19 15:34:23.768   704  1360 I sensors-hal: batch:132, android.sensor.gyroscope/32, period=20000000, max_latency=0
03-19 15:34:23.768   704  1360 I sensors-hal: batch:141, android.sensor.gyroscope/32, period=20000000, max_latency=0 request completed
03-19 15:34:23.768   704  1360 I sensors-hal: activate:99, android.sensor.gyroscope/32 en=1
03-19 15:34:23.773   704  1360 I sensors-hal: activate:110, android.sensor.gyroscope/32 en=1 completed
03-19 15:34:23.773 17114 17114 D UE4     : App is running in Portrait
03-19 15:34:23.773 17114 17114 D UE4     : ==============> Resuming main init
03-19 15:34:23.773 17114 17114 D UE4     : ==============> GameActive.onResume complete!
03-19 15:34:23.788 17114 17136 D UE4     : LogStreaming: Display: Took  0.026s to configure plugins.
03-19 15:34:23.788 17114 17136 D UE4     : 
03-19 15:34:23.790   906 17402 D ActivityTrigger: ActivityTrigger activityStopTrigger 
03-19 15:34:23.791 17114 17136 D UE4     : LogOnline: Display: OnlineSubsystemGooglePlayModule::StartupModule()
03-19 15:34:23.791  5219  5219 D Launcher: onStop# hashcode: 138508437
03-19 15:34:23.791 17114 17136 D UE4     : 
03-19 15:34:23.791 17114 17136 D UE4     : LogOnline: Warning: FOnlineSubsystemGooglePlayModule was disabled
03-19 15:34:23.791 17114 17136 D UE4     : 
03-19 15:34:23.792 17114 17136 D UE4     : LogOnline: Warning: FOnlineSubsystemGooglePlayModule was disabled
03-19 15:34:23.792 17114 17136 D UE4     : 
03-19 15:34:23.793 17114 17136 D UE4     : LogStreaming: Display: Took  0.001s to delete old logs.
03-19 15:34:23.793 17114 17136 D UE4     : 
03-19 15:34:23.793  5219  5219 D StateManager: gotoState# fromState=NORMAL, toState=NORMAL
03-19 15:34:23.793  5219  5219 D Launcher: onSaveInstanceState# hashcode: 138508437
03-19 15:34:23.821 17114 17136 D UE4     : LogStreaming: Display: Async Loading initialized: Event Driven Loader: true, Async Loading Thread: false
03-19 15:34:23.821 17114 17136 D UE4     : 
03-19 15:34:23.828  5219  5219 I RecentsModel: onTaskStackChanged# mTaskChangeId=416
03-19 15:34:23.836 17114 17136 D UE4     : FAndroidGPUInfo
03-19 15:34:23.836 17114 17136 D UE4     : AndroidEGL::InitSurface 1, 1
03-19 15:34:23.837 17114 17136 D UE4     : AndroidEGL::CreateEGLSurface() 0xc96f8720
03-19 15:34:23.837 17114 17136 D UE4     : AndroidEGL::CreateEGLSurface(1), auxSurface = eglCreatePbufferSurface(), 8x8
03-19 15:34:23.837 17114 17136 D UE4     : ***** RequestedContentScaleFactor different 1.000000 != -1.000000, not using res cache
03-19 15:34:23.837 17114 17136 D UE4     : ***** Window different, not using res cache
03-19 15:34:23.837 17114 17136 D UE4     : ***** WindowWidth is -1, not using res cache
03-19 15:34:23.884  1833  1833 E ndroid.systemu: Invalid ID 0x00000000.
03-19 15:34:23.899   765  1160 W SurfaceFlinger: Attempting to set client state on removed layer: Splash Screen com.YourCompany.RiseOfXeru#0
03-19 15:34:23.900   765  1160 W SurfaceFlinger: Attempting to destroy on removed layer: Splash Screen com.YourCompany.RiseOfXeru#0
03-19 15:34:23.935 17114 17136 D UE4     : LogStreaming: Display: Took  0.065s to EndInitTextLocalization.
03-19 15:34:23.935 17114 17136 D UE4     : 
03-19 15:34:23.945 17114 17136 D UE4     : ***** RequestedContentScaleFactor different 0.800000 != 1.000000, not using res cache
03-19 15:34:23.946 17114 17136 D UE4     : VulkanRHI will NOT be used:
03-19 15:34:23.946 17114 17136 D UE4     :  ** Vulkan support is disabled in config.
03-19 15:34:23.946 17114 17136 D UE4     : OpenGL ES will be used.
03-19 15:34:23.946 17114 17136 D UE4     : FPlatformOpenGLDevice:Init
03-19 15:34:23.946 17114 17136 D UE4     : AndroidEGL::InitSurface 0, 1
03-19 15:34:23.947 17114 17136 D UE4     : [JAVA] - SetDesiredViewSize width=528 and height=1024
03-19 15:34:23.947 17114 17136 D UE4     : AndroidEGL::CreateEGLSurface() Already initialized: 0xc96f8720
03-19 15:34:23.954 17114 17136 D UE4     : LogRHI: Display: Testing for shader compiler compatibility
03-19 15:34:23.954 17114 17136 D UE4     : 
03-19 15:34:23.955 17114 17136 D UE4     : LogRHI: Display: Shaders compile fine no need to enable hacks
03-19 15:34:23.955 17114 17136 D UE4     : 
03-19 15:34:23.955 17114 17136 D UE4     : LogRHI: Display: Testing for round() function availability
03-19 15:34:23.955 17114 17136 D UE4     : 
03-19 15:34:23.955 17114 17136 D UE4     : LogRHI: Warning: Disabling the need for the round() function hack
03-19 15:34:23.955 17114 17136 D UE4     : 
03-19 15:34:24.224   906   906 V SettingsProvider: Notifying for 0: content://settings/system/game_mode_status_auto
03-19 15:34:24.225   906   906 V SettingsProvider: Notifying for 0: content://settings/system/rading_mode_status_auto
03-19 15:34:24.225   906   906 I OIMC    : notified , mode GameMode changeTo 2
03-19 15:34:24.225   906  1431 I OIMC    : The mode: GameMode is not entered
03-19 15:34:24.226   906   906 I OIMC    : notified , mode ReadMode changeTo 2
03-19 15:34:24.226   906  1431 I OIMC    : The mode: ReadMode is not entered
03-19 15:34:24.226   906   906 V SettingsProvider: Notifying for 0: content://settings/system/game_mode_status_auto
03-19 15:34:24.226   906   906 V SettingsProvider: Notifying for 0: content://settings/system/rading_mode_status_auto
03-19 15:34:24.453 17114 17136 I MediaPlayer: constructor
03-19 15:34:24.460 17114 17136 D UE4     : [2019.03.19-15.34.24:460][  0]LogAndroid: Display: Android Version Make Model Language: 9 OnePlus ONEPLUS A6003 en_GB
03-19 15:34:24.460 17114 17136 D UE4     : [2019.03.19-15.34.24:460][  0]LogAndroid: Case APP_CMD_START
03-19 15:34:24.460 17114 17136 D UE4     : [2019.03.19-15.34.24:460][  0]LogAndroid: Case APP_CMD_RESUME
03-19 15:34:24.460 17114 17136 D UE4     : [2019.03.19-15.34.24:460][  0]LogInit: Display: Running engine for game: RiseOfXeru
03-19 15:34:24.460 17114 17136 D UE4     : [2019.03.19-15.34.24:460][  0]LogInit: Display: RandInit(1029007607) SRandInit(1029007607).
03-19 15:34:24.460 17114 17136 D UE4     : [2019.03.19-15.34.24:460][  0]LogTaskGraph: Started task graph with 5 named threads and 9 total threads with 1 sets of task threads.
03-19 15:34:24.460 17114 17136 D UE4     : [2019.03.19-15.34.24:460][  0]LogStats: Stats thread started at 0.222490
03-19 15:34:24.460 17114 17136 D UE4     : [2019.03.19-15.34.24:460][  0]LogAndroid: Case APP_CMD_INPUT_CHANGED
03-19 15:34:24.460 17114 17136 D UE4     : [2019.03.19-15.34.24:460][  0]LogICUInternationalization: Display: ICU TimeZone Detection - Raw Offset: +0:00, Platform Override: ''
03-19 15:34:24.460 17114 17136 D UE4     : [2019.03.19-15.34.24:460][  0]LogAndroid: Case APP_CMD_INIT_WINDOW
03-19 15:34:24.460 17114 17136 D UE4     : [2019.03.19-15.34.24:460][  0]LogAndroid: Case APP_CMD_PAUSE
03-19 15:34:24.460 17114 17136 D UE4     : [2019.03.19-15.34.24:460][  0]LogAndroid: Case APP_CMD_RESUME
03-19 15:34:24.460 17114 17136 D UE4     : [2019.03.19-15.34.24:460][  0]LogPluginManager: Mounting plugin AndroidMedia
03-19 15:34:24.461 17114 17136 D UE4     : [2019.03.19-15.34.24:461][  0]LogPluginManager: Mounting plugin LinearTimecode
03-19 15:34:24.461 17114 17136 D UE4     : [2019.03.19-15.34.24:461][  0]LogPluginManager: Mounting plugin ImgMedia
03-19 15:34:24.461 17114 17136 D UE4     : [2019.03.19-15.34.24:461][  0]LogPluginManager: Mounting plugin MediaCompositing
03-19 15:34:24.461 17114 17136 D UE4     : [2019.03.19-15.34.24:461][  0]LogPluginManager: Mounting plugin Paper2D
03-19 15:34:24.461 17114 17136 D UE4     : [2019.03.19-15.34.24:461][  0]LogPluginManager: Mounting plugin LiveLink
03-19 15:34:24.461 17114 17136 D UE4     : [2019.03.19-15.34.24:461][  0]LogPluginManager: Mounting plugin DatasmithContent
03-19 15:34:24.461 17114 17136 D UE4     : [2019.03.19-15.34.24:461][  0]LogPluginManager: Mounting plugin CryptoKeys
03-19 15:34:24.461 17114 17136 D UE4     : [2019.03.19-15.34.24:461][  0]LogPluginManager: Mounting plugin FacialAnimation
03-19 15:34:24.461 17114 17136 D UE4     : [2019.03.19-15.34.24:461][  0]LogPluginManager: Mounting plugin OnlineSubsystemUtils
03-19 15:34:24.461 17114 17136 D UE4     : [2019.03.19-15.34.24:461][  0]LogPluginManager: Mounting plugin OnlineSubsystemNull
03-19 15:34:24.461 17114 17136 D UE4     : [2019.03.19-15.34.24:461][  0]LogPluginManager: Mounting plugin OnlineSubsystemGooglePlay
03-19 15:34:24.461 17114 17136 D UE4     : [2019.03.19-15.34.24:461][  0]LogPluginManager: Mounting plugin OnlineSubsystem
03-19 15:34:24.461 17114 17136 D UE4     : [2019.03.19-15.34.24:461][  0]LogPluginManager: Mounting plugin CharacterAI
03-19 15:34:24.461 17114 17136 D UE4     : [2019.03.19-15.34.24:461][  0]LogPluginManager: Mounting plugin AndroidDeviceProfileSelector
03-19 15:34:24.461 17114 17136 D UE4     : [2019.03.19-15.34.24:461][  0]LogPluginManager: Mounting plugin AndroidPermission
03-19 15:34:24.461 17114 17136 D UE4     : [2019.03.19-15.34.24:461][  0]LogPluginManager: Mounting plugin PhysXVehicles
03-19 15:34:24.461 17114 17136 D UE4     : [2019.03.19-15.34.24:461][  0]LogPluginManager: Mounting plugin ArchVisCharacter
03-19 15:34:24.461 17114 17136 D UE4     : [2019.03.19-15.34.24:461][  0]LogPluginManager: Mounting plugin OculusVR
03-19 15:34:24.461 17114 17136 D UE4     : [2019.03.19-15.34.24:461][  0]LogPluginManager: Mounting plugin CustomMeshComponent
03-19 15:34:24.461 17114 17136 D UE4     : [2019.03.19-15.34.24:461][  0]LogPluginManager: Mounting plugin AndroidMoviePlayer
03-19 15:34:24.462 17114 17136 D UE4     : [2019.03.19-15.34.24:461][  0]LogPluginManager: Mounting plugin MobilePatchingUtils
03-19 15:34:24.462 17114 17136 D UE4     : [2019.03.19-15.34.24:462][  0]LogPluginManager: Mounting plugin ExampleDeviceProfileSelector
03-19 15:34:24.462 17114 17136 D UE4     : [2019.03.19-15.34.24:462][  0]LogPluginManager: Mounting plugin AppleARKit
03-19 15:34:24.462 17114 17136 D UE4     : [2019.03.19-15.34.24:462][  0]LogPluginManager: Mounting plugin GoogleCloudMessaging
03-19 15:34:24.462 17114 17136 D UE4     : [2019.03.19-15.34.24:462][  0]LogPluginManager: Mounting plugin ImmediatePhysics
03-19 15:34:24.462 17114 17136 D UE4     : [2019.03.19-15.34.24:462][  0]LogPluginManager: Mounting plugin RuntimePhysXCooking
03-19 15:34:24.462 17114 17136 D UE4     : [2019.03.19-15.34.24:462][  0]LogPluginManager: Mounting plugin SteamVR
03-19 15:34:24.462 17114 17136 D UE4     : [2019.03.19-15.34.24:462][  0]LogPluginManager: Mounting plugin ProceduralMeshComponent
03-19 15:34:24.462 17114 17136 D UE4     : [2019.03.19-15.34.24:462][  0]LogPluginManager: Mounting plugin LocationServicesBPLibrary
03-19 15:34:24.462 17114 17136 D UE4     : [2019.03.19-15.34.24:462][  0]LogPluginManager: Mounting plugin CableComponent
03-19 15:34:24.462 17114 17136 D UE4     : [2019.03.19-15.34.24:462][  0]LogPluginManager: Mounting plugin LightPropagationVolume
03-19 15:34:24.462 17114 17136 D UE4     : [2019.03.19-15.34.24:462][  0]LogPluginManager: Mounting plugin ActorSequence
03-19 15:34:24.462 17114 17136 D UE4     : [2019.03.19-15.34.24:462][  0]LogPluginManager: Mounting plugin UdpMessaging
03-19 15:34:24.462 17114 17136 D UE4     : [2019.03.19-15.34.24:462][  0]LogPluginManager: Mounting plugin TcpMessaging
03-19 15:34:24.462 17114 17136 D UE4     : [2019.03.19-15.34.24:462][  0]LogStreaming: Display: Took  0.026s to configure plugins.
03-19 15:34:24.462 17114 17136 D UE4     : [2019.03.19-15.34.24:462][  0]LogInit: Using libcurl 7.46.0
03-19 15:34:24.462 17114 17136 D UE4     : [2019.03.19-15.34.24:462][  0]LogInit:  - built for arm-unknown-linux-androideabi
03-19 15:34:24.462 17114 17136 D UE4     : [2019.03.19-15.34.24:462][  0]LogInit:  - supports SSL with OpenSSL/1.0.1s
03-19 15:34:24.462 17114 17136 D UE4     : [2019.03.19-15.34.24:462][  0]LogInit:  - supports HTTP deflate (compression) using libz 1.2.11
03-19 15:34:24.462 17114 17136 D UE4     : [2019.03.19-15.34.24:462][  0]LogInit:  - other features:
03-19 15:34:24.462 17114 17136 D UE4     : [2019.03.19-15.34.24:462][  0]LogInit:      CURL_VERSION_SSL
03-19 15:34:24.462 17114 17136 D UE4     : [2019.03.19-15.34.24:462][  0]LogInit:      CURL_VERSION_LIBZ
03-19 15:34:24.462 17114 17136 D UE4     : [2019.03.19-15.34.24:462][  0]LogInit:      CURL_VERSION_IPV6
03-19 15:34:24.463 17114 17136 D UE4     : [2019.03.19-15.34.24:462][  0]LogInit:      CURL_VERSION_ASYNCHDNS
03-19 15:34:24.463 17114 17136 D UE4     : [2019.03.19-15.34.24:463][  0]LogInit:      CURL_VERSION_TLSAUTH_SRP
03-19 15:34:24.463 17114 17136 D UE4     : [2019.03.19-15.34.24:463][  0]LogInit:  Libcurl: using existing PEM file: '/storage/emulated/0/Android/data/com.YourCompany.RiseOfXeru/files/ca-bundle.pem'
03-19 15:34:24.463 17114 17136 D UE4     : [2019.03.19-15.34.24:463][  0]LogInit:  CurlRequestOptions (configurable via config and command line):
03-19 15:34:24.463 17114 17136 D UE4     : [2019.03.19-15.34.24:463][  0]LogInit:  - bVerifyPeer = true  - Libcurl will verify peer certificate
03-19 15:34:24.463 17114 17136 D UE4     : [2019.03.19-15.34.24:463][  0]LogInit:  - bUseHttpProxy = false  - Libcurl will NOT use HTTP proxy
03-19 15:34:24.463 17114 17136 D UE4     : [2019.03.19-15.34.24:463][  0]LogInit:  - bDontReuseConnections = false  - Libcurl will reuse connections
03-19 15:34:24.463 17114 17136 D UE4     : [2019.03.19-15.34.24:463][  0]LogInit:  - CertBundlePath = /storage/emulated/0/Android/data/com.YourCompany.RiseOfXeru/files/ca-bundle.pem  - Libcurl will set CURLOPT_CAINFO to it
03-19 15:34:24.463 17114 17136 D UE4     : [2019.03.19-15.34.24:463][  0]LogInit:  - MaxHostConnections = 16  - Libcurl will limit the number of connections to a host
03-19 15:34:24.463 17114 17136 D UE4     : [2019.03.19-15.34.24:463][  0]LogInit:  - LocalHostAddr = Default
03-19 15:34:24.463 17114 17136 D UE4     : [2019.03.19-15.34.24:463][  0]LogOnline: Display: OnlineSubsystemGooglePlayModule::StartupModule()
03-19 15:34:24.463 17114 17136 D UE4     : [2019.03.19-15.34.24:463][  0]LogOnline: Warning: FOnlineSubsystemGooglePlayModule was disabled
03-19 15:34:24.463 17114 17136 D UE4     : [2019.03.19-15.34.24:463][  0]LogOnline: Warning: FOnlineSubsystemGooglePlayModule was disabled
03-19 15:34:24.463 17114 17136 D UE4     : [2019.03.19-15.34.24:463][  0]LogHMD: App is not packaged for Gear VR
03-19 15:34:24.463 17114 17136 D UE4     : [2019.03.19-15.34.24:463][  0]LogInit: Build: ++UE4+Release-4.19-CL-4033788
03-19 15:34:24.463 17114 17136 D UE4     : [2019.03.19-15.34.24:463][  0]LogInit: Engine Version: 4.19.2-4033788+++UE4+Release-4.19
03-19 15:34:24.463 17114 17136 D UE4     : [2019.03.19-15.34.24:463][  0]LogInit: Compatible Engine Version: 4.19.0-3944462+++UE4+Release-4.19
03-19 15:34:24.463 17114 17136 D UE4     : [2019.03.19-15.34.24:463][  0]LogInit: Net CL: 3944462
03-19 15:34:24.463 17114 17136 D UE4     : [2019.03.19-15.34.24:463][  0]LogDevObjectVersion: Number of dev versions registered: 18
03-19 15:34:24.463 17114 17136 D UE4     : [2019.03.19-15.34.24:463][  0]LogDevObjectVersion:   Dev-Blueprints (B0D832E4-1F89-4F0D-ACCF-7EB736FD4AA2): 10
03-19 15:34:24.463 17114 17136 D UE4     : [2019.03.19-15.34.24:463][  0]LogDevObjectVersion:   Dev-Build (E1C64328-A22C-4D53-A36C-8E866417BD8C): 0
03-19 15:34:24.463 17114 17136 D UE4     : [2019.03.19-15.34.24:463][  0]LogDevObjectVersion:   Dev-Core (375EC13C-06E4-48FB-B500-84F0262A717E): 2
03-19 15:34:24.463 17114 17136 D UE4     : [2019.03.19-15.34.24:463][  0]LogDevObjectVersion:   Dev-Editor (E4B068ED-F494-42E9-A231-DA0B2E46BB41): 23
03-19 15:34:24.463 17114 17136 D UE4     : [2019.03.19-15.34.24:463][  0]LogDevObjectVersion:   Dev-Framework (CFFC743F-43B0-4480-9391-14DF171D2073): 33
03-19 15:34:24.463 17114 17136 D UE4     : [2019.03.19-15.34.24:463][  0]LogDevObjectVersion:   Dev-Mobile (B02B49B5-BB20-44E9-A304-32B752E40360): 2
03-19 15:34:24.463 17114 17136 D UE4     : [2019.03.19-15.34.24:463][  0]LogDevObjectVersion:   Dev-Networking (A4E4105C-59A1-49B5-A7C5-40C4547EDFEE): 0
03-19 15:34:24.464 17114 17136 D UE4     : [2019.03.19-15.34.24:463][  0]LogDevObjectVersion:   Dev-Online (39C831C9-5AE6-47DC-9A44-9C173E1C8E7C): 0
03-19 15:34:24.464 17114 17136 D UE4     : [2019.03.19-15.34.24:464][  0]LogDevObjectVersion:   Dev-Physics (78F01B33-EBEA-4F98-B9B4-84EACCB95AA2): 0
03-19 15:34:24.464 17114 17136 D UE4     : [2019.03.19-15.34.24:464][  0]LogDevObjectVersion:   Dev-Platform (6631380F-2D4D-43E0-8009-CF276956A95A): 0
03-19 15:34:24.464 17114 17136 D UE4     : [2019.03.19-15.34.24:464][  0]LogDevObjectVersion:   Dev-Rendering (12F88B9F-8875-4AFC-A67C-D90C383ABD29): 25
03-19 15:34:24.464 17114 17136 D UE4     : [2019.03.19-15.34.24:464][  0]LogDevObjectVersion:   Dev-Sequencer (7B5AE74C-D270-4C10-A958-57980B212A5A): 6
03-19 15:34:24.464 17114 17136 D UE4     : [2019.03.19-15.34.24:464][  0]LogDevObjectVersion:   Dev-VR (D7296918-1DD6-4BDD-9DE2-64A83CC13884): 1
03-19 15:34:24.464 17114 17136 D UE4     : [2019.03.19-15.34.24:464][  0]LogDevObjectVersion:   Dev-LoadTimes (C2A15278-BFE7-4AFE-6C17-90FF531DF755): 1
03-19 15:34:24.464 17114 17136 D UE4     : [2019.03.19-15.34.24:464][  0]LogDevObjectVersion:   Private-Geometry (6EACA3D4-40EC-4CC1-B786-8BED09428FC5): 2
03-19 15:34:24.464 17114 17136 D UE4     : [2019.03.19-15.34.24:464][  0]LogDevObjectVersion:   Dev-AnimPhys (29E575DD-E0A3-4627-9D10-D276232CDCEA): 16
03-19 15:34:24.464 17114 17136 D UE4     : [2019.03.19-15.34.24:464][  0]LogDevObjectVersion:   Dev-ReflectionCapture (6B266CEC-1EC7-4B8F-A30B-E4D90942FC07): 1
03-19 15:34:24.464 17114 17136 D UE4     : [2019.03.19-15.34.24:464][  0]LogDevObjectVersion:   Dev-Automation (0DF73D61-A23F-47EA-B727-89E90C41499A): 1
03-19 15:34:24.464 17114 17136 D UE4     : [2019.03.19-15.34.24:464][  0]LogInit: Compiled (32-bit): Apr 27 2018 02:36:18
03-19 15:34:24.464 17114 17136 D UE4     : [2019.03.19-15.34.24:464][  0]LogInit: Compiled with Clang: 3.8.256229 
03-19 15:34:24.464 17114 17136 D UE4     : [2019.03.19-15.34.24:464][  0]LogInit: Build Configuration: Development
03-19 15:34:24.464 17114 17136 D UE4     : [2019.03.19-15.34.24:464][  0]LogInit: Branch Name: ++UE4+Release-4.19
03-19 15:34:24.464 17114 17136 D UE4     : [2019.03.19-15.34.24:464][  0]LogInit: Command Line:   /Game/Game/Maps/MainMenu -Messaging -SessionId=53033BF3480E033757DC8FBA40B22F51 -SessionOwner="samre" -SessionName="Launch On Device" -iterative
03-19 15:34:24.464 17114 17136 D UE4     : [2019.03.19-15.34.24:464][  0]LogInit: Base Directory: 
03-19 15:34:24.464 17114 17136 D UE4     : [2019.03.19-15.34.24:464][  0]LogInit: Installed Engine Build: 0
03-19 15:34:24.464 17114 17136 D UE4     : [2019.03.19-15.34.24:464][  0]LogStreaming: Display: Took  0.001s to delete old logs.
03-19 15:34:24.464 17114 17136 D UE4     : [2019.03.19-15.34.24:464][  0]LogInit: Presizing for max 2097152 objects, including 0 objects not considered by GC, pre-allocating 0 bytes for permanent pool.
03-19 15:34:24.464 17114 17136 D UE4     : [2019.03.19-15.34.24:464][  0]LogStreaming: Display: Async Loading initialized: Event Driven Loader: true, Async Loading Thread: false
03-19 15:34:24.464 17114 17136 D UE4     : [2019.03.19-15.34.24:464][  0]LogInit: Object subsystem initialized
03-19 15:34:24.464 17114 17136 D UE4     : [2019.03.19-15.34.24:464][  0]LogAndroid: Mobile HDR: YES
03-19 15:34:24.464 17114 17136 D UE4     : [2019.03.19-15.34.24:464][  0]LogAndroid: Device requires 32BPP mode : no
03-19 15:34:24.465 17114 17136 D UE4     : [2019.03.19-15.34.24:465][  0]LogAndroid: Device requires mosaic: no
03-19 15:34:24.465 17114 17136 D UE4     : [2019.03.19-15.34.24:465][  0]LogAndroid: Setting Width=664 and Height=1280 (requested scale = 1.000000)
03-19 15:34:24.465 17114 17136 D UE4     : [2019.03.19-15.34.24:465][  0]LogAndroid: Checking 26 rules from DeviceProfile ini file.
03-19 15:34:24.465 17114 17136 D UE4     : [2019.03.19-15.34.24:465][  0]LogAndroid:   Default profile: Android_Default
03-19 15:34:24.465 17114 17136 D UE4     : [2019.03.19-15.34.24:465][  0]LogAndroid:   GpuFamily: Adreno (TM) 630
03-19 15:34:24.465 17114 17136 D UE4     : [2019.03.19-15.34.24:465][  0]LogAndroid:   GlVersion: OpenGL ES 3.2 V@324.0 (GIT@f909f5a, Ida6448821d) (Date:11/12/18)
03-19 15:34:24.465 17114 17136 D UE4     : [2019.03.19-15.34.24:465][  0]LogAndroid:   VulkanVersion: 1.1.66
03-19 15:34:24.465 17114 17136 D UE4     : [2019.03.19-15.34.24:465][  0]LogAndroid:   AndroidVersion: 9
03-19 15:34:24.465 17114 17136 D UE4     : [2019.03.19-15.34.24:465][  0]LogAndroid:   DeviceMake: OnePlus
03-19 15:34:24.465 17114 17136 D UE4     : [2019.03.19-15.34.24:465][  0]LogAndroid:   DeviceModel: ONEPLUS A6003
03-19 15:34:24.465 17114 17136 D UE4     : [2019.03.19-15.34.24:465][  0]LogAndroid:   UsingHoudini: false
03-19 15:34:24.465 17114 17136 D UE4     : [2019.03.19-15.34.24:465][  0]LogAndroid: Selected Device Profile: [Android_Mid]
03-19 15:34:24.465 17114 17136 D UE4     : [2019.03.19-15.34.24:465][  0]LogInit: Applying CVar settings loaded from the selected device profile: [Android_Mid]
03-19 15:34:24.465 17114 17136 D UE4     : [2019.03.19-15.34.24:465][  0]LogInit: Setting Device Profile CVar: [[r.BloomQuality:1]]
03-19 15:34:24.465 17114 17136 D UE4     : [2019.03.19-15.34.24:465][  0]LogInit: Setting Device Profile CVar: [[r.MobileContentScaleFactor:0.8]]
03-19 15:34:24.465 17114 17136 D UE4     : [2019.03.19-15.34.24:465][  0]LogInit: Setting Device Profile CVar: [[r.DepthOfFieldQuality:0]]
03-19 15:34:24.465 17114 17136 D UE4     : [2019.03.19-15.34.24:465][  0]LogInit: Setting Device Profile CVar: [[r.LightShaftQuality:0]]
03-19 15:34:24.465 17114 17136 D UE4     : [2019.03.19-15.34.24:465][  0]LogInit: Setting Device Profile CVar: [[r.RefractionQuality:0]]
03-19 15:34:24.465 17114 17136 D UE4     : [2019.03.19-15.34.24:465][  0]LogInit: Setting Device Profile CVar: [[r.ShadowQuality:2]]
03-19 15:34:24.465 17114 17136 D UE4     : [2019.03.19-15.34.24:465][  0]LogInit: Setting Device Profile CVar: [[slate.AbsoluteIndices:1]]
03-19 15:34:24.465 17114 17136 D UE4     : [2019.03.19-15.34.24:465][  0]LogInit: Memory total: Physical=7637.89MB (8GB approx) Available=1967.65MB PageSize=4.0KB
03-19 15:34:24.465 17114 17136 D UE4     : [2019.03.19-15.34.24:465][  0]LogInit: Using OS detected language (en-GB).
03-19 15:34:24.465 17114 17136 D UE4     : [2019.03.19-15.34.24:465][  0]LogInit: Using OS detected locale (en-GB).
03-19 15:34:24.465 17114 17136 D UE4     : [2019.03.19-15.34.24:465][  0]LogTextLocalizationManager: No localization for 'en-GB' exists, so 'en' will be used for the language.
03-19 15:34:24.465 17114 17136 D UE4     : [2019.03.19-15.34.24:465][  0]LogTextLocalizationManager: No localization for 'en-GB' exists, so 'en' will be used for the locale.
03-19 15:34:24.466 17114 17136 D UE4     : [2019.03.19-15.34.24:466][  0]LogStreaming: Display: Took  0.065s to EndInitTextLocalization.
03-19 15:34:24.466 17114 17136 D UE4     : [2019.03.19-15.34.24:466][  0]LogAndroid: Mobile HDR: YES
03-19 15:34:24.466 17114 17136 D UE4     : [2019.03.19-15.34.24:466][  0]LogAndroid: Device requires 32BPP mode : no
03-19 15:34:24.466 17114 17136 D UE4     : [2019.03.19-15.34.24:466][  0]LogAndroid: Device requires mosaic: no
03-19 15:34:24.466 17114 17136 D UE4     : [2019.03.19-15.34.24:466][  0]LogAndroid: Setting Width=528 and Height=1024 (requested scale = 0.800000)
03-19 15:34:24.466 17114 17136 D UE4     : [2019.03.19-15.34.24:466][  0]LogSlate: New Slate User Created.  User Index 0, Is Virtual User: 0
03-19 15:34:24.466 17114 17136 D UE4     : [2019.03.19-15.34.24:466][  0]LogSlate: Slate User Registered.  User Index 0, Is Virtual User: 0
03-19 15:34:24.466 17114 17136 D UE4     : [2019.03.19-15.34.24:466][  0]LogRHI: Initializing OpenGL RHI
03-19 15:34:24.466 17114 17136 D UE4     : [2019.03.19-15.34.24:466][  0]LogRHI:   GL_VENDOR: Qualcomm
03-19 15:34:24.466 17114 17136 D UE4     : [2019.03.19-15.34.24:466][  0]LogRHI:   GL_RENDERER: Adreno (TM) 630
03-19 15:34:24.466 17114 17136 D UE4     : [2019.03.19-15.34.24:466][  0]LogRHI:   GL_VERSION: OpenGL ES 3.2 V@324.0 (GIT@f909f5a, Ida6448821d) (Date:11/12/18)
03-19 15:34:24.466 17114 17136 D UE4     : [2019.03.19-15.34.24:466][  0]LogRHI:   GL_SHADING_LANGUAGE_VERSION: OpenGL ES GLSL ES 3.20
03-19 15:34:24.466 17114 17136 D UE4     : [2019.03.19-15.34.24:466][  0]LogRHI: OpenGL Extensions:
03-19 15:34:24.466 17114 17136 D UE4     : [2019.03.19-15.34.24:466][  0]LogRHI:   GL_OES_EGL_image
03-19 15:34:24.466 17114 17136 D UE4     : [2019.03.19-15.34.24:466][  0]LogRHI:   GL_OES_EGL_image_external
03-19 15:34:24.466 17114 17136 D UE4     : [2019.03.19-15.34.24:466][  0]LogRHI:   GL_OES_EGL_sync
